Archive member included to satisfy reference by file (symbol)

C:/ST/STM32CubeIDE_1.17.0/STM32CubeIDE/plugins/com.st.stm32cube.ide.mcu.externaltools.gnu-tools-for-stm32.12.3.rel1.win32_1.1.0.202410251130/tools/bin/../lib/gcc/arm-none-eabi/12.3.1/../../../../arm-none-eabi/lib/thumb/v7e-m+fp/hard\libc_nano.a(libc_a-exit.o)
                              C:/ST/STM32CubeIDE_1.17.0/STM32CubeIDE/plugins/com.st.stm32cube.ide.mcu.externaltools.gnu-tools-for-stm32.12.3.rel1.win32_1.1.0.202410251130/tools/bin/../lib/gcc/arm-none-eabi/12.3.1/../../../../arm-none-eabi/lib/thumb/v7e-m+fp/hard/crt0.o (exit)
C:/ST/STM32CubeIDE_1.17.0/STM32CubeIDE/plugins/com.st.stm32cube.ide.mcu.externaltools.gnu-tools-for-stm32.12.3.rel1.win32_1.1.0.202410251130/tools/bin/../lib/gcc/arm-none-eabi/12.3.1/../../../../arm-none-eabi/lib/thumb/v7e-m+fp/hard\libc_nano.a(libc_a-findfp.o)
                              C:/ST/STM32CubeIDE_1.17.0/STM32CubeIDE/plugins/com.st.stm32cube.ide.mcu.externaltools.gnu-tools-for-stm32.12.3.rel1.win32_1.1.0.202410251130/tools/bin/../lib/gcc/arm-none-eabi/12.3.1/../../../../arm-none-eabi/lib/thumb/v7e-m+fp/hard\libc_nano.a(libc_a-exit.o) (__stdio_exit_handler)
C:/ST/STM32CubeIDE_1.17.0/STM32CubeIDE/plugins/com.st.stm32cube.ide.mcu.externaltools.gnu-tools-for-stm32.12.3.rel1.win32_1.1.0.202410251130/tools/bin/../lib/gcc/arm-none-eabi/12.3.1/../../../../arm-none-eabi/lib/thumb/v7e-m+fp/hard\libc_nano.a(libc_a-fwalk.o)
                              C:/ST/STM32CubeIDE_1.17.0/STM32CubeIDE/plugins/com.st.stm32cube.ide.mcu.externaltools.gnu-tools-for-stm32.12.3.rel1.win32_1.1.0.202410251130/tools/bin/../lib/gcc/arm-none-eabi/12.3.1/../../../../arm-none-eabi/lib/thumb/v7e-m+fp/hard\libc_nano.a(libc_a-findfp.o) (_fwalk_sglue)
C:/ST/STM32CubeIDE_1.17.0/STM32CubeIDE/plugins/com.st.stm32cube.ide.mcu.externaltools.gnu-tools-for-stm32.12.3.rel1.win32_1.1.0.202410251130/tools/bin/../lib/gcc/arm-none-eabi/12.3.1/../../../../arm-none-eabi/lib/thumb/v7e-m+fp/hard\libc_nano.a(libc_a-stdio.o)
                              C:/ST/STM32CubeIDE_1.17.0/STM32CubeIDE/plugins/com.st.stm32cube.ide.mcu.externaltools.gnu-tools-for-stm32.12.3.rel1.win32_1.1.0.202410251130/tools/bin/../lib/gcc/arm-none-eabi/12.3.1/../../../../arm-none-eabi/lib/thumb/v7e-m+fp/hard\libc_nano.a(libc_a-findfp.o) (__sread)
C:/ST/STM32CubeIDE_1.17.0/STM32CubeIDE/plugins/com.st.stm32cube.ide.mcu.externaltools.gnu-tools-for-stm32.12.3.rel1.win32_1.1.0.202410251130/tools/bin/../lib/gcc/arm-none-eabi/12.3.1/../../../../arm-none-eabi/lib/thumb/v7e-m+fp/hard\libc_nano.a(libc_a-memset.o)
                              C:/ST/STM32CubeIDE_1.17.0/STM32CubeIDE/plugins/com.st.stm32cube.ide.mcu.externaltools.gnu-tools-for-stm32.12.3.rel1.win32_1.1.0.202410251130/tools/bin/../lib/gcc/arm-none-eabi/12.3.1/../../../../arm-none-eabi/lib/thumb/v7e-m+fp/hard/crt0.o (memset)
C:/ST/STM32CubeIDE_1.17.0/STM32CubeIDE/plugins/com.st.stm32cube.ide.mcu.externaltools.gnu-tools-for-stm32.12.3.rel1.win32_1.1.0.202410251130/tools/bin/../lib/gcc/arm-none-eabi/12.3.1/../../../../arm-none-eabi/lib/thumb/v7e-m+fp/hard\libc_nano.a(libc_a-closer.o)
                              C:/ST/STM32CubeIDE_1.17.0/STM32CubeIDE/plugins/com.st.stm32cube.ide.mcu.externaltools.gnu-tools-for-stm32.12.3.rel1.win32_1.1.0.202410251130/tools/bin/../lib/gcc/arm-none-eabi/12.3.1/../../../../arm-none-eabi/lib/thumb/v7e-m+fp/hard\libc_nano.a(libc_a-stdio.o) (_close_r)
C:/ST/STM32CubeIDE_1.17.0/STM32CubeIDE/plugins/com.st.stm32cube.ide.mcu.externaltools.gnu-tools-for-stm32.12.3.rel1.win32_1.1.0.202410251130/tools/bin/../lib/gcc/arm-none-eabi/12.3.1/../../../../arm-none-eabi/lib/thumb/v7e-m+fp/hard\libc_nano.a(libc_a-reent.o)
                              C:/ST/STM32CubeIDE_1.17.0/STM32CubeIDE/plugins/com.st.stm32cube.ide.mcu.externaltools.gnu-tools-for-stm32.12.3.rel1.win32_1.1.0.202410251130/tools/bin/../lib/gcc/arm-none-eabi/12.3.1/../../../../arm-none-eabi/lib/thumb/v7e-m+fp/hard\libc_nano.a(libc_a-closer.o) (errno)
C:/ST/STM32CubeIDE_1.17.0/STM32CubeIDE/plugins/com.st.stm32cube.ide.mcu.externaltools.gnu-tools-for-stm32.12.3.rel1.win32_1.1.0.202410251130/tools/bin/../lib/gcc/arm-none-eabi/12.3.1/../../../../arm-none-eabi/lib/thumb/v7e-m+fp/hard\libc_nano.a(libc_a-impure.o)
                              C:/ST/STM32CubeIDE_1.17.0/STM32CubeIDE/plugins/com.st.stm32cube.ide.mcu.externaltools.gnu-tools-for-stm32.12.3.rel1.win32_1.1.0.202410251130/tools/bin/../lib/gcc/arm-none-eabi/12.3.1/../../../../arm-none-eabi/lib/thumb/v7e-m+fp/hard\libc_nano.a(libc_a-reent.o) (_impure_ptr)
C:/ST/STM32CubeIDE_1.17.0/STM32CubeIDE/plugins/com.st.stm32cube.ide.mcu.externaltools.gnu-tools-for-stm32.12.3.rel1.win32_1.1.0.202410251130/tools/bin/../lib/gcc/arm-none-eabi/12.3.1/../../../../arm-none-eabi/lib/thumb/v7e-m+fp/hard\libc_nano.a(libc_a-lseekr.o)
[...]
Memory Configuration

Name             Origin             Length             Attributes
CCMRAM           0x10000000         0x00010000         xrw
RAM              0x20000000         0x00030000         xrw
FLASH            0x08000000         0x00200000         xr
*default*        0x00000000         0xffffffff

Linker script and memory map

LOAD C:/ST/STM32CubeIDE_1.17.0/STM32CubeIDE/plugins/com.st.stm32cube.ide.mcu.externaltools.gnu-tools-for-stm32.12.3.rel1.win32_1.1.0.202410251130/tools/bin/../lib/gcc/arm-none-eabi/12.3.1/thumb/v7e-m+fp/hard/crti.o
LOAD C:/ST/STM32CubeIDE_1.17.0/STM32CubeIDE/plugins/com.st.stm32cube.ide.mcu.externaltools.gnu-tools-for-stm32.12.3.rel1.win32_1.1.0.202410251130/tools/bin/../lib/gcc/arm-none-eabi/12.3.1/thumb/v7e-m+fp/hard/crtbegin.o
LOAD C:/ST/STM32CubeIDE_1.17.0/STM32CubeIDE/plugins/com.st.stm32cube.ide.mcu.externaltools.gnu-tools-for-stm32.12.3.rel1.win32_1.1.0.202410251130/tools/bin/../lib/gcc/arm-none-eabi/12.3.1/../../../../arm-none-eabi/lib/thumb/v7e-m+fp/hard/crt0.o
LOAD ./Core/Src/main.o
LOAD ./Core/Src/stm32f4xx_hal_msp.o
LOAD ./Core/Src/stm32f4xx_it.o
LOAD ./Core/Src/syscalls.o
LOAD ./Core/Src/sysmem.o
LOAD ./Core/Src/system_stm32f4xx.o
LOAD ./Core/Startup/startup_stm32f439zitx.o
LOAD ./Drivers/STM32F4xx_HAL_Driver/Src/stm32f4xx_hal.o
LOAD ./Drivers/STM32F4xx_HAL_Driver/Src/stm32f4xx_hal_adc.o
LOAD ./Drivers/STM32F4xx_HAL_Driver/Src/stm32f4xx_hal_adc_ex.o
LOAD ./Drivers/STM32F4xx_HAL_Driver/Src/stm32f4xx_hal_cortex.o
LOAD ./Drivers/STM32F4xx_HAL_Driver/Src/stm32f4xx_hal_dma.o
LOAD ./Drivers/STM32F4xx_HAL_Driver/Src/stm32f4xx_hal_dma_ex.o
LOAD ./Drivers/STM32F4xx_HAL_Driver/Src/stm32f4xx_hal_exti.o
LOAD ./Drivers/STM32F4xx_HAL_Driver/Src/stm32f4xx_hal_flash.o
LOAD ./Drivers/STM32F4xx_HAL_Driver/Src/stm32f4xx_hal_flash_ex.o
LOAD ./Drivers/STM32F4xx_HAL_Driver/Src/stm32f4xx_hal_flash_ramfunc.o
LOAD ./Drivers/STM32F4xx_HAL_Driver/Src/stm32f4xx_hal_gpio.o
LOAD ./Drivers/STM32F4xx_HAL_Driver/Src/stm32f4xx_hal_pcd.o
LOAD ./Drivers/STM32F4xx_HAL_Driver/Src/stm32f4xx_hal_pcd_ex.o
LOAD ./Drivers/STM32F4xx_HAL_Driver/Src/stm32f4xx_hal_pwr.o
LOAD ./Drivers/STM32F4xx_HAL_Driver/Src/stm32f4xx_hal_pwr_ex.o
LOAD ./Drivers/STM32F4xx_HAL_Driver/Src/stm32f4xx_hal_rcc.o
LOAD ./Drivers/STM32F4xx_HAL_Driver/Src/stm32f4xx_hal_rcc_ex.o
LOAD ./Drivers/STM32F4xx_HAL_Driver/Src/stm32f4xx_hal_tim.o
LOAD ./Drivers/STM32F4xx_HAL_Driver/Src/stm32f4xx_hal_tim_ex.o
LOAD ./Drivers/STM32F4xx_HAL_Driver/Src/stm32f4xx_ll_adc.o
LOAD ./Drivers/STM32F4xx_HAL_Driver/Src/stm32f4xx_ll_usb.o
LOAD ./Middlewares/ST/STM32_USB_Device_Library/Class/HID/Src/usbd_hid.o
LOAD ./Middlewares/ST/STM32_USB_Device_Library/Core/Src/usbd_core.o
LOAD ./Middlewares/ST/STM32_USB_Device_Library/Core/Src/usbd_ctlreq.o
LOAD ./Middlewares/ST/STM32_USB_Device_Library/Core/Src/usbd_ioreq.o
LOAD ./USB_DEVICE/App/usb_device.o
LOAD ./USB_DEVICE/App/usbd_desc.o
LOAD ./USB_DEVICE/Target/usbd_conf.o
START GROUP
LOAD C:/ST/STM32CubeIDE_1.17.0/STM32CubeIDE/plugins/com.st.stm32cube.ide.mcu.externaltools.gnu-tools-for-stm32.12.3.rel1.win32_1.1.0.202410251130/tools/bin/../lib/gcc/arm-none-eabi/12.3.1/../../../../arm-none-eabi/lib/thumb/v7e-m+fp/hard\libc_nano.a
LOAD C:/ST/STM32CubeIDE_1.17.0/STM32CubeIDE/plugins/com.st.stm32cube.ide.mcu.externaltools.gnu-tools-for-stm32.12.3.rel1.win32_1.1.0.202410251130/tools/bin/../lib/gcc/arm-none-eabi/12.3.1/../../../../arm-none-eabi/lib/thumb/v7e-m+fp/hard\libm.a
END GROUP
START GROUP
LOAD C:/ST/STM32CubeIDE_1.17.0/STM32CubeIDE/plugins/com.st.stm32cube.ide.mcu.externaltools.gnu-tools-for-stm32.12.3.rel1.win32_1.1.0.202410251130/tools/bin/../lib/gcc/arm-none-eabi/12.3.1/thumb/v7e-m+fp/hard\libgcc.a
LOAD C:/ST/STM32CubeIDE_1.17.0/STM32CubeIDE/plugins/com.st.stm32cube.ide.mcu.externaltools.gnu-tools-for-stm32.12.3.rel1.win32_1.1.0.202410251130/tools/bin/../lib/gcc/arm-none-eabi/12.3.1/../../../../arm-none-eabi/lib/thumb/v7e-m+fp/hard\libc_nano.a
END GROUP
START GROUP
LOAD C:/ST/STM32CubeIDE_1.17.0/STM32CubeIDE/plugins/com.st.stm32cube.ide.mcu.externaltools.gnu-tools-for-stm32.12.3.rel1.win32_1.1.0.202410251130/tools/bin/../lib/gcc/arm-none-eabi/12.3.1/thumb/v7e-m+fp/hard\libgcc.a
LOAD C:/ST/STM32CubeIDE_1.17.0/STM32CubeIDE/plugins/com.st.stm32cube.ide.mcu.externaltools.gnu-tools-for-stm32.12.3.rel1.win32_1.1.0.202410251130/tools/bin/../lib/gcc/arm-none-eabi/12.3.1/../../../../arm-none-eabi/lib/thumb/v7e-m+fp/hard\libc_nano.a
LOAD C:/ST/STM32CubeIDE_1.17.0/STM32CubeIDE/plugins/com.st.stm32cube.ide.mcu.externaltools.gnu-tools-for-stm32.12.3.rel1.win32_1.1.0.202410251130/tools/bin/../lib/gcc/arm-none-eabi/12.3.1/../../../../arm-none-eabi/lib/thumb/v7e-m+fp/hard\libnosys.a
END GROUP
START GROUP
LOAD C:/ST/STM32CubeIDE_1.17.0/STM32CubeIDE/plugins/com.st.stm32cube.ide.mcu.externaltools.gnu-tools-for-stm32.12.3.rel1.win32_1.1.0.202410251130/tools/bin/../lib/gcc/arm-none-eabi/12.3.1/thumb/v7e-m+fp/hard\libgcc.a
LOAD C:/ST/STM32CubeIDE_1.17.0/STM32CubeIDE/plugins/com.st.stm32cube.ide.mcu.externaltools.gnu-tools-for-stm32.12.3.rel1.win32_1.1.0.202410251130/tools/bin/../lib/gcc/arm-none-eabi/12.3.1/../../../../arm-none-eabi/lib/thumb/v7e-m+fp/hard\libc_nano.a
LOAD C:/ST/STM32CubeIDE_1.17.0/STM32CubeIDE/plugins/com.st.stm32cube.ide.mcu.externaltools.gnu-tools-for-stm32.12.3.rel1.win32_1.1.0.202410251130/tools/bin/../lib/gcc/arm-none-eabi/12.3.1/../../../../arm-none-eabi/lib/thumb/v7e-m+fp/hard\libnosys.a
END GROUP
LOAD C:/ST/STM32CubeIDE_1.17.0/STM32CubeIDE/plugins/com.st.stm32cube.ide.mcu.externaltools.gnu-tools-for-stm32.12.3.rel1.win32_1.1.0.202410251130/tools/bin/../lib/gcc/arm-none-eabi/12.3.1/thumb/v7e-m+fp/hard/crtend.o
LOAD C:/ST/STM32CubeIDE_1.17.0/STM32CubeIDE/plugins/com.st.stm32cube.ide.mcu.externaltools.gnu-tools-for-stm32.12.3.rel1.win32_1.1.0.202410251130/tools/bin/../lib/gcc/arm-none-eabi/12.3.1/thumb/v7e-m+fp/hard/crtn.o
                0x20030000                        _estack = (ORIGIN (RAM) + LENGTH (RAM))
                0x00000200                        _Min_Heap_Size = 0x200
                0x00000400                        _Min_Stack_Size = 0x400

.isr_vector     0x08000000      0x1ac
                0x08000000                        . = ALIGN (0x4)
 *(.isr_vector)
 .isr_vector    0x08000000      0x1ac ./Core/Startup/startup_stm32f439zitx.o
                0x08000000                g_pfnVectors
                0x080001ac                        . = ALIGN (0x4)

.text           0x080001ac     0x7fd0
                0x080001ac                        . = ALIGN (0x4)
 *(.text)
 .text          0x080001ac       0x40 C:/ST/STM32CubeIDE_1.17.0/STM32CubeIDE/plugins/com.st.stm32cube.ide.mcu.externaltools.gnu-tools-for-stm32.12.3.rel1.win32_1.1.0.202410251130/tools/bin/../lib/gcc/arm-none-eabi/12.3.1/thumb/v7e-m+fp/hard/crtbegin.o
 .text          0x080001ec       0x30 C:/ST/STM32CubeIDE_1.17.0/STM32CubeIDE/plugins/com.st.stm32cube.ide.mcu.externaltools.gnu-tools-for-stm32.12.3.rel1.win32_1.1.0.202410251130/tools/bin/../lib/gcc/arm-none-eabi/12.3.1/thumb/v7e-m+fp/hard\libgcc.a(_aeabi_uldivmod.o)
                0x080001ec                __aeabi_uldivmod
 .text          0x0800021c      0x2bc C:/ST/STM32CubeIDE_1.17.0/STM32CubeIDE/plugins/com.st.stm32cube.ide.mcu.externaltools.gnu-tools-for-stm32.12.3.rel1.win32_1.1.0.202410251130/tools/bin/../lib/gcc/arm-none-eabi/12.3.1/thumb/v7e-m+fp/hard\libgcc.a(_udivmoddi4.o)
                0x0800021c                __udivmoddi4
 .text          0x080004d8        0x4 C:/ST/STM32CubeIDE_1.17.0/STM32CubeIDE/plugins/com.st.stm32cube.ide.mcu.externaltools.gnu-tools-for-stm32.12.3.rel1.win32_1.1.0.202410251130/tools/bin/../lib/gcc/arm-none-eabi/12.3.1/thumb/v7e-m+fp/hard\libgcc.a(_dvmd_tls.o)
                0x080004d8                __aeabi_idiv0
                0x080004d8                __aeabi_ldiv0
 *(.text*)
 .text.HAL_ADC_ConvCpltCallback
                0x080004dc       0x38 ./Core/Src/main.o
                0x080004dc                HAL_ADC_ConvCpltCallback
 .text.main     0x08000514       0xb8 ./Core/Src/main.o
                0x08000514                main
 .text.SystemClock_Config
                0x080005cc       0xd4 ./Core/Src/main.o
                0x080005cc                SystemClock_Config
 .text.MX_ADC1_Init
                0x080006a0       0xc4 ./Core/Src/main.o
 .text.MX_TIM3_Init
                0x08000764       0x9c ./Core/Src/main.o
 .text.MX_DMA_Init
                0x08000800       0x40 ./Core/Src/main.o
 .text.MX_GPIO_Init
                0x08000840       0x94 ./Core/Src/main.o
 .text.Error_Handler
                0x080008d4        0xc ./Core/Src/main.o
                0x080008d4                Error_Handler
 .text.HAL_MspInit
                0x080008e0       0x50 ./Core/Src/stm32f4xx_hal_msp.o
                0x080008e0                HAL_MspInit
 .text.HAL_ADC_MspInit
                0x08000930       0xfc ./Core/Src/stm32f4xx_hal_msp.o
                0x08000930                HAL_ADC_MspInit
 .text.HAL_TIM_Base_MspInit
                0x08000a2c       0x44 ./Core/Src/stm32f4xx_hal_msp.o
                0x08000a2c                HAL_TIM_Base_MspInit
 .text.NMI_Handler
                0x08000a70        0x8 ./Core/Src/stm32f4xx_it.o
                0x08000a70                NMI_Handler
 .text.HardFault_Handler
                0x08000a78        0x8 ./Core/Src/stm32f4xx_it.o
                0x08000a78                HardFault_Handler
 .text.MemManage_Handler
                0x08000a80        0x8 ./Core/Src/stm32f4xx_it.o
                0x08000a80                MemManage_Handler
 .text.BusFault_Handler
                0x08000a88        0x8 ./Core/Src/stm32f4xx_it.o
                0x08000a88                BusFault_Handler
 .text.UsageFault_Handler
                0x08000a90        0x8 ./Core/Src/stm32f4xx_it.o
                0x08000a90                UsageFault_Handler
 .text.SVC_Handler
                0x08000a98        0xe ./Core/Src/stm32f4xx_it.o
                0x08000a98                SVC_Handler
 .text.DebugMon_Handler
                0x08000aa6        0xe ./Core/Src/stm32f4xx_it.o
                0x08000aa6                DebugMon_Handler
 .text.PendSV_Handler
                0x08000ab4        0xe ./Core/Src/stm32f4xx_it.o
                0x08000ab4                PendSV_Handler
 .text.SysTick_Handler
                0x08000ac2        0xc ./Core/Src/stm32f4xx_it.o
                0x08000ac2                SysTick_Handler
 *fill*         0x08000ace        0x2 
 .text.ADC_IRQHandler
                0x08000ad0       0x14 ./Core/Src/stm32f4xx_it.o
                0x08000ad0                ADC_IRQHandler
 .text.DMA2_Stream0_IRQHandler
                0x08000ae4       0x14 ./Core/Src/stm32f4xx_it.o
                0x08000ae4                DMA2_Stream0_IRQHandler
 .text.OTG_FS_IRQHandler
                0x08000af8       0x14 ./Core/Src/stm32f4xx_it.o
                0x08000af8                OTG_FS_IRQHandler
 .text.SystemInit
                0x08000b0c       0x24 ./Core/Src/system_stm32f4xx.o
                0x08000b0c                SystemInit
 .text.Reset_Handler
                0x08000b30       0x50 ./Core/Startup/startup_stm32f439zitx.o
                0x08000b30                Reset_Handler
 .text.Default_Handler
                0x08000b80        0x2 ./Core/Startup/startup_stm32f439zitx.o
                0x08000b80                RTC_Alarm_IRQHandler
                0x08000b80                HASH_RNG_IRQHandler
                0x08000b80                EXTI2_IRQHandler
                0x08000b80                TIM8_CC_IRQHandler
                0x08000b80                UART8_IRQHandler
                0x08000b80                SPI4_IRQHandler
                0x08000b80                TIM1_CC_IRQHandler
                0x08000b80                DMA2_Stream5_IRQHandler
                0x08000b80                DMA1_Stream5_IRQHandler
                0x08000b80                PVD_IRQHandler
                0x08000b80                SDIO_IRQHandler
                0x08000b80                TAMP_STAMP_IRQHandler
                0x08000b80                CAN2_RX1_IRQHandler
                0x08000b80                EXTI3_IRQHandler
                0x08000b80                TIM8_TRG_COM_TIM14_IRQHandler
                0x08000b80                TIM1_UP_TIM10_IRQHandler
                0x08000b80                TIM8_UP_TIM13_IRQHandler
                0x08000b80                I2C3_ER_IRQHandler
                0x08000b80                EXTI0_IRQHandler
                0x08000b80                I2C2_EV_IRQHandler
                0x08000b80                DMA1_Stream2_IRQHandler
                0x08000b80                CAN1_RX0_IRQHandler
                0x08000b80                FPU_IRQHandler
                0x08000b80                OTG_HS_WKUP_IRQHandler
                0x08000b80                LTDC_ER_IRQHandler
                0x08000b80                CAN2_SCE_IRQHandler
                0x08000b80                DMA2_Stream2_IRQHandler
                0x08000b80                SPI1_IRQHandler
                0x08000b80                TIM6_DAC_IRQHandler
                0x08000b80                TIM1_BRK_TIM9_IRQHandler
                0x08000b80                DCMI_IRQHandler
                0x08000b80                CAN2_RX0_IRQHandler
                0x08000b80                DMA2_Stream3_IRQHandler
                0x08000b80                USART6_IRQHandler
                0x08000b80                USART3_IRQHandler
                0x08000b80                CRYP_IRQHandler
                0x08000b80                CAN1_RX1_IRQHandler
                0x08000b80                UART5_IRQHandler
                0x08000b80                TIM4_IRQHandler
                0x08000b80                I2C1_EV_IRQHandler
                0x08000b80                DMA1_Stream6_IRQHandler
                0x08000b80                DMA1_Stream1_IRQHandler
                0x08000b80                UART4_IRQHandler
                0x08000b80                TIM3_IRQHandler
                0x08000b80                RCC_IRQHandler
                0x08000b80                TIM8_BRK_TIM12_IRQHandler
                0x08000b80                Default_Handler
                0x08000b80                EXTI15_10_IRQHandler
                0x08000b80                DMA1_Stream7_IRQHandler
                0x08000b80                SPI5_IRQHandler
                0x08000b80                TIM7_IRQHandler
                0x08000b80                CAN2_TX_IRQHandler
                0x08000b80                TIM5_IRQHandler
                0x08000b80                DMA2_Stream7_IRQHandler
                0x08000b80                I2C3_EV_IRQHandler
                0x08000b80                EXTI9_5_IRQHandler
                0x08000b80                RTC_WKUP_IRQHandler
                0x08000b80                LTDC_IRQHandler
                0x08000b80                ETH_WKUP_IRQHandler
                0x08000b80                SPI2_IRQHandler
                0x08000b80                OTG_HS_EP1_IN_IRQHandler
                0x08000b80                DMA1_Stream0_IRQHandler
                0x08000b80                CAN1_TX_IRQHandler
                0x08000b80                EXTI4_IRQHandler
                0x08000b80                ETH_IRQHandler
                0x08000b80                OTG_HS_EP1_OUT_IRQHandler
                0x08000b80                WWDG_IRQHandler
                0x08000b80                SPI6_IRQHandler
                0x08000b80                TIM2_IRQHandler
                0x08000b80                OTG_FS_WKUP_IRQHandler
                0x08000b80                TIM1_TRG_COM_TIM11_IRQHandler
                0x08000b80                OTG_HS_IRQHandler
                0x08000b80                DMA2D_IRQHandler
                0x08000b80                EXTI1_IRQHandler
                0x08000b80                UART7_IRQHandler
                0x08000b80                USART2_IRQHandler
                0x08000b80                I2C2_ER_IRQHandler
                0x08000b80                DMA2_Stream1_IRQHandler
                0x08000b80                CAN1_SCE_IRQHandler
                0x08000b80                FLASH_IRQHandler
                0x08000b80                DMA2_Stream4_IRQHandler
                0x08000b80                USART1_IRQHandler
                0x08000b80                SPI3_IRQHandler
                0x08000b80                DMA1_Stream4_IRQHandler
                0x08000b80                I2C1_ER_IRQHandler
                0x08000b80                FMC_IRQHandler
                0x08000b80                DMA2_Stream6_IRQHandler
                0x08000b80                SAI1_IRQHandler
                0x08000b80                DMA1_Stream3_IRQHandler
 *fill*         0x08000b82        0x2 
 .text.HAL_Init
                0x08000b84       0x44 ./Drivers/STM32F4xx_HAL_Driver/Src/stm32f4xx_hal.o
                0x08000b84                HAL_Init
 .text.HAL_InitTick
                0x08000bc8       0x60 ./Drivers/STM32F4xx_HAL_Driver/Src/stm32f4xx_hal.o
                0x08000bc8                HAL_InitTick
 .text.HAL_IncTick
                0x08000c28       0x28 ./Drivers/STM32F4xx_HAL_Driver/Src/stm32f4xx_hal.o
                0x08000c28                HAL_IncTick
 .text.HAL_GetTick
                0x08000c50       0x18 ./Drivers/STM32F4xx_HAL_Driver/Src/stm32f4xx_hal.o
                0x08000c50                HAL_GetTick
 .text.HAL_Delay
                0x08000c68       0x48 ./Drivers/STM32F4xx_HAL_Driver/Src/stm32f4xx_hal.o
                0x08000c68                HAL_Delay
 .text.HAL_ADC_Init
                0x08000cb0       0x86 ./Drivers/STM32F4xx_HAL_Driver/Src/stm32f4xx_hal_adc.o
                0x08000cb0                HAL_ADC_Init
 .text.HAL_ADC_IRQHandler
                0x08000d36      0x220 ./Drivers/STM32F4xx_HAL_Driver/Src/stm32f4xx_hal_adc.o
                0x08000d36                HAL_ADC_IRQHandler
 *fill*         0x08000f56        0x2 
 .text.HAL_ADC_Start_DMA
                0x08000f58      0x220 ./Drivers/STM32F4xx_HAL_Driver/Src/stm32f4xx_hal_adc.o
                0x08000f58                HAL_ADC_Start_DMA
 .text.HAL_ADC_ConvHalfCpltCallback
                0x08001178       0x14 ./Drivers/STM32F4xx_HAL_Driver/Src/stm32f4xx_hal_adc.o
                0x08001178                HAL_ADC_ConvHalfCpltCallback
 .text.HAL_ADC_LevelOutOfWindowCallback
                0x0800118c       0x14 ./Drivers/STM32F4xx_HAL_Driver/Src/stm32f4xx_hal_adc.o
                0x0800118c                HAL_ADC_LevelOutOfWindowCallback
 .text.HAL_ADC_ErrorCallback
                0x080011a0       0x14 ./Drivers/STM32F4xx_HAL_Driver/Src/stm32f4xx_hal_adc.o
                0x080011a0                HAL_ADC_ErrorCallback
 .text.HAL_ADC_ConfigChannel
                0x080011b4      0x264 ./Drivers/STM32F4xx_HAL_Driver/Src/stm32f4xx_hal_adc.o
                0x080011b4                HAL_ADC_ConfigChannel
 .text.ADC_Init
                0x08001418      0x1f8 ./Drivers/STM32F4xx_HAL_Driver/Src/stm32f4xx_hal_adc.o
 .text.ADC_DMAConvCplt
                0x08001610       0xba ./Drivers/STM32F4xx_HAL_Driver/Src/stm32f4xx_hal_adc.o
 .text.ADC_DMAHalfConvCplt
                0x080016ca       0x1c ./Drivers/STM32F4xx_HAL_Driver/Src/stm32f4xx_hal_adc.o
 .text.ADC_DMAError
                0x080016e6       0x2e ./Drivers/STM32F4xx_HAL_Driver/Src/stm32f4xx_hal_adc.o
 .text.HAL_ADCEx_InjectedConvCpltCallback
                0x08001714       0x14 ./Drivers/STM32F4xx_HAL_Driver/Src/stm32f4xx_hal_adc_ex.o
                0x08001714                HAL_ADCEx_InjectedConvCpltCallback
 .text.__NVIC_SetPriorityGrouping
                0x08001728       0x48 ./Drivers/STM32F4xx_HAL_Driver/Src/stm32f4xx_hal_cortex.o
 .text.__NVIC_GetPriorityGrouping
                0x08001770       0x1c ./Drivers/STM32F4xx_HAL_Driver/Src/stm32f4xx_hal_cortex.o
 .text.__NVIC_EnableIRQ
                0x0800178c       0x3c ./Drivers/STM32F4xx_HAL_Driver/Src/stm32f4xx_hal_cortex.o
 .text.__NVIC_SetPriority
                0x080017c8       0x54 ./Drivers/STM32F4xx_HAL_Driver/Src/stm32f4xx_hal_cortex.o
 .text.NVIC_EncodePriority
                0x0800181c       0x66 ./Drivers/STM32F4xx_HAL_Driver/Src/stm32f4xx_hal_cortex.o
 *fill*         0x08001882        0x2 
 .text.SysTick_Config
                0x08001884       0x44 ./Drivers/STM32F4xx_HAL_Driver/Src/stm32f4xx_hal_cortex.o
 .text.HAL_NVIC_SetPriorityGrouping
                0x080018c8       0x16 ./Drivers/STM32F4xx_HAL_Driver/Src/stm32f4xx_hal_cortex.o
                0x080018c8                HAL_NVIC_SetPriorityGrouping
 .text.HAL_NVIC_SetPriority
                0x080018de       0x38 ./Drivers/STM32F4xx_HAL_Driver/Src/stm32f4xx_hal_cortex.o
                0x080018de                HAL_NVIC_SetPriority
 .text.HAL_NVIC_EnableIRQ
                0x08001916       0x1c ./Drivers/STM32F4xx_HAL_Driver/Src/stm32f4xx_hal_cortex.o
                0x08001916                HAL_NVIC_EnableIRQ
 .text.HAL_SYSTICK_Config
                0x08001932       0x18 ./Drivers/STM32F4xx_HAL_Driver/Src/stm32f4xx_hal_cortex.o
                0x08001932                HAL_SYSTICK_Config
 *fill*         0x0800194a        0x2 
 .text.HAL_DMA_Init
                0x0800194c      0x15c ./Drivers/STM32F4xx_HAL_Driver/Src/stm32f4xx_hal_dma.o
                0x0800194c                HAL_DMA_Init
 .text.HAL_DMA_Start_IT
                0x08001aa8       0xb0 ./Drivers/STM32F4xx_HAL_Driver/Src/stm32f4xx_hal_dma.o
                0x08001aa8                HAL_DMA_Start_IT
 .text.HAL_DMA_IRQHandler
                0x08001b58      0x314 ./Drivers/STM32F4xx_HAL_Driver/Src/stm32f4xx_hal_dma.o
                0x08001b58                HAL_DMA_IRQHandler
 .text.DMA_SetConfig
                0x08001e6c       0x5c ./Drivers/STM32F4xx_HAL_Driver/Src/stm32f4xx_hal_dma.o
 .text.DMA_CalcBaseAndBitshift
                0x08001ec8       0x6c ./Drivers/STM32F4xx_HAL_Driver/Src/stm32f4xx_hal_dma.o
 .text.DMA_CheckFifoParam
                0x08001f34       0xf8 ./Drivers/STM32F4xx_HAL_Driver/Src/stm32f4xx_hal_dma.o
 .text.HAL_GPIO_Init
                0x0800202c      0x358 ./Drivers/STM32F4xx_HAL_Driver/Src/stm32f4xx_hal_gpio.o
                0x0800202c                HAL_GPIO_Init
 .text.HAL_GPIO_ReadPin
                0x08002384       0x30 ./Drivers/STM32F4xx_HAL_Driver/Src/stm32f4xx_hal_gpio.o
                0x08002384                HAL_GPIO_ReadPin
 .text.HAL_PCD_Init
                0x080023b4      0x21e ./Drivers/STM32F4xx_HAL_Driver/Src/stm32f4xx_hal_pcd.o
                0x080023b4                HAL_PCD_Init
 .text.HAL_PCD_Start
                0x080025d2       0x6a ./Drivers/STM32F4xx_HAL_Driver/Src/stm32f4xx_hal_pcd.o
                0x080025d2                HAL_PCD_Start
 .text.HAL_PCD_IRQHandler
                0x0800263c      0x942 ./Drivers/STM32F4xx_HAL_Driver/Src/stm32f4xx_hal_pcd.o
                0x0800263c                HAL_PCD_IRQHandler
 .text.HAL_PCD_SetAddress
                0x08002f7e       0x48 ./Drivers/STM32F4xx_HAL_Driver/Src/stm32f4xx_hal_pcd.o
                0x08002f7e                HAL_PCD_SetAddress
 .text.HAL_PCD_EP_Open
                0x08002fc6       0xd4 ./Drivers/STM32F4xx_HAL_Driver/Src/stm32f4xx_hal_pcd.o
                0x08002fc6                HAL_PCD_EP_Open
 .text.HAL_PCD_EP_Close
                0x0800309a       0x94 ./Drivers/STM32F4xx_HAL_Driver/Src/stm32f4xx_hal_pcd.o
                0x0800309a                HAL_PCD_EP_Close
 .text.HAL_PCD_EP_Receive
                0x0800312e       0x76 ./Drivers/STM32F4xx_HAL_Driver/Src/stm32f4xx_hal_pcd.o
                0x0800312e                HAL_PCD_EP_Receive
 .text.HAL_PCD_EP_Transmit
                0x080031a4       0x74 ./Drivers/STM32F4xx_HAL_Driver/Src/stm32f4xx_hal_pcd.o
                0x080031a4                HAL_PCD_EP_Transmit
 .text.HAL_PCD_EP_SetStall
                0x08003218       0xc6 ./Drivers/STM32F4xx_HAL_Driver/Src/stm32f4xx_hal_pcd.o
                0x08003218                HAL_PCD_EP_SetStall
 .text.HAL_PCD_EP_ClrStall
                0x080032de       0xac ./Drivers/STM32F4xx_HAL_Driver/Src/stm32f4xx_hal_pcd.o
                0x080032de                HAL_PCD_EP_ClrStall
 .text.HAL_PCD_EP_Abort
                0x0800338a       0x62 ./Drivers/STM32F4xx_HAL_Driver/Src/stm32f4xx_hal_pcd.o
                0x0800338a                HAL_PCD_EP_Abort
 .text.PCD_WriteEmptyTxFifo
                0x080033ec      0x118 ./Drivers/STM32F4xx_HAL_Driver/Src/stm32f4xx_hal_pcd.o
 .text.PCD_EP_OutXfrComplete_int
                0x08003504      0x1d0 ./Drivers/STM32F4xx_HAL_Driver/Src/stm32f4xx_hal_pcd.o
 .text.PCD_EP_OutSetupPacket_int
                0x080036d4       0x8c ./Drivers/STM32F4xx_HAL_Driver/Src/stm32f4xx_hal_pcd.o
 .text.HAL_PCDEx_SetTxFiFo
                0x08003760       0x8e ./Drivers/STM32F4xx_HAL_Driver/Src/stm32f4xx_hal_pcd_ex.o
                0x08003760                HAL_PCDEx_SetTxFiFo
 .text.HAL_PCDEx_SetRxFiFo
                0x080037ee       0x22 ./Drivers/STM32F4xx_HAL_Driver/Src/stm32f4xx_hal_pcd_ex.o
                0x080037ee                HAL_PCDEx_SetRxFiFo
 .text.HAL_PCDEx_LPM_Callback
                0x08003810       0x18 ./Drivers/STM32F4xx_HAL_Driver/Src/stm32f4xx_hal_pcd_ex.o
                0x08003810                HAL_PCDEx_LPM_Callback
 .text.HAL_RCC_OscConfig
                0x08003828      0x4f0 ./Drivers/STM32F4xx_HAL_Driver/Src/stm32f4xx_hal_rcc.o
                0x08003828                HAL_RCC_OscConfig
 .text.HAL_RCC_ClockConfig
                0x08003d18      0x1cc ./Drivers/STM32F4xx_HAL_Driver/Src/stm32f4xx_hal_rcc.o
                0x08003d18                HAL_RCC_ClockConfig
 .text.HAL_RCC_GetSysClockFreq
                0x08003ee4      0x20c ./Drivers/STM32F4xx_HAL_Driver/Src/stm32f4xx_hal_rcc.o
                0x08003ee4                HAL_RCC_GetSysClockFreq
 .text.HAL_RCC_GetHCLKFreq
                0x080040f0       0x18 ./Drivers/STM32F4xx_HAL_Driver/Src/stm32f4xx_hal_rcc.o
                0x080040f0                HAL_RCC_GetHCLKFreq
 .text.HAL_TIM_Base_Init
                0x08004108       0x9e ./Drivers/STM32F4xx_HAL_Driver/Src/stm32f4xx_hal_tim.o
                0x08004108                HAL_TIM_Base_Init
 *fill*         0x080041a6        0x2 
 .text.HAL_TIM_Base_Start
                0x080041a8       0xd0 ./Drivers/STM32F4xx_HAL_Driver/Src/stm32f4xx_hal_tim.o
                0x080041a8                HAL_TIM_Base_Start
 .text.HAL_TIM_ConfigClockSource
                0x08004278      0x18e ./Drivers/STM32F4xx_HAL_Driver/Src/stm32f4xx_hal_tim.o
                0x08004278                HAL_TIM_ConfigClockSource
 *fill*         0x08004406        0x2 
 .text.TIM_Base_SetConfig
                0x08004408      0x158 ./Drivers/STM32F4xx_HAL_Driver/Src/stm32f4xx_hal_tim.o
                0x08004408                TIM_Base_SetConfig
 .text.TIM_TI1_ConfigInputStage
                0x08004560       0x5e ./Drivers/STM32F4xx_HAL_Driver/Src/stm32f4xx_hal_tim.o
 .text.TIM_TI2_ConfigInputStage
                0x080045be       0x60 ./Drivers/STM32F4xx_HAL_Driver/Src/stm32f4xx_hal_tim.o
 .text.TIM_ITRx_SetConfig
                0x0800461e       0x36 ./Drivers/STM32F4xx_HAL_Driver/Src/stm32f4xx_hal_tim.o
 .text.TIM_ETR_SetConfig
                0x08004654       0x40 ./Drivers/STM32F4xx_HAL_Driver/Src/stm32f4xx_hal_tim.o
                0x08004654                TIM_ETR_SetConfig
 .text.HAL_TIMEx_MasterConfigSynchronization
                0x08004694       0xf8 ./Drivers/STM32F4xx_HAL_Driver/Src/stm32f4xx_hal_tim_ex.o
                0x08004694                HAL_TIMEx_MasterConfigSynchronization
 .text.USB_CoreInit
                0x0800478c       0xc8 ./Drivers/STM32F4xx_HAL_Driver/Src/stm32f4xx_ll_usb.o
                0x0800478c                USB_CoreInit
 .text.USB_SetTurnaroundTime
                0x08004854      0x144 ./Drivers/STM32F4xx_HAL_Driver/Src/stm32f4xx_ll_usb.o
                0x08004854                USB_SetTurnaroundTime
 .text.USB_EnableGlobalInt
                0x08004998       0x22 ./Drivers/STM32F4xx_HAL_Driver/Src/stm32f4xx_ll_usb.o
                0x08004998                USB_EnableGlobalInt
 .text.USB_DisableGlobalInt
                0x080049ba       0x22 ./Drivers/STM32F4xx_HAL_Driver/Src/stm32f4xx_ll_usb.o
                0x080049ba                USB_DisableGlobalInt
 .text.USB_SetCurrentMode
                0x080049dc       0x98 ./Drivers/STM32F4xx_HAL_Driver/Src/stm32f4xx_ll_usb.o
                0x080049dc                USB_SetCurrentMode
 .text.USB_DevInit
                0x08004a74      0x2c8 ./Drivers/STM32F4xx_HAL_Driver/Src/stm32f4xx_ll_usb.o
                0x08004a74                USB_DevInit
 .text.USB_FlushTxFifo
                0x08004d3c       0x64 ./Drivers/STM32F4xx_HAL_Driver/Src/stm32f4xx_ll_usb.o
                0x08004d3c                USB_FlushTxFifo
 .text.USB_FlushRxFifo
                0x08004da0       0x5c ./Drivers/STM32F4xx_HAL_Driver/Src/stm32f4xx_ll_usb.o
                0x08004da0                USB_FlushRxFifo
 .text.USB_SetDevSpeed
                0x08004dfc       0x32 ./Drivers/STM32F4xx_HAL_Driver/Src/stm32f4xx_ll_usb.o
                0x08004dfc                USB_SetDevSpeed
 .text.USB_GetDevSpeed
                0x08004e2e       0x4a ./Drivers/STM32F4xx_HAL_Driver/Src/stm32f4xx_ll_usb.o
                0x08004e2e                USB_GetDevSpeed
 .text.USB_ActivateEndpoint
                0x08004e78      0x10e ./Drivers/STM32F4xx_HAL_Driver/Src/stm32f4xx_ll_usb.o
                0x08004e78                USB_ActivateEndpoint
 *fill*         0x08004f86        0x2 
 .text.USB_DeactivateEndpoint
                0x08004f88      0x1b8 ./Drivers/STM32F4xx_HAL_Driver/Src/stm32f4xx_ll_usb.o
                0x08004f88                USB_DeactivateEndpoint
 .text.USB_EPStartXfer
                0x08005140      0x53c ./Drivers/STM32F4xx_HAL_Driver/Src/stm32f4xx_ll_usb.o
                0x08005140                USB_EPStartXfer
 .text.USB_EPStopXfer
                0x0800567c      0x154 ./Drivers/STM32F4xx_HAL_Driver/Src/stm32f4xx_ll_usb.o
                0x0800567c                USB_EPStopXfer
 .text.USB_WritePacket
                0x080057d0       0x7c ./Drivers/STM32F4xx_HAL_Driver/Src/stm32f4xx_ll_usb.o
                0x080057d0                USB_WritePacket
 .text.USB_ReadPacket
                0x0800584c       0xb0 ./Drivers/STM32F4xx_HAL_Driver/Src/stm32f4xx_ll_usb.o
                0x0800584c                USB_ReadPacket
 .text.USB_EPSetStall
                0x080058fc       0xdc ./Drivers/STM32F4xx_HAL_Driver/Src/stm32f4xx_ll_usb.o
                0x080058fc                USB_EPSetStall
 .text.USB_EPClearStall
                0x080059d8       0xcc ./Drivers/STM32F4xx_HAL_Driver/Src/stm32f4xx_ll_usb.o
                0x080059d8                USB_EPClearStall
 .text.USB_SetDevAddress
                0x08005aa4       0x4c ./Drivers/STM32F4xx_HAL_Driver/Src/stm32f4xx_ll_usb.o
                0x08005aa4                USB_SetDevAddress
 .text.USB_DevConnect
                0x08005af0       0x42 ./Drivers/STM32F4xx_HAL_Driver/Src/stm32f4xx_ll_usb.o
                0x08005af0                USB_DevConnect
 .text.USB_DevDisconnect
                0x08005b32       0x42 ./Drivers/STM32F4xx_HAL_Driver/Src/stm32f4xx_ll_usb.o
                0x08005b32                USB_DevDisconnect
 .text.USB_ReadInterrupts
                0x08005b74       0x26 ./Drivers/STM32F4xx_HAL_Driver/Src/stm32f4xx_ll_usb.o
                0x08005b74                USB_ReadInterrupts
 .text.USB_ReadDevAllOutEpInterrupt
                0x08005b9a       0x34 ./Drivers/STM32F4xx_HAL_Driver/Src/stm32f4xx_ll_usb.o
                0x08005b9a                USB_ReadDevAllOutEpInterrupt
 .text.USB_ReadDevAllInEpInterrupt
                0x08005bce       0x34 ./Drivers/STM32F4xx_HAL_Driver/Src/stm32f4xx_ll_usb.o
                0x08005bce                USB_ReadDevAllInEpInterrupt
 .text.USB_ReadDevOutEPInterrupt
                0x08005c02       0x3c ./Drivers/STM32F4xx_HAL_Driver/Src/stm32f4xx_ll_usb.o
                0x08005c02                USB_ReadDevOutEPInterrupt
 .text.USB_ReadDevInEPInterrupt
                0x08005c3e       0x5c ./Drivers/STM32F4xx_HAL_Driver/Src/stm32f4xx_ll_usb.o
                0x08005c3e                USB_ReadDevInEPInterrupt
 .text.USB_GetMode
                0x08005c9a       0x1c ./Drivers/STM32F4xx_HAL_Driver/Src/stm32f4xx_ll_usb.o
                0x08005c9a                USB_GetMode
 .text.USB_ActivateSetup
                0x08005cb6       0x46 ./Drivers/STM32F4xx_HAL_Driver/Src/stm32f4xx_ll_usb.o
                0x08005cb6                USB_ActivateSetup
 .text.USB_EP0_OutStart
                0x08005cfc       0xbc ./Drivers/STM32F4xx_HAL_Driver/Src/stm32f4xx_ll_usb.o
                0x08005cfc                USB_EP0_OutStart
 .text.USB_CoreReset
                0x08005db8       0x62 ./Drivers/STM32F4xx_HAL_Driver/Src/stm32f4xx_ll_usb.o
 *fill*         0x08005e1a        0x2 
 .text.USBD_HID_Init
                0x08005e1c       0xcc ./Middlewares/ST/STM32_USB_Device_Library/Class/HID/Src/usbd_hid.o
 .text.USBD_HID_DeInit
                0x08005ee8       0x90 ./Middlewares/ST/STM32_USB_Device_Library/Class/HID/Src/usbd_hid.o
 .text.USBD_HID_Setup
                0x08005f78      0x210 ./Middlewares/ST/STM32_USB_Device_Library/Class/HID/Src/usbd_hid.o
 .text.USBD_HID_SendReport
                0x08006188       0x60 ./Middlewares/ST/STM32_USB_Device_Library/Class/HID/Src/usbd_hid.o
                0x08006188                USBD_HID_SendReport
 .text.USBD_HID_GetFSCfgDesc
                0x080061e8       0x34 ./Middlewares/ST/STM32_USB_Device_Library/Class/HID/Src/usbd_hid.o
 .text.USBD_HID_GetHSCfgDesc
                0x0800621c       0x34 ./Middlewares/ST/STM32_USB_Device_Library/Class/HID/Src/usbd_hid.o
 .text.USBD_HID_GetOtherSpeedCfgDesc
                0x08006250       0x34 ./Middlewares/ST/STM32_USB_Device_Library/Class/HID/Src/usbd_hid.o
 .text.USBD_HID_DataIn
                0x08006284       0x2c ./Middlewares/ST/STM32_USB_Device_Library/Class/HID/Src/usbd_hid.o
 .text.USBD_HID_GetDeviceQualifierDesc
                0x080062b0       0x20 ./Middlewares/ST/STM32_USB_Device_Library/Class/HID/Src/usbd_hid.o
 .text.USBD_Init
                0x080062d0       0x60 ./Middlewares/ST/STM32_USB_Device_Library/Core/Src/usbd_core.o
                0x080062d0                USBD_Init
 .text.USBD_RegisterClass
                0x08006330       0x6c ./Middlewares/ST/STM32_USB_Device_Library/Core/Src/usbd_core.o
                0x08006330                USBD_RegisterClass
 .text.USBD_Start
                0x0800639c       0x18 ./Middlewares/ST/STM32_USB_Device_Library/Core/Src/usbd_core.o
                0x0800639c                USBD_Start
 .text.USBD_RunTestMode
                0x080063b4       0x16 ./Middlewares/ST/STM32_USB_Device_Library/Core/Src/usbd_core.o
                0x080063b4                USBD_RunTestMode
 .text.USBD_SetClassConfig
                0x080063ca       0x38 ./Middlewares/ST/STM32_USB_Device_Library/Core/Src/usbd_core.o
                0x080063ca                USBD_SetClassConfig
 .text.USBD_ClrClassConfig
                0x08006402       0x34 ./Middlewares/ST/STM32_USB_Device_Library/Core/Src/usbd_core.o
                0x08006402                USBD_ClrClassConfig
 .text.USBD_LL_SetupStage
                0x08006436       0xaa ./Middlewares/ST/STM32_USB_Device_Library/Core/Src/usbd_core.o
                0x08006436                USBD_LL_SetupStage
 .text.USBD_LL_DataOutStage
                0x080064e0      0x166 ./Middlewares/ST/STM32_USB_Device_Library/Core/Src/usbd_core.o
                0x080064e0                USBD_LL_DataOutStage
 .text.USBD_LL_DataInStage
                0x08006646      0x164 ./Middlewares/ST/STM32_USB_Device_Library/Core/Src/usbd_core.o
                0x08006646                USBD_LL_DataInStage
 .text.USBD_LL_Reset
                0x080067aa       0xa4 ./Middlewares/ST/STM32_USB_Device_Library/Core/Src/usbd_core.o
                0x080067aa                USBD_LL_Reset
 .text.USBD_LL_SetSpeed
                0x0800684e       0x20 ./Middlewares/ST/STM32_USB_Device_Library/Core/Src/usbd_core.o
                0x0800684e                USBD_LL_SetSpeed
 .text.USBD_LL_Suspend
                0x0800686e       0x38 ./Middlewares/ST/STM32_USB_Device_Library/Core/Src/usbd_core.o
                0x0800686e                USBD_LL_Suspend
 .text.USBD_LL_Resume
                0x080068a6       0x30 ./Middlewares/ST/STM32_USB_Device_Library/Core/Src/usbd_core.o
                0x080068a6                USBD_LL_Resume
 .text.USBD_LL_SOF
                0x080068d6       0x40 ./Middlewares/ST/STM32_USB_Device_Library/Core/Src/usbd_core.o
                0x080068d6                USBD_LL_SOF
 .text.USBD_LL_IsoINIncomplete
                0x08006916       0x64 ./Middlewares/ST/STM32_USB_Device_Library/Core/Src/usbd_core.o
                0x08006916                USBD_LL_IsoINIncomplete
 .text.USBD_LL_IsoOUTIncomplete
                0x0800697a       0x64 ./Middlewares/ST/STM32_USB_Device_Library/Core/Src/usbd_core.o
                0x0800697a                USBD_LL_IsoOUTIncomplete
 .text.USBD_LL_DevConnected
                0x080069de       0x16 ./Middlewares/ST/STM32_USB_Device_Library/Core/Src/usbd_core.o
                0x080069de                USBD_LL_DevConnected
 .text.USBD_LL_DevDisconnected
                0x080069f4       0x46 ./Middlewares/ST/STM32_USB_Device_Library/Core/Src/usbd_core.o
                0x080069f4                USBD_LL_DevDisconnected
 .text.USBD_CoreFindIF
                0x08006a3a       0x1a ./Middlewares/ST/STM32_USB_Device_Library/Core/Src/usbd_core.o
                0x08006a3a                USBD_CoreFindIF
 .text.USBD_CoreFindEP
                0x08006a54       0x1a ./Middlewares/ST/STM32_USB_Device_Library/Core/Src/usbd_core.o
                0x08006a54                USBD_CoreFindEP
 .text.USBD_GetEpDesc
                0x08006a6e       0x70 ./Middlewares/ST/STM32_USB_Device_Library/Core/Src/usbd_core.o
                0x08006a6e                USBD_GetEpDesc
 .text.USBD_GetNextDesc
                0x08006ade       0x38 ./Middlewares/ST/STM32_USB_Device_Library/Core/Src/usbd_core.o
                0x08006ade                USBD_GetNextDesc
 .text.SWAPBYTE
                0x08006b16       0x3c ./Middlewares/ST/STM32_USB_Device_Library/Core/Src/usbd_ctlreq.o
 *fill*         0x08006b52        0x2 
 .text.USBD_StdDevReq
                0x08006b54       0xe4 ./Middlewares/ST/STM32_USB_Device_Library/Core/Src/usbd_ctlreq.o
                0x08006b54                USBD_StdDevReq
 .text.USBD_StdItfReq
                0x08006c38       0xd8 ./Middlewares/ST/STM32_USB_Device_Library/Core/Src/usbd_ctlreq.o
                0x08006c38                USBD_StdItfReq
 .text.USBD_StdEPReq
                0x08006d10      0x33a ./Middlewares/ST/STM32_USB_Device_Library/Core/Src/usbd_ctlreq.o
                0x08006d10                USBD_StdEPReq
 *fill*         0x0800704a        0x2 
 .text.USBD_GetDescriptor
                0x0800704c      0x2d4 ./Middlewares/ST/STM32_USB_Device_Library/Core/Src/usbd_ctlreq.o
 .text.USBD_SetAddress
                0x08007320       0x88 ./Middlewares/ST/STM32_USB_Device_Library/Core/Src/usbd_ctlreq.o
 .text.USBD_SetConfig
                0x080073a8      0x154 ./Middlewares/ST/STM32_USB_Device_Library/Core/Src/usbd_ctlreq.o
 .text.USBD_GetConfig
                0x080074fc       0x6c ./Middlewares/ST/STM32_USB_Device_Library/Core/Src/usbd_ctlreq.o
 .text.USBD_GetStatus
                0x08007568       0x68 ./Middlewares/ST/STM32_USB_Device_Library/Core/Src/usbd_ctlreq.o
 .text.USBD_SetFeature
                0x080075d0       0x52 ./Middlewares/ST/STM32_USB_Device_Library/Core/Src/usbd_ctlreq.o
 .text.USBD_ClrFeature
                0x08007622       0x44 ./Middlewares/ST/STM32_USB_Device_Library/Core/Src/usbd_ctlreq.o
 .text.USBD_ParseSetupRequest
                0x08007666       0x74 ./Middlewares/ST/STM32_USB_Device_Library/Core/Src/usbd_ctlreq.o
                0x08007666                USBD_ParseSetupRequest
 .text.USBD_CtlError
                0x080076da       0x22 ./Middlewares/ST/STM32_USB_Device_Library/Core/Src/usbd_ctlreq.o
                0x080076da                USBD_CtlError
 .text.USBD_GetString
                0x080076fc       0xa4 ./Middlewares/ST/STM32_USB_Device_Library/Core/Src/usbd_ctlreq.o
                0x080076fc                USBD_GetString
 .text.USBD_GetLen
                0x080077a0       0x34 ./Middlewares/ST/STM32_USB_Device_Library/Core/Src/usbd_ctlreq.o
 .text.USBD_CtlSendData
                0x080077d4       0x36 ./Middlewares/ST/STM32_USB_Device_Library/Core/Src/usbd_ioreq.o
                0x080077d4                USBD_CtlSendData
 .text.USBD_CtlContinueSendData
                0x0800780a       0x22 ./Middlewares/ST/STM32_USB_Device_Library/Core/Src/usbd_ioreq.o
                0x0800780a                USBD_CtlContinueSendData
 .text.USBD_CtlContinueRx
                0x0800782c       0x22 ./Middlewares/ST/STM32_USB_Device_Library/Core/Src/usbd_ioreq.o
                0x0800782c                USBD_CtlContinueRx
 .text.USBD_CtlSendStatus
                0x0800784e       0x26 ./Middlewares/ST/STM32_USB_Device_Library/Core/Src/usbd_ioreq.o
                0x0800784e                USBD_CtlSendStatus
 .text.USBD_CtlReceiveStatus
                0x08007874       0x26 ./Middlewares/ST/STM32_USB_Device_Library/Core/Src/usbd_ioreq.o
                0x08007874                USBD_CtlReceiveStatus
 *fill*         0x0800789a        0x2 
 .text.MX_USB_DEVICE_Init
                0x0800789c       0x4c ./USB_DEVICE/App/usb_device.o
                0x0800789c                MX_USB_DEVICE_Init
 .text.USBD_FS_DeviceDescriptor
                0x080078e8       0x24 ./USB_DEVICE/App/usbd_desc.o
                0x080078e8                USBD_FS_DeviceDescriptor
 .text.USBD_FS_LangIDStrDescriptor
                0x0800790c       0x24 ./USB_DEVICE/App/usbd_desc.o
                0x0800790c                USBD_FS_LangIDStrDescriptor
 .text.USBD_FS_ProductStrDescriptor
                0x08007930       0x3c ./USB_DEVICE/App/usbd_desc.o
                0x08007930                USBD_FS_ProductStrDescriptor
 .text.USBD_FS_ManufacturerStrDescriptor
                0x0800796c       0x28 ./USB_DEVICE/App/usbd_desc.o
                0x0800796c                USBD_FS_ManufacturerStrDescriptor
 .text.USBD_FS_SerialStrDescriptor
                0x08007994       0x24 ./USB_DEVICE/App/usbd_desc.o
                0x08007994                USBD_FS_SerialStrDescriptor
 .text.USBD_FS_ConfigStrDescriptor
                0x080079b8       0x3c ./USB_DEVICE/App/usbd_desc.o
                0x080079b8                USBD_FS_ConfigStrDescriptor
 .text.USBD_FS_InterfaceStrDescriptor
                0x080079f4       0x3c ./USB_DEVICE/App/usbd_desc.o
                0x080079f4                USBD_FS_InterfaceStrDescriptor
 .text.Get_SerialNum
                0x08007a30       0x58 ./USB_DEVICE/App/usbd_desc.o
 .text.IntToUnicode
                0x08007a88       0x7e ./USB_DEVICE/App/usbd_desc.o
 *fill*         0x08007b06        0x2 
 .text.HAL_PCD_MspInit
                0x08007b08       0xa8 ./USB_DEVICE/Target/usbd_conf.o
                0x08007b08                HAL_PCD_MspInit
 .text.HAL_PCD_SetupStageCallback
                0x08007bb0       0x24 ./USB_DEVICE/Target/usbd_conf.o
                0x08007bb0                HAL_PCD_SetupStageCallback
 .text.HAL_PCD_DataOutStageCallback
                0x08007bd4       0x36 ./USB_DEVICE/Target/usbd_conf.o
                0x08007bd4                HAL_PCD_DataOutStageCallback
 .text.HAL_PCD_DataInStageCallback
                0x08007c0a       0x34 ./USB_DEVICE/Target/usbd_conf.o
                0x08007c0a                HAL_PCD_DataInStageCallback
 .text.HAL_PCD_SOFCallback
                0x08007c3e       0x1c ./USB_DEVICE/Target/usbd_conf.o
                0x08007c3e                HAL_PCD_SOFCallback
 .text.HAL_PCD_ResetCallback
                0x08007c5a       0x50 ./USB_DEVICE/Target/usbd_conf.o
                0x08007c5a                HAL_PCD_ResetCallback
 *fill*         0x08007caa        0x2 
 .text.HAL_PCD_SuspendCallback
                0x08007cac       0x4c ./USB_DEVICE/Target/usbd_conf.o
                0x08007cac                HAL_PCD_SuspendCallback
 .text.HAL_PCD_ResumeCallback
                0x08007cf8       0x1c ./USB_DEVICE/Target/usbd_conf.o
                0x08007cf8                HAL_PCD_ResumeCallback
 .text.HAL_PCD_ISOOUTIncompleteCallback
                0x08007d14       0x24 ./USB_DEVICE/Target/usbd_conf.o
                0x08007d14                HAL_PCD_ISOOUTIncompleteCallback
 .text.HAL_PCD_ISOINIncompleteCallback
                0x08007d38       0x24 ./USB_DEVICE/Target/usbd_conf.o
                0x08007d38                HAL_PCD_ISOINIncompleteCallback
 .text.HAL_PCD_ConnectCallback
                0x08007d5c       0x1c ./USB_DEVICE/Target/usbd_conf.o
                0x08007d5c                HAL_PCD_ConnectCallback
 .text.HAL_PCD_DisconnectCallback
                0x08007d78       0x1c ./USB_DEVICE/Target/usbd_conf.o
                0x08007d78                HAL_PCD_DisconnectCallback
 .text.USBD_LL_Init
                0x08007d94       0x98 ./USB_DEVICE/Target/usbd_conf.o
                0x08007d94                USBD_LL_Init
 .text.USBD_LL_Start
                0x08007e2c       0x36 ./USB_DEVICE/Target/usbd_conf.o
                0x08007e2c                USBD_LL_Start
 .text.USBD_LL_OpenEP
                0x08007e62       0x4c ./USB_DEVICE/Target/usbd_conf.o
                0x08007e62                USBD_LL_OpenEP
 .text.USBD_LL_CloseEP
                0x08007eae       0x3e ./USB_DEVICE/Target/usbd_conf.o
                0x08007eae                USBD_LL_CloseEP
 .text.USBD_LL_StallEP
                0x08007eec       0x3e ./USB_DEVICE/Target/usbd_conf.o
                0x08007eec                USBD_LL_StallEP
 .text.USBD_LL_ClearStallEP
                0x08007f2a       0x3e ./USB_DEVICE/Target/usbd_conf.o
                0x08007f2a                USBD_LL_ClearStallEP
 .text.USBD_LL_IsStallEP
                0x08007f68       0x58 ./USB_DEVICE/Target/usbd_conf.o
                0x08007f68                USBD_LL_IsStallEP
 .text.USBD_LL_SetUSBAddress
                0x08007fc0       0x3e ./USB_DEVICE/Target/usbd_conf.o
                0x08007fc0                USBD_LL_SetUSBAddress
 .text.USBD_LL_Transmit
                0x08007ffe       0x42 ./USB_DEVICE/Target/usbd_conf.o
                0x08007ffe                USBD_LL_Transmit
 .text.USBD_LL_PrepareReceive
                0x08008040       0x42 ./USB_DEVICE/Target/usbd_conf.o
                0x08008040                USBD_LL_PrepareReceive
 *fill*         0x08008082        0x2 
 .text.USBD_static_malloc
                0x08008084       0x1c ./USB_DEVICE/Target/usbd_conf.o
                0x08008084                USBD_static_malloc
 .text.USBD_static_free
                0x080080a0       0x14 ./USB_DEVICE/Target/usbd_conf.o
                0x080080a0                USBD_static_free
 .text.USBD_Get_USB_Status
                0x080080b4       0x58 ./USB_DEVICE/Target/usbd_conf.o
                0x080080b4                USBD_Get_USB_Status
 .text.memset   0x0800810c       0x10 C:/ST/STM32CubeIDE_1.17.0/STM32CubeIDE/plugins/com.st.stm32cube.ide.mcu.externaltools.gnu-tools-for-stm32.12.3.rel1.win32_1.1.0.202410251130/tools/bin/../lib/gcc/arm-none-eabi/12.3.1/../../../../arm-none-eabi/lib/thumb/v7e-m+fp/hard\libc_nano.a(libc_a-memset.o)
                0x0800810c                memset
 .text.__libc_init_array
                0x0800811c       0x48 C:/ST/STM32CubeIDE_1.17.0/STM32CubeIDE/plugins/com.st.stm32cube.ide.mcu.externaltools.gnu-tools-for-stm32.12.3.rel1.win32_1.1.0.202410251130/tools/bin/../lib/gcc/arm-none-eabi/12.3.1/../../../../arm-none-eabi/lib/thumb/v7e-m+fp/hard\libc_nano.a(libc_a-init.o)
                0x0800811c                __libc_init_array
 *(.glue_7)
 .glue_7        0x08008164        0x0 linker stubs
 *(.glue_7t)
 .glue_7t       0x08008164        0x0 linker stubs
 *(.eh_frame)
 .eh_frame      0x08008164        0x0 C:/ST/STM32CubeIDE_1.17.0/STM32CubeIDE/plugins/com.st.stm32cube.ide.mcu.externaltools.gnu-tools-for-stm32.12.3.rel1.win32_1.1.0.202410251130/tools/bin/../lib/gcc/arm-none-eabi/12.3.1/thumb/v7e-m+fp/hard/crtbegin.o
 *(.init)
 .init          0x08008164        0x4 C:/ST/STM32CubeIDE_1.17.0/STM32CubeIDE/plugins/com.st.stm32cube.ide.mcu.externaltools.gnu-tools-for-stm32.12.3.rel1.win32_1.1.0.202410251130/tools/bin/../lib/gcc/arm-none-eabi/12.3.1/thumb/v7e-m+fp/hard/crti.o
                0x08008164                _init
 .init          0x08008168        0x8 C:/ST/STM32CubeIDE_1.17.0/STM32CubeIDE/plugins/com.st.stm32cube.ide.mcu.externaltools.gnu-tools-for-stm32.12.3.rel1.win32_1.1.0.202410251130/tools/bin/../lib/gcc/arm-none-eabi/12.3.1/thumb/v7e-m+fp/hard/crtn.o
 *(.fini)
 .fini          0x08008170        0x4 C:/ST/STM32CubeIDE_1.17.0/STM32CubeIDE/plugins/com.st.stm32cube.ide.mcu.externaltools.gnu-tools-for-stm32.12.3.rel1.win32_1.1.0.202410251130/tools/bin/../lib/gcc/arm-none-eabi/12.3.1/thumb/v7e-m+fp/hard/crti.o
                0x08008170                _fini
 .fini          0x08008174        0x8 C:/ST/STM32CubeIDE_1.17.0/STM32CubeIDE/plugins/com.st.stm32cube.ide.mcu.externaltools.gnu-tools-for-stm32.12.3.rel1.win32_1.1.0.202410251130/tools/bin/../lib/gcc/arm-none-eabi/12.3.1/thumb/v7e-m+fp/hard/crtn.o
                0x0800817c                        . = ALIGN (0x4)
                0x0800817c                        _etext = .

.vfp11_veneer   0x0800817c        0x0
 .vfp11_veneer  0x0800817c        0x0 linker stubs

.v4_bx          0x0800817c        0x0
 .v4_bx         0x0800817c        0x0 linker stubs

.iplt           0x0800817c        0x0
 .iplt          0x0800817c        0x0 C:/ST/STM32CubeIDE_1.17.0/STM32CubeIDE/plugins/com.st.stm32cube.ide.mcu.externaltools.gnu-tools-for-stm32.12.3.rel1.win32_1.1.0.202410251130/tools/bin/../lib/gcc/arm-none-eabi/12.3.1/thumb/v7e-m+fp/hard/crtbegin.o

.rodata         0x0800817c       0x5c
                0x0800817c                        . = ALIGN (0x4)
 *(.rodata)
 .rodata        0x0800817c       0x42 ./USB_DEVICE/App/usbd_desc.o
 *(.rodata*)
 *fill*         0x080081be        0x2 
 .rodata.AHBPrescTable
                0x080081c0       0x10 ./Core/Src/system_stm32f4xx.o
                0x080081c0                AHBPrescTable
 .rodata.flagBitshiftOffset.0
                0x080081d0        0x8 ./Drivers/STM32F4xx_HAL_Driver/Src/stm32f4xx_hal_dma.o
                0x080081d8                        . = ALIGN (0x4)

.ARM.extab      0x080081d8        0x0
                0x080081d8                        . = ALIGN (0x4)
 *(.ARM.extab* .gnu.linkonce.armextab.*)
                0x080081d8                        . = ALIGN (0x4)

.ARM            0x080081d8        0x8
                0x080081d8                        . = ALIGN (0x4)
                0x080081d8                        __exidx_start = .
 *(.ARM.exidx*)
 .ARM.exidx     0x080081d8        0x8 C:/ST/STM32CubeIDE_1.17.0/STM32CubeIDE/plugins/com.st.stm32cube.ide.mcu.externaltools.gnu-tools-for-stm32.12.3.rel1.win32_1.1.0.202410251130/tools/bin/../lib/gcc/arm-none-eabi/12.3.1/thumb/v7e-m+fp/hard\libgcc.a(_udivmoddi4.o)
                0x080081e0                        __exidx_end = .
                0x080081e0                        . = ALIGN (0x4)

.preinit_array  0x080081e0        0x0
                0x080081e0                        . = ALIGN (0x4)
                0x080081e0                        PROVIDE (__preinit_array_start = .)
 *(.preinit_array*)
                0x080081e0                        PROVIDE (__preinit_array_end = .)
                0x080081e0                        . = ALIGN (0x4)

.init_array     0x080081e0        0x4
                0x080081e0                        . = ALIGN (0x4)
                0x080081e0                        PROVIDE (__init_array_start = .)
 *(SORT_BY_NAME(.init_array.*))
 *(.init_array*)
 .init_array    0x080081e0        0x4 C:/ST/STM32CubeIDE_1.17.0/STM32CubeIDE/plugins/com.st.stm32cube.ide.mcu.externaltools.gnu-tools-for-stm32.12.3.rel1.win32_1.1.0.202410251130/tools/bin/../lib/gcc/arm-none-eabi/12.3.1/thumb/v7e-m+fp/hard/crtbegin.o
                0x080081e4                        PROVIDE (__init_array_end = .)
                0x080081e4                        . = ALIGN (0x4)

.fini_array     0x080081e4        0x4
                0x080081e4                        . = ALIGN (0x4)
                [!provide]                        PROVIDE (__fini_array_start = .)
 *(SORT_BY_NAME(.fini_array.*))
 *(.fini_array*)
 .fini_array    0x080081e4        0x4 C:/ST/STM32CubeIDE_1.17.0/STM32CubeIDE/plugins/com.st.stm32cube.ide.mcu.externaltools.gnu-tools-for-stm32.12.3.rel1.win32_1.1.0.202410251130/tools/bin/../lib/gcc/arm-none-eabi/12.3.1/thumb/v7e-m+fp/hard/crtbegin.o
                [!provide]                        PROVIDE (__fini_array_end = .)
                0x080081e8                        . = ALIGN (0x4)
                0x080081e8                        _sidata = LOADADDR (.data)

.rel.dyn        0x080081e8        0x0
 .rel.iplt      0x080081e8        0x0 C:/ST/STM32CubeIDE_1.17.0/STM32CubeIDE/plugins/com.st.stm32cube.ide.mcu.externaltools.gnu-tools-for-stm32.12.3.rel1.win32_1.1.0.202410251130/tools/bin/../lib/gcc/arm-none-eabi/12.3.1/thumb/v7e-m+fp/hard/crtbegin.o

.data           0x20000000      0x104 load address 0x080081e8
                0x20000000                        . = ALIGN (0x4)
                0x20000000                        _sdata = .
 *(.data)
 *(.data*)
 .data.SystemCoreClock
                0x20000000        0x4 ./Core/Src/system_stm32f4xx.o
                0x20000000                SystemCoreClock
 .data.uwTickPrio
                0x20000004        0x4 ./Drivers/STM32F4xx_HAL_Driver/Src/stm32f4xx_hal.o
                0x20000004                uwTickPrio
 .data.uwTickFreq
                0x20000008        0x1 ./Drivers/STM32F4xx_HAL_Driver/Src/stm32f4xx_hal.o
                0x20000008                uwTickFreq
 *fill*         0x20000009        0x3 
 .data.USBD_HID
                0x2000000c       0x38 ./Middlewares/ST/STM32_USB_Device_Library/Class/HID/Src/usbd_hid.o
                0x2000000c                USBD_HID
 .data.USBD_HID_CfgDesc
                0x20000044       0x22 ./Middlewares/ST/STM32_USB_Device_Library/Class/HID/Src/usbd_hid.o
 *fill*         0x20000066        0x2 
 .data.USBD_HID_Desc
                0x20000068        0x9 ./Middlewares/ST/STM32_USB_Device_Library/Class/HID/Src/usbd_hid.o
 *fill*         0x20000071        0x3 
 .data.USBD_HID_DeviceQualifierDesc
                0x20000074        0xa ./Middlewares/ST/STM32_USB_Device_Library/Class/HID/Src/usbd_hid.o
 *fill*         0x2000007e        0x2 
 .data.HID_MOUSE_ReportDesc
                0x20000080       0x32 ./Middlewares/ST/STM32_USB_Device_Library/Class/HID/Src/usbd_hid.o
 .data.HIDInEpAdd
                0x200000b2        0x1 ./Middlewares/ST/STM32_USB_Device_Library/Class/HID/Src/usbd_hid.o
 *fill*         0x200000b3        0x1 
 .data.FS_Desc  0x200000b4       0x1c ./USB_DEVICE/App/usbd_desc.o
                0x200000b4                FS_Desc
 .data.USBD_FS_DeviceDesc
                0x200000d0       0x12 ./USB_DEVICE/App/usbd_desc.o
                0x200000d0                USBD_FS_DeviceDesc
 *fill*         0x200000e2        0x2 
 .data.USBD_LangIDDesc
                0x200000e4        0x4 ./USB_DEVICE/App/usbd_desc.o
                0x200000e4                USBD_LangIDDesc
 .data.USBD_StringSerial
                0x200000e8       0x1a ./USB_DEVICE/App/usbd_desc.o
                0x200000e8                USBD_StringSerial
 *(.RamFunc)
 *(.RamFunc*)
                0x20000104                        . = ALIGN (0x4)
 *fill*         0x20000102        0x2 
                0x20000104                        _edata = .
                0x080082ec                        _siccmram = LOADADDR (.ccmram)

.igot.plt       0x20000104        0x0 load address 0x080082ec
 .igot.plt      0x20000104        0x0 C:/ST/STM32CubeIDE_1.17.0/STM32CubeIDE/plugins/com.st.stm32cube.ide.mcu.externaltools.gnu-tools-for-stm32.12.3.rel1.win32_1.1.0.202410251130/tools/bin/../lib/gcc/arm-none-eabi/12.3.1/thumb/v7e-m+fp/hard/crtbegin.o

.ccmram         0x10000000        0x0 load address 0x080082ec
                0x10000000                        . = ALIGN (0x4)
                0x10000000                        _sccmram = .
 *(.ccmram)
 *(.ccmram*)
                0x10000000                        . = ALIGN (0x4)
                0x10000000                        _eccmram = .
                0x10000000                        . = ALIGN (0x4)

.bss            0x20000104      0xaf0
                0x20000104                        _sbss = .
                0x20000104                        __bss_start__ = _sbss
 *(.bss)
 .bss           0x20000104       0x1c C:/ST/STM32CubeIDE_1.17.0/STM32CubeIDE/plugins/com.st.stm32cube.ide.mcu.externaltools.gnu-tools-for-stm32.12.3.rel1.win32_1.1.0.202410251130/tools/bin/../lib/gcc/arm-none-eabi/12.3.1/thumb/v7e-m+fp/hard/crtbegin.o
 *(.bss*)
 .bss.hadc1     0x20000120       0x48 ./Core/Src/main.o
                0x20000120                hadc1
 .bss.hdma_adc1
                0x20000168       0x60 ./Core/Src/main.o
                0x20000168                hdma_adc1
 .bss.htim3     0x200001c8       0x48 ./Core/Src/main.o
                0x200001c8                htim3
 .bss.adcBuf    0x20000210        0x2 ./Core/Src/main.o
                0x20000210                adcBuf
 .bss.btn1      0x20000212        0x1 ./Core/Src/main.o
                0x20000212                btn1
 .bss.btn2      0x20000213        0x1 ./Core/Src/main.o
                0x20000213                btn2
 .bss.joystickReportContainer
                0x20000214        0x3 ./Core/Src/main.o
                0x20000214                joystickReportContainer
 *fill*         0x20000217        0x1 
 .bss.uwTick    0x20000218        0x4 ./Drivers/STM32F4xx_HAL_Driver/Src/stm32f4xx_hal.o
                0x20000218                uwTick
 .bss.cfgidx.0  0x2000021c        0x1 ./Middlewares/ST/STM32_USB_Device_Library/Core/Src/usbd_ctlreq.o
 *fill*         0x2000021d        0x3 
 .bss.hUsbDeviceFS
                0x20000220      0x2dc ./USB_DEVICE/App/usb_device.o
                0x20000220                hUsbDeviceFS
 .bss.USBD_StrDesc
                0x200004fc      0x200 ./USB_DEVICE/App/usbd_desc.o
                0x200004fc                USBD_StrDesc
 .bss.hpcd_USB_OTG_FS
                0x200006fc      0x4e4 ./USB_DEVICE/Target/usbd_conf.o
                0x200006fc                hpcd_USB_OTG_FS
 .bss.mem.0     0x20000be0       0x14 ./USB_DEVICE/Target/usbd_conf.o
 *(COMMON)
                0x20000bf4                        . = ALIGN (0x4)
                0x20000bf4                        _ebss = .
                0x20000bf4                        __bss_end__ = _ebss

._user_heap_stack
                0x20000bf4      0x604
                0x20000bf8                        . = ALIGN (0x8)
 *fill*         0x20000bf4        0x4 
                [!provide]                        PROVIDE (end = .)
                0x20000bf8                        PROVIDE (_end = .)
                0x20000df8                        . = (. + _Min_Heap_Size)
 *fill*         0x20000bf8      0x200 
                0x200011f8                        . = (. + _Min_Stack_Size)
 *fill*         0x20000df8      0x400 
                0x200011f8                        . = ALIGN (0x8)

/DISCARD/
 libc.a(*)
 libm.a(*)
 libgcc.a(*)

.ARM.attributes
                0x00000000       0x30
 *(.ARM.attributes)
 .ARM.attributes
                0x00000000       0x22 C:/ST/STM32CubeIDE_1.17.0/STM32CubeIDE/plugins/com.st.stm32cube.ide.mcu.externaltools.gnu-tools-for-stm32.12.3.rel1.win32_1.1.0.202410251130/tools/bin/../lib/gcc/arm-none-eabi/12.3.1/thumb/v7e-m+fp/hard/crti.o
 .ARM.attributes
                0x00000022       0x34 C:/ST/STM32CubeIDE_1.17.0/STM32CubeIDE/plugins/com.st.stm32cube.ide.mcu.externaltools.gnu-tools-for-stm32.12.3.rel1.win32_1.1.0.202410251130/tools/bin/../lib/gcc/arm-none-eabi/12.3.1/thumb/v7e-m+fp/hard/crtbegin.o
 .ARM.attributes
                0x00000056       0x34 ./Core/Src/main.o
 .ARM.attributes
                0x0000008a       0x34 ./Core/Src/stm32f4xx_hal_msp.o
 .ARM.attributes
                0x000000be       0x34 ./Core/Src/stm32f4xx_it.o
 .ARM.attributes
                0x000000f2       0x34 ./Core/Src/system_stm32f4xx.o
 .ARM.attributes
                0x00000126       0x21 ./Core/Startup/startup_stm32f439zitx.o
 .ARM.attributes
                0x00000147       0x34 ./Drivers/STM32F4xx_HAL_Driver/Src/stm32f4xx_hal.o
 .ARM.attributes
                0x0000017b       0x34 ./Drivers/STM32F4xx_HAL_Driver/Src/stm32f4xx_hal_adc.o
 .ARM.attributes
                0x000001af       0x34 ./Drivers/STM32F4xx_HAL_Driver/Src/stm32f4xx_hal_adc_ex.o
 .ARM.attributes
                0x000001e3       0x34 ./Drivers/STM32F4xx_HAL_Driver/Src/stm32f4xx_hal_cortex.o
 .ARM.attributes
                0x00000217       0x34 ./Drivers/STM32F4xx_HAL_Driver/Src/stm32f4xx_hal_dma.o
 .ARM.attributes
                0x0000024b       0x34 ./Drivers/STM32F4xx_HAL_Driver/Src/stm32f4xx_hal_gpio.o
 .ARM.attributes
                0x0000027f       0x34 ./Drivers/STM32F4xx_HAL_Driver/Src/stm32f4xx_hal_pcd.o
 .ARM.attributes
                0x000002b3       0x34 ./Drivers/STM32F4xx_HAL_Driver/Src/stm32f4xx_hal_pcd_ex.o
 .ARM.attributes
                0x000002e7       0x34 ./Drivers/STM32F4xx_HAL_Driver/Src/stm32f4xx_hal_rcc.o
 .ARM.attributes
                0x0000031b       0x34 ./Drivers/STM32F4xx_HAL_Driver/Src/stm32f4xx_hal_tim.o
 .ARM.attributes
                0x0000034f       0x34 ./Drivers/STM32F4xx_HAL_Driver/Src/stm32f4xx_hal_tim_ex.o
 .ARM.attributes
                0x00000383       0x34 ./Drivers/STM32F4xx_HAL_Driver/Src/stm32f4xx_ll_usb.o
 .ARM.attributes
                0x000003b7       0x34 ./Middlewares/ST/STM32_USB_Device_Library/Class/HID/Src/usbd_hid.o
 .ARM.attributes
                0x000003eb       0x34 ./Middlewares/ST/STM32_USB_Device_Library/Core/Src/usbd_core.o
 .ARM.attributes
                0x0000041f       0x34 ./Middlewares/ST/STM32_USB_Device_Library/Core/Src/usbd_ctlreq.o
 .ARM.attributes
                0x00000453       0x34 ./Middlewares/ST/STM32_USB_Device_Library/Core/Src/usbd_ioreq.o
 .ARM.attributes
                0x00000487       0x34 ./USB_DEVICE/App/usb_device.o
 .ARM.attributes
                0x000004bb       0x34 ./USB_DEVICE/App/usbd_desc.o
 .ARM.attributes
                0x000004ef       0x34 ./USB_DEVICE/Target/usbd_conf.o
 .ARM.attributes
                0x00000523       0x34 C:/ST/STM32CubeIDE_1.17.0/STM32CubeIDE/plugins/com.st.stm32cube.ide.mcu.externaltools.gnu-tools-for-stm32.12.3.rel1.win32_1.1.0.202410251130/tools/bin/../lib/gcc/arm-none-eabi/12.3.1/../../../../arm-none-eabi/lib/thumb/v7e-m+fp/hard\libc_nano.a(libc_a-memset.o)
 .ARM.attributes
                0x00000557       0x34 C:/ST/STM32CubeIDE_1.17.0/STM32CubeIDE/plugins/com.st.stm32cube.ide.mcu.externaltools.gnu-tools-for-stm32.12.3.rel1.win32_1.1.0.202410251130/tools/bin/../lib/gcc/arm-none-eabi/12.3.1/../../../../arm-none-eabi/lib/thumb/v7e-m+fp/hard\libc_nano.a(libc_a-init.o)
 .ARM.attributes
                0x0000058b       0x22 C:/ST/STM32CubeIDE_1.17.0/STM32CubeIDE/plugins/com.st.stm32cube.ide.mcu.externaltools.gnu-tools-for-stm32.12.3.rel1.win32_1.1.0.202410251130/tools/bin/../lib/gcc/arm-none-eabi/12.3.1/thumb/v7e-m+fp/hard\libgcc.a(_aeabi_uldivmod.o)
 .ARM.attributes
                0x000005ad       0x34 C:/ST/STM32CubeIDE_1.17.0/STM32CubeIDE/plugins/com.st.stm32cube.ide.mcu.externaltools.gnu-tools-for-stm32.12.3.rel1.win32_1.1.0.202410251130/tools/bin/../lib/gcc/arm-none-eabi/12.3.1/thumb/v7e-m+fp/hard\libgcc.a(_udivmoddi4.o)
 .ARM.attributes
                0x000005e1       0x22 C:/ST/STM32CubeIDE_1.17.0/STM32CubeIDE/plugins/com.st.stm32cube.ide.mcu.externaltools.gnu-tools-for-stm32.12.3.rel1.win32_1.1.0.202410251130/tools/bin/../lib/gcc/arm-none-eabi/12.3.1/thumb/v7e-m+fp/hard\libgcc.a(_dvmd_tls.o)
 .ARM.attributes
                0x00000603       0x22 C:/ST/STM32CubeIDE_1.17.0/STM32CubeIDE/plugins/com.st.stm32cube.ide.mcu.externaltools.gnu-tools-for-stm32.12.3.rel1.win32_1.1.0.202410251130/tools/bin/../lib/gcc/arm-none-eabi/12.3.1/thumb/v7e-m+fp/hard/crtn.o
OUTPUT(button_usb.elf elf32-littlearm)
LOAD linker stubs
LOAD C:/ST/STM32CubeIDE_1.17.0/STM32CubeIDE/plugins/com.st.stm32cube.ide.mcu.externaltools.gnu-tools-for-stm32.12.3.rel1.win32_1.1.0.202410251130/tools/bin/../lib/gcc/arm-none-eabi/12.3.1/../../../../arm-none-eabi/lib/thumb/v7e-m+fp/hard\libc.a
LOAD C:/ST/STM32CubeIDE_1.17.0/STM32CubeIDE/plugins/com.st.stm32cube.ide.mcu.externaltools.gnu-tools-for-stm32.12.3.rel1.win32_1.1.0.202410251130/tools/bin/../lib/gcc/arm-none-eabi/12.3.1/../../../../arm-none-eabi/lib/thumb/v7e-m+fp/hard\libm.a
LOAD C:/ST/STM32CubeIDE_1.17.0/STM32CubeIDE/plugins/com.st.stm32cube.ide.mcu.externaltools.gnu-tools-for-stm32.12.3.rel1.win32_1.1.0.202410251130/tools/bin/../lib/gcc/arm-none-eabi/12.3.1/thumb/v7e-m+fp/hard\libgcc.a

.debug_info     0x00000000    0x14868
 .debug_info    0x00000000     0x19a5 ./Core/Src/main.o
 .debug_info    0x000019a5      0xfeb ./Core/Src/stm32f4xx_hal_msp.o
 .debug_info    0x00002990      0xb24 ./Core/Src/stm32f4xx_it.o
 .debug_info    0x000034b4      0x52e ./Core/Src/system_stm32f4xx.o
 .debug_info    0x000039e2       0x30 ./Core/Startup/startup_stm32f439zitx.o
 .debug_info    0x00003a12      0x9c0 ./Drivers/STM32F4xx_HAL_Driver/Src/stm32f4xx_hal.o
 .debug_info    0x000043d2      0xcd4 ./Drivers/STM32F4xx_HAL_Driver/Src/stm32f4xx_hal_adc.o
 .debug_info    0x000050a6      0xb59 ./Drivers/STM32F4xx_HAL_Driver/Src/stm32f4xx_hal_adc_ex.o
 .debug_info    0x00005bff      0xdc8 ./Drivers/STM32F4xx_HAL_Driver/Src/stm32f4xx_hal_cortex.o
 .debug_info    0x000069c7      0x8e7 ./Drivers/STM32F4xx_HAL_Driver/Src/stm32f4xx_hal_dma.o
 .debug_info    0x000072ae      0x6db ./Drivers/STM32F4xx_HAL_Driver/Src/stm32f4xx_hal_gpio.o
 .debug_info    0x00007989     0x156f ./Drivers/STM32F4xx_HAL_Driver/Src/stm32f4xx_hal_pcd.o
 .debug_info    0x00008ef8      0x6ea ./Drivers/STM32F4xx_HAL_Driver/Src/stm32f4xx_hal_pcd_ex.o
 .debug_info    0x000095e2      0x8c7 ./Drivers/STM32F4xx_HAL_Driver/Src/stm32f4xx_hal_rcc.o
 .debug_info    0x00009ea9     0x299d ./Drivers/STM32F4xx_HAL_Driver/Src/stm32f4xx_hal_tim.o
 .debug_info    0x0000c846     0x14db ./Drivers/STM32F4xx_HAL_Driver/Src/stm32f4xx_hal_tim_ex.o
 .debug_info    0x0000dd21     0x1993 ./Drivers/STM32F4xx_HAL_Driver/Src/stm32f4xx_ll_usb.o
 .debug_info    0x0000f6b4      0xa84 ./Middlewares/ST/STM32_USB_Device_Library/Class/HID/Src/usbd_hid.o
 .debug_info    0x00010138      0xe05 ./Middlewares/ST/STM32_USB_Device_Library/Core/Src/usbd_core.o
 .debug_info    0x00010f3d      0xade ./Middlewares/ST/STM32_USB_Device_Library/Core/Src/usbd_ctlreq.o
 .debug_info    0x00011a1b      0x755 ./Middlewares/ST/STM32_USB_Device_Library/Core/Src/usbd_ioreq.o
 .debug_info    0x00012170      0x5ef ./USB_DEVICE/App/usb_device.o
 .debug_info    0x0001275f      0x458 ./USB_DEVICE/App/usbd_desc.o
 .debug_info    0x00012bb7     0x1cb1 ./USB_DEVICE/Target/usbd_conf.o

.debug_abbrev   0x00000000     0x358e
 .debug_abbrev  0x00000000      0x352 ./Core/Src/main.o
 .debug_abbrev  0x00000352      0x232 ./Core/Src/stm32f4xx_hal_msp.o
 .debug_abbrev  0x00000584      0x1d2 ./Core/Src/stm32f4xx_it.o
 .debug_abbrev  0x00000756      0x11a ./Core/Src/system_stm32f4xx.o
 .debug_abbrev  0x00000870       0x24 ./Core/Startup/startup_stm32f439zitx.o
 .debug_abbrev  0x00000894      0x214 ./Drivers/STM32F4xx_HAL_Driver/Src/stm32f4xx_hal.o
 .debug_abbrev  0x00000aa8      0x252 ./Drivers/STM32F4xx_HAL_Driver/Src/stm32f4xx_hal_adc.o
 .debug_abbrev  0x00000cfa      0x270 ./Drivers/STM32F4xx_HAL_Driver/Src/stm32f4xx_hal_adc_ex.o
 .debug_abbrev  0x00000f6a      0x31d ./Drivers/STM32F4xx_HAL_Driver/Src/stm32f4xx_hal_cortex.o
 .debug_abbrev  0x00001287      0x264 ./Drivers/STM32F4xx_HAL_Driver/Src/stm32f4xx_hal_dma.o
 .debug_abbrev  0x000014eb      0x1d4 ./Drivers/STM32F4xx_HAL_Driver/Src/stm32f4xx_hal_gpio.o
 .debug_abbrev  0x000016bf      0x2b9 ./Drivers/STM32F4xx_HAL_Driver/Src/stm32f4xx_hal_pcd.o
 .debug_abbrev  0x00001978      0x1da ./Drivers/STM32F4xx_HAL_Driver/Src/stm32f4xx_hal_pcd_ex.o
 .debug_abbrev  0x00001b52      0x2b7 ./Drivers/STM32F4xx_HAL_Driver/Src/stm32f4xx_hal_rcc.o
 .debug_abbrev  0x00001e09      0x278 ./Drivers/STM32F4xx_HAL_Driver/Src/stm32f4xx_hal_tim.o
 .debug_abbrev  0x00002081      0x283 ./Drivers/STM32F4xx_HAL_Driver/Src/stm32f4xx_hal_tim_ex.o
 .debug_abbrev  0x00002304      0x2b3 ./Drivers/STM32F4xx_HAL_Driver/Src/stm32f4xx_ll_usb.o
 .debug_abbrev  0x000025b7      0x2a2 ./Middlewares/ST/STM32_USB_Device_Library/Class/HID/Src/usbd_hid.o
 .debug_abbrev  0x00002859      0x27c ./Middlewares/ST/STM32_USB_Device_Library/Core/Src/usbd_core.o
 .debug_abbrev  0x00002ad5      0x26f ./Middlewares/ST/STM32_USB_Device_Library/Core/Src/usbd_ctlreq.o
 .debug_abbrev  0x00002d44      0x19a ./Middlewares/ST/STM32_USB_Device_Library/Core/Src/usbd_ioreq.o
 .debug_abbrev  0x00002ede      0x190 ./USB_DEVICE/App/usb_device.o
 .debug_abbrev  0x0000306e      0x1e1 ./USB_DEVICE/App/usbd_desc.o
 .debug_abbrev  0x0000324f      0x33f ./USB_DEVICE/Target/usbd_conf.o

.debug_aranges  0x00000000     0x1280
 .debug_aranges
                0x00000000       0x58 ./Core/Src/main.o
 .debug_aranges
                0x00000058       0x40 ./Core/Src/stm32f4xx_hal_msp.o
 .debug_aranges
                0x00000098       0x78 ./Core/Src/stm32f4xx_it.o
 .debug_aranges
                0x00000110       0x28 ./Core/Src/system_stm32f4xx.o
 .debug_aranges
                0x00000138       0x28 ./Core/Startup/startup_stm32f439zitx.o
 .debug_aranges
                0x00000160      0x100 ./Drivers/STM32F4xx_HAL_Driver/Src/stm32f4xx_hal.o
 .debug_aranges
                0x00000260       0xe8 ./Drivers/STM32F4xx_HAL_Driver/Src/stm32f4xx_hal_adc.o
 .debug_aranges
                0x00000348       0x90 ./Drivers/STM32F4xx_HAL_Driver/Src/stm32f4xx_hal_adc_ex.o
 .debug_aranges
                0x000003d8      0x130 ./Drivers/STM32F4xx_HAL_Driver/Src/stm32f4xx_hal_cortex.o
 .debug_aranges
                0x00000508       0x90 ./Drivers/STM32F4xx_HAL_Driver/Src/stm32f4xx_hal_dma.o
 .debug_aranges
                0x00000598       0x58 ./Drivers/STM32F4xx_HAL_Driver/Src/stm32f4xx_hal_gpio.o
 .debug_aranges
                0x000005f0      0x148 ./Drivers/STM32F4xx_HAL_Driver/Src/stm32f4xx_hal_pcd.o
 .debug_aranges
                0x00000738       0x38 ./Drivers/STM32F4xx_HAL_Driver/Src/stm32f4xx_hal_pcd_ex.o
 .debug_aranges
                0x00000770       0x88 ./Drivers/STM32F4xx_HAL_Driver/Src/stm32f4xx_hal_rcc.o
 .debug_aranges
                0x000007f8      0x3d0 ./Drivers/STM32F4xx_HAL_Driver/Src/stm32f4xx_hal_tim.o
 .debug_aranges
                0x00000bc8      0x168 ./Drivers/STM32F4xx_HAL_Driver/Src/stm32f4xx_hal_tim_ex.o
 .debug_aranges
                0x00000d30      0x1a0 ./Drivers/STM32F4xx_HAL_Driver/Src/stm32f4xx_ll_usb.o
 .debug_aranges
                0x00000ed0       0x68 ./Middlewares/ST/STM32_USB_Device_Library/Class/HID/Src/usbd_hid.o
 .debug_aranges
                0x00000f38       0xd8 ./Middlewares/ST/STM32_USB_Device_Library/Core/Src/usbd_core.o
 .debug_aranges
                0x00001010       0x90 ./Middlewares/ST/STM32_USB_Device_Library/Core/Src/usbd_ctlreq.o
 .debug_aranges
                0x000010a0       0x50 ./Middlewares/ST/STM32_USB_Device_Library/Core/Src/usbd_ioreq.o
 .debug_aranges
                0x000010f0       0x20 ./USB_DEVICE/App/usb_device.o
 .debug_aranges
                0x00001110       0x60 ./USB_DEVICE/App/usbd_desc.o
 .debug_aranges
                0x00001170      0x110 ./USB_DEVICE/Target/usbd_conf.o

.debug_rnglists
                0x00000000      0xe23
 .debug_rnglists
                0x00000000       0x42 ./Core/Src/main.o
 .debug_rnglists
                0x00000042       0x2c ./Core/Src/stm32f4xx_hal_msp.o
 .debug_rnglists
                0x0000006e       0x55 ./Core/Src/stm32f4xx_it.o
 .debug_rnglists
                0x000000c3       0x1a ./Core/Src/system_stm32f4xx.o
 .debug_rnglists
                0x000000dd       0x19 ./Core/Startup/startup_stm32f439zitx.o
 .debug_rnglists
                0x000000f6       0xbb ./Drivers/STM32F4xx_HAL_Driver/Src/stm32f4xx_hal.o
 .debug_rnglists
                0x000001b1       0xb5 ./Drivers/STM32F4xx_HAL_Driver/Src/stm32f4xx_hal_adc.o
 .debug_rnglists
                0x00000266       0x71 ./Drivers/STM32F4xx_HAL_Driver/Src/stm32f4xx_hal_adc_ex.o
 .debug_rnglists
                0x000002d7       0xe0 ./Drivers/STM32F4xx_HAL_Driver/Src/stm32f4xx_hal_cortex.o
 .debug_rnglists
                0x000003b7       0x70 ./Drivers/STM32F4xx_HAL_Driver/Src/stm32f4xx_hal_dma.o
 .debug_rnglists
                0x00000427       0x3f ./Drivers/STM32F4xx_HAL_Driver/Src/stm32f4xx_hal_gpio.o
 .debug_rnglists
                0x00000466       0xfa ./Drivers/STM32F4xx_HAL_Driver/Src/stm32f4xx_hal_pcd.o
 .debug_rnglists
                0x00000560       0x26 ./Drivers/STM32F4xx_HAL_Driver/Src/stm32f4xx_hal_pcd_ex.o
 .debug_rnglists
                0x00000586       0x66 ./Drivers/STM32F4xx_HAL_Driver/Src/stm32f4xx_hal_rcc.o
 .debug_rnglists
                0x000005ec      0x31a ./Drivers/STM32F4xx_HAL_Driver/Src/stm32f4xx_hal_tim.o
 .debug_rnglists
                0x00000906      0x125 ./Drivers/STM32F4xx_HAL_Driver/Src/stm32f4xx_hal_tim_ex.o
 .debug_rnglists
                0x00000a2b      0x147 ./Drivers/STM32F4xx_HAL_Driver/Src/stm32f4xx_ll_usb.o
 .debug_rnglists
                0x00000b72       0x4c ./Middlewares/ST/STM32_USB_Device_Library/Class/HID/Src/usbd_hid.o
 .debug_rnglists
                0x00000bbe       0xa1 ./Middlewares/ST/STM32_USB_Device_Library/Core/Src/usbd_core.o
 .debug_rnglists
                0x00000c5f       0x6e ./Middlewares/ST/STM32_USB_Device_Library/Core/Src/usbd_ctlreq.o
 .debug_rnglists
                0x00000ccd       0x37 ./Middlewares/ST/STM32_USB_Device_Library/Core/Src/usbd_ioreq.o
 .debug_rnglists
                0x00000d04       0x13 ./USB_DEVICE/App/usb_device.o
 .debug_rnglists
                0x00000d17       0x43 ./USB_DEVICE/App/usbd_desc.o
 .debug_rnglists
                0x00000d5a       0xc9 ./USB_DEVICE/Target/usbd_conf.o

.debug_macro    0x00000000    0x279b6
 .debug_macro   0x00000000      0x384 ./Core/Src/main.o
 .debug_macro   0x00000384      0xab4 ./Core/Src/main.o
 .debug_macro   0x00000e38      0x2a1 ./Core/Src/main.o
 .debug_macro   0x000010d9       0x2e ./Core/Src/main.o
 .debug_macro   0x00001107       0x28 ./Core/Src/main.o
 .debug_macro   0x0000112f       0x22 ./Core/Src/main.o
 .debug_macro   0x00001151       0x8e ./Core/Src/main.o
 .debug_macro   0x000011df       0x51 ./Core/Src/main.o
 .debug_macro   0x00001230      0x103 ./Core/Src/main.o
 .debug_macro   0x00001333       0x6a ./Core/Src/main.o
 .debug_macro   0x0000139d      0x1df ./Core/Src/main.o
 .debug_macro   0x0000157c       0x1c ./Core/Src/main.o
 .debug_macro   0x00001598       0x22 ./Core/Src/main.o
 .debug_macro   0x000015ba       0xfb ./Core/Src/main.o
 .debug_macro   0x000016b5     0x1011 ./Core/Src/main.o
 .debug_macro   0x000026c6      0x11f ./Core/Src/main.o
 .debug_macro   0x000027e5    0x18622 ./Core/Src/main.o
 .debug_macro   0x0001ae07       0x6d ./Core/Src/main.o
 .debug_macro   0x0001ae74     0x3711 ./Core/Src/main.o
 .debug_macro   0x0001e585      0x189 ./Core/Src/main.o
 .debug_macro   0x0001e70e       0x5c ./Core/Src/main.o
 .debug_macro   0x0001e76a      0xd2a ./Core/Src/main.o
 .debug_macro   0x0001f494      0x9e9 ./Core/Src/main.o
 .debug_macro   0x0001fe7d      0x115 ./Core/Src/main.o
 .debug_macro   0x0001ff92      0x156 ./Core/Src/main.o
 .debug_macro   0x000200e8       0xa5 ./Core/Src/main.o
 .debug_macro   0x0002018d      0x182 ./Core/Src/main.o
 .debug_macro   0x0002030f      0x287 ./Core/Src/main.o
 .debug_macro   0x00020596       0x5f ./Core/Src/main.o
 .debug_macro   0x000205f5      0x236 ./Core/Src/main.o
 .debug_macro   0x0002082b      0xb54 ./Core/Src/main.o
 .debug_macro   0x0002137f      0x38b ./Core/Src/main.o
 .debug_macro   0x0002170a      0x184 ./Core/Src/main.o
 .debug_macro   0x0002188e       0xf9 ./Core/Src/main.o
 .debug_macro   0x00021987      0x132 ./Core/Src/main.o
 .debug_macro   0x00021ab9      0x41d ./Core/Src/main.o
 .debug_macro   0x00021ed6       0x2e ./Core/Src/main.o
 .debug_macro   0x00021f04      0x127 ./Core/Src/main.o
 .debug_macro   0x0002202b       0xe2 ./Core/Src/main.o
 .debug_macro   0x0002210d       0x89 ./Core/Src/main.o
 .debug_macro   0x00022196      0x8ed ./Core/Src/main.o
 .debug_macro   0x00022a83       0x4d ./Core/Src/main.o
 .debug_macro   0x00022ad0      0x293 ./Core/Src/main.o
 .debug_macro   0x00022d63       0xba ./Core/Src/main.o
 .debug_macro   0x00022e1d      0x134 ./Core/Src/main.o
 .debug_macro   0x00022f51       0x61 ./Core/Src/main.o
 .debug_macro   0x00022fb2       0x2a ./Core/Src/main.o
 .debug_macro   0x00022fdc       0x43 ./Core/Src/main.o
 .debug_macro   0x0002301f       0x34 ./Core/Src/main.o
 .debug_macro   0x00023053       0x16 ./Core/Src/main.o
 .debug_macro   0x00023069       0x35 ./Core/Src/main.o
 .debug_macro   0x0002309e      0x369 ./Core/Src/main.o
 .debug_macro   0x00023407       0x10 ./Core/Src/main.o
 .debug_macro   0x00023417       0x16 ./Core/Src/main.o
 .debug_macro   0x0002342d       0x43 ./Core/Src/main.o
 .debug_macro   0x00023470       0x34 ./Core/Src/main.o
 .debug_macro   0x000234a4       0x10 ./Core/Src/main.o
 .debug_macro   0x000234b4       0x58 ./Core/Src/main.o
 .debug_macro   0x0002350c       0x8e ./Core/Src/main.o
 .debug_macro   0x0002359a       0x1c ./Core/Src/main.o
 .debug_macro   0x000235b6      0x177 ./Core/Src/main.o
 .debug_macro   0x0002372d       0x16 ./Core/Src/main.o
 .debug_macro   0x00023743       0x16 ./Core/Src/main.o
 .debug_macro   0x00023759      0x146 ./Core/Src/main.o
 .debug_macro   0x0002389f       0x16 ./Core/Src/main.o
 .debug_macro   0x000238b5       0x16 ./Core/Src/main.o
 .debug_macro   0x000238cb       0x29 ./Core/Src/main.o
 .debug_macro   0x000238f4       0x16 ./Core/Src/main.o
 .debug_macro   0x0002390a       0x20 ./Core/Src/main.o
 .debug_macro   0x0002392a       0x6b ./Core/Src/main.o
 .debug_macro   0x00023995      0x20f ./Core/Src/main.o
 .debug_macro   0x00023ba4      0x21a ./Core/Src/stm32f4xx_hal_msp.o
 .debug_macro   0x00023dbe      0x224 ./Core/Src/stm32f4xx_it.o
 .debug_macro   0x00023fe2      0x210 ./Core/Src/system_stm32f4xx.o
 .debug_macro   0x000241f2      0x270 ./Drivers/STM32F4xx_HAL_Driver/Src/stm32f4xx_hal.o
 .debug_macro   0x00024462      0x211 ./Drivers/STM32F4xx_HAL_Driver/Src/stm32f4xx_hal_adc.o
 .debug_macro   0x00024673      0x210 ./Drivers/STM32F4xx_HAL_Driver/Src/stm32f4xx_hal_adc_ex.o
 .debug_macro   0x00024883      0x210 ./Drivers/STM32F4xx_HAL_Driver/Src/stm32f4xx_hal_cortex.o
 .debug_macro   0x00024a93      0x216 ./Drivers/STM32F4xx_HAL_Driver/Src/stm32f4xx_hal_dma.o
 .debug_macro   0x00024ca9      0x216 ./Drivers/STM32F4xx_HAL_Driver/Src/stm32f4xx_hal_gpio.o
 .debug_macro   0x00024ebf      0x21c ./Drivers/STM32F4xx_HAL_Driver/Src/stm32f4xx_hal_pcd.o
 .debug_macro   0x000250db      0x210 ./Drivers/STM32F4xx_HAL_Driver/Src/stm32f4xx_hal_pcd_ex.o
 .debug_macro   0x000252eb      0x234 ./Drivers/STM32F4xx_HAL_Driver/Src/stm32f4xx_hal_rcc.o
 .debug_macro   0x0002551f      0x211 ./Drivers/STM32F4xx_HAL_Driver/Src/stm32f4xx_hal_tim.o
 .debug_macro   0x00025730      0x210 ./Drivers/STM32F4xx_HAL_Driver/Src/stm32f4xx_hal_tim_ex.o
 .debug_macro   0x00025940      0x210 ./Drivers/STM32F4xx_HAL_Driver/Src/stm32f4xx_ll_usb.o
 .debug_macro   0x00025b50      0x3a9 ./Middlewares/ST/STM32_USB_Device_Library/Class/HID/Src/usbd_hid.o
 .debug_macro   0x00025ef9       0x9e ./Middlewares/ST/STM32_USB_Device_Library/Class/HID/Src/usbd_hid.o
 .debug_macro   0x00025f97      0x10b ./Middlewares/ST/STM32_USB_Device_Library/Class/HID/Src/usbd_hid.o
 .debug_macro   0x000260a2       0x56 ./Middlewares/ST/STM32_USB_Device_Library/Class/HID/Src/usbd_hid.o
 .debug_macro   0x000260f8       0x5f ./Middlewares/ST/STM32_USB_Device_Library/Class/HID/Src/usbd_hid.o
 .debug_macro   0x00026157      0x390 ./Middlewares/ST/STM32_USB_Device_Library/Core/Src/usbd_core.o
 .debug_macro   0x000264e7      0x215 ./Middlewares/ST/STM32_USB_Device_Library/Core/Src/usbd_core.o
 .debug_macro   0x000266fc      0x39a ./Middlewares/ST/STM32_USB_Device_Library/Core/Src/usbd_ctlreq.o
 .debug_macro   0x00026a96      0x396 ./Middlewares/ST/STM32_USB_Device_Library/Core/Src/usbd_ioreq.o
 .debug_macro   0x00026e2c      0x3c6 ./USB_DEVICE/App/usb_device.o
 .debug_macro   0x000271f2       0x22 ./USB_DEVICE/App/usb_device.o
 .debug_macro   0x00027214      0x3d3 ./USB_DEVICE/App/usbd_desc.o
 .debug_macro   0x000275e7       0x1c ./USB_DEVICE/App/usbd_desc.o
 .debug_macro   0x00027603      0x3b3 ./USB_DEVICE/Target/usbd_conf.o

.debug_line     0x00000000    0x178dd
 .debug_line    0x00000000      0xbcf ./Core/Src/main.o
 .debug_line    0x00000bcf      0x866 ./Core/Src/stm32f4xx_hal_msp.o
 .debug_line    0x00001435      0x8c7 ./Core/Src/stm32f4xx_it.o
 .debug_line    0x00001cfc      0x841 ./Core/Src/system_stm32f4xx.o
 .debug_line    0x0000253d       0x7a ./Core/Startup/startup_stm32f439zitx.o
 .debug_line    0x000025b7      0xae0 ./Drivers/STM32F4xx_HAL_Driver/Src/stm32f4xx_hal.o
 .debug_line    0x00003097     0x133e ./Drivers/STM32F4xx_HAL_Driver/Src/stm32f4xx_hal_adc.o
 .debug_line    0x000043d5      0xfa8 ./Drivers/STM32F4xx_HAL_Driver/Src/stm32f4xx_hal_adc_ex.o
 .debug_line    0x0000537d      0xd9c ./Drivers/STM32F4xx_HAL_Driver/Src/stm32f4xx_hal_cortex.o
 .debug_line    0x00006119     0x101a ./Drivers/STM32F4xx_HAL_Driver/Src/stm32f4xx_hal_dma.o
 .debug_line    0x00007133      0xc5e ./Drivers/STM32F4xx_HAL_Driver/Src/stm32f4xx_hal_gpio.o
 .debug_line    0x00007d91     0x1593 ./Drivers/STM32F4xx_HAL_Driver/Src/stm32f4xx_hal_pcd.o
 .debug_line    0x00009324      0x887 ./Drivers/STM32F4xx_HAL_Driver/Src/stm32f4xx_hal_pcd_ex.o
 .debug_line    0x00009bab      0xe35 ./Drivers/STM32F4xx_HAL_Driver/Src/stm32f4xx_hal_rcc.o
 .debug_line    0x0000a9e0     0x384e ./Drivers/STM32F4xx_HAL_Driver/Src/stm32f4xx_hal_tim.o
 .debug_line    0x0000e22e     0x1aa0 ./Drivers/STM32F4xx_HAL_Driver/Src/stm32f4xx_hal_tim_ex.o
 .debug_line    0x0000fcce     0x1e85 ./Drivers/STM32F4xx_HAL_Driver/Src/stm32f4xx_ll_usb.o
 .debug_line    0x00011b53      0xceb ./Middlewares/ST/STM32_USB_Device_Library/Class/HID/Src/usbd_hid.o
 .debug_line    0x0001283e      0xfba ./Middlewares/ST/STM32_USB_Device_Library/Core/Src/usbd_core.o
 .debug_line    0x000137f8     0x11ca ./Middlewares/ST/STM32_USB_Device_Library/Core/Src/usbd_ctlreq.o
 .debug_line    0x000149c2      0xad4 ./Middlewares/ST/STM32_USB_Device_Library/Core/Src/usbd_ioreq.o
 .debug_line    0x00015496      0xa75 ./USB_DEVICE/App/usb_device.o
 .debug_line    0x00015f0b      0xb59 ./USB_DEVICE/App/usbd_desc.o
 .debug_line    0x00016a64      0xe79 ./USB_DEVICE/Target/usbd_conf.o

.debug_str      0x00000000    0xea750
 .debug_str     0x00000000    0xe5def ./Core/Src/main.o
                              0xe6274 (size before relaxing)
 .debug_str     0x000e5def       0xc4 ./Core/Src/stm32f4xx_hal_msp.o
                              0xe189a (size before relaxing)
 .debug_str     0x000e5eb3      0x48e ./Core/Src/stm32f4xx_it.o
                              0xe1278 (size before relaxing)
 .debug_str     0x000e6341       0xdb ./Core/Src/system_stm32f4xx.o
                              0xe0b9e (size before relaxing)
 .debug_str     0x000e641c       0x44 ./Core/Startup/startup_stm32f439zitx.o
                                 0x64 (size before relaxing)
 .debug_str     0x000e6460      0x648 ./Drivers/STM32F4xx_HAL_Driver/Src/stm32f4xx_hal.o
                              0xe17cb (size before relaxing)
 .debug_str     0x000e6aa8      0x28f ./Drivers/STM32F4xx_HAL_Driver/Src/stm32f4xx_hal_adc.o
                              0xe1178 (size before relaxing)
 .debug_str     0x000e6d37      0x2df ./Drivers/STM32F4xx_HAL_Driver/Src/stm32f4xx_hal_adc_ex.o
                              0xe11cc (size before relaxing)
 .debug_str     0x000e7016      0x36b ./Drivers/STM32F4xx_HAL_Driver/Src/stm32f4xx_hal_cortex.o
                              0xe14f9 (size before relaxing)
 .debug_str     0x000e7381      0x2cf ./Drivers/STM32F4xx_HAL_Driver/Src/stm32f4xx_hal_dma.o
                              0xe0fa5 (size before relaxing)
 .debug_str     0x000e7650      0x122 ./Drivers/STM32F4xx_HAL_Driver/Src/stm32f4xx_hal_gpio.o
                              0xe0d19 (size before relaxing)
 .debug_str     0x000e7772      0x831 ./Drivers/STM32F4xx_HAL_Driver/Src/stm32f4xx_hal_pcd.o
                              0xe1669 (size before relaxing)
 .debug_str     0x000e7fa3      0x115 ./Drivers/STM32F4xx_HAL_Driver/Src/stm32f4xx_hal_pcd_ex.o
                              0xe0f59 (size before relaxing)
 .debug_str     0x000e80b8      0x21f ./Drivers/STM32F4xx_HAL_Driver/Src/stm32f4xx_hal_rcc.o
                              0xe0fd2 (size before relaxing)
 .debug_str     0x000e82d7      0xdde ./Drivers/STM32F4xx_HAL_Driver/Src/stm32f4xx_hal_tim.o
                              0xe1f15 (size before relaxing)
 .debug_str     0x000e90b5      0x493 ./Drivers/STM32F4xx_HAL_Driver/Src/stm32f4xx_hal_tim_ex.o
                              0xe1721 (size before relaxing)
 .debug_str     0x000e9548      0x4ad ./Drivers/STM32F4xx_HAL_Driver/Src/stm32f4xx_ll_usb.o
                              0xe1544 (size before relaxing)
 .debug_str     0x000e99f5      0x4ce ./Middlewares/ST/STM32_USB_Device_Library/Class/HID/Src/usbd_hid.o
                              0xe5560 (size before relaxing)
 .debug_str     0x000e9ec3      0x366 ./Middlewares/ST/STM32_USB_Device_Library/Core/Src/usbd_core.o
                              0xe54cb (size before relaxing)
 .debug_str     0x000ea229      0x139 ./Middlewares/ST/STM32_USB_Device_Library/Core/Src/usbd_ctlreq.o
                              0xe52f6 (size before relaxing)
 .debug_str     0x000ea362       0x79 ./Middlewares/ST/STM32_USB_Device_Library/Core/Src/usbd_ioreq.o
                              0xe51cb (size before relaxing)
 .debug_str     0x000ea3db       0xa2 ./USB_DEVICE/App/usb_device.o
                              0xe535e (size before relaxing)
 .debug_str     0x000ea47d      0x26b ./USB_DEVICE/App/usbd_desc.o
                              0xe50c8 (size before relaxing)
 .debug_str     0x000ea6e8       0x68 ./USB_DEVICE/Target/usbd_conf.o
                              0xe62e1 (size before relaxing)

.comment        0x00000000       0x43
 .comment       0x00000000       0x43 ./Core/Src/main.o
                                 0x44 (size before relaxing)
 .comment       0x00000043       0x44 ./Core/Src/stm32f4xx_hal_msp.o
 .comment       0x00000043       0x44 ./Core/Src/stm32f4xx_it.o
 .comment       0x00000043       0x44 ./Core/Src/system_stm32f4xx.o
 .comment       0x00000043       0x44 ./Drivers/STM32F4xx_HAL_Driver/Src/stm32f4xx_hal.o
 .comment       0x00000043       0x44 ./Drivers/STM32F4xx_HAL_Driver/Src/stm32f4xx_hal_adc.o
 .comment       0x00000043       0x44 ./Drivers/STM32F4xx_HAL_Driver/Src/stm32f4xx_hal_adc_ex.o
 .comment       0x00000043       0x44 ./Drivers/STM32F4xx_HAL_Driver/Src/stm32f4xx_hal_cortex.o
 .comment       0x00000043       0x44 ./Drivers/STM32F4xx_HAL_Driver/Src/stm32f4xx_hal_dma.o
 .comment       0x00000043       0x44 ./Drivers/STM32F4xx_HAL_Driver/Src/stm32f4xx_hal_gpio.o
 .comment       0x00000043       0x44 ./Drivers/STM32F4xx_HAL_Driver/Src/stm32f4xx_hal_pcd.o
 .comment       0x00000043       0x44 ./Drivers/STM32F4xx_HAL_Driver/Src/stm32f4xx_hal_pcd_ex.o
 .comment       0x00000043       0x44 ./Drivers/STM32F4xx_HAL_Driver/Src/stm32f4xx_hal_rcc.o
 .comment       0x00000043       0x44 ./Drivers/STM32F4xx_HAL_Driver/Src/stm32f4xx_hal_tim.o
 .comment       0x00000043       0x44 ./Drivers/STM32F4xx_HAL_Driver/Src/stm32f4xx_hal_tim_ex.o
 .comment       0x00000043       0x44 ./Drivers/STM32F4xx_HAL_Driver/Src/stm32f4xx_ll_usb.o
 .comment       0x00000043       0x44 ./Middlewares/ST/STM32_USB_Device_Library/Class/HID/Src/usbd_hid.o
 .comment       0x00000043       0x44 ./Middlewares/ST/STM32_USB_Device_Library/Core/Src/usbd_core.o
 .comment       0x00000043       0x44 ./Middlewares/ST/STM32_USB_Device_Library/Core/Src/usbd_ctlreq.o
 .comment       0x00000043       0x44 ./Middlewares/ST/STM32_USB_Device_Library/Core/Src/usbd_ioreq.o
 .comment       0x00000043       0x44 ./USB_DEVICE/App/usb_device.o
 .comment       0x00000043       0x44 ./USB_DEVICE/App/usbd_desc.o
 .comment       0x00000043       0x44 ./USB_DEVICE/Target/usbd_conf.o

.debug_frame    0x00000000     0x4d68
 .debug_frame   0x00000000      0x120 ./Core/Src/main.o
 .debug_frame   0x00000120       0xd0 ./Core/Src/stm32f4xx_hal_msp.o
 .debug_frame   0x000001f0      0x158 ./Core/Src/stm32f4xx_it.o
 .debug_frame   0x00000348       0x58 ./Core/Src/system_stm32f4xx.o
 .debug_frame   0x000003a0      0x3b4 ./Drivers/STM32F4xx_HAL_Driver/Src/stm32f4xx_hal.o
 .debug_frame   0x00000754      0x3fc ./Drivers/STM32F4xx_HAL_Driver/Src/stm32f4xx_hal_adc.o
 .debug_frame   0x00000b50      0x250 ./Drivers/STM32F4xx_HAL_Driver/Src/stm32f4xx_hal_adc_ex.o
 .debug_frame   0x00000da0      0x508 ./Drivers/STM32F4xx_HAL_Driver/Src/stm32f4xx_hal_cortex.o
 .debug_frame   0x000012a8      0x250 ./Drivers/STM32F4xx_HAL_Driver/Src/stm32f4xx_hal_dma.o
 .debug_frame   0x000014f8      0x14c ./Drivers/STM32F4xx_HAL_Driver/Src/stm32f4xx_hal_gpio.o
 .debug_frame   0x00001644      0x5b8 ./Drivers/STM32F4xx_HAL_Driver/Src/stm32f4xx_hal_pcd.o
 .debug_frame   0x00001bfc       0xb0 ./Drivers/STM32F4xx_HAL_Driver/Src/stm32f4xx_hal_pcd_ex.o
 .debug_frame   0x00001cac      0x1f4 ./Drivers/STM32F4xx_HAL_Driver/Src/stm32f4xx_hal_rcc.o
 .debug_frame   0x00001ea0     0x11c0 ./Drivers/STM32F4xx_HAL_Driver/Src/stm32f4xx_hal_tim.o
 .debug_frame   0x00003060      0x638 ./Drivers/STM32F4xx_HAL_Driver/Src/stm32f4xx_hal_tim_ex.o
 .debug_frame   0x00003698      0x7c0 ./Drivers/STM32F4xx_HAL_Driver/Src/stm32f4xx_ll_usb.o
 .debug_frame   0x00003e58      0x184 ./Middlewares/ST/STM32_USB_Device_Library/Class/HID/Src/usbd_hid.o
 .debug_frame   0x00003fdc      0x390 ./Middlewares/ST/STM32_USB_Device_Library/Core/Src/usbd_core.o
 .debug_frame   0x0000436c      0x23c ./Middlewares/ST/STM32_USB_Device_Library/Core/Src/usbd_ctlreq.o
 .debug_frame   0x000045a8      0x10c ./Middlewares/ST/STM32_USB_Device_Library/Core/Src/usbd_ioreq.o
 .debug_frame   0x000046b4       0x2c ./USB_DEVICE/App/usb_device.o
 .debug_frame   0x000046e0      0x160 ./USB_DEVICE/App/usbd_desc.o
 .debug_frame   0x00004840      0x47c ./USB_DEVICE/Target/usbd_conf.o
 .debug_frame   0x00004cbc       0x20 C:/ST/STM32CubeIDE_1.17.0/STM32CubeIDE/plugins/com.st.stm32cube.ide.mcu.externaltools.gnu-tools-for-stm32.12.3.rel1.win32_1.1.0.202410251130/tools/bin/../lib/gcc/arm-none-eabi/12.3.1/../../../../arm-none-eabi/lib/thumb/v7e-m+fp/hard\libc_nano.a(libc_a-memset.o)
 .debug_frame   0x00004cdc       0x2c C:/ST/STM32CubeIDE_1.17.0/STM32CubeIDE/plugins/com.st.stm32cube.ide.mcu.externaltools.gnu-tools-for-stm32.12.3.rel1.win32_1.1.0.202410251130/tools/bin/../lib/gcc/arm-none-eabi/12.3.1/../../../../arm-none-eabi/lib/thumb/v7e-m+fp/hard\libc_nano.a(libc_a-init.o)
 .debug_frame   0x00004d08       0x2c C:/ST/STM32CubeIDE_1.17.0/STM32CubeIDE/plugins/com.st.stm32cube.ide.mcu.externaltools.gnu-tools-for-stm32.12.3.rel1.win32_1.1.0.202410251130/tools/bin/../lib/gcc/arm-none-eabi/12.3.1/thumb/v7e-m+fp/hard\libgcc.a(_aeabi_uldivmod.o)
 .debug_frame   0x00004d34       0x34 C:/ST/STM32CubeIDE_1.17.0/STM32CubeIDE/plugins/com.st.stm32cube.ide.mcu.externaltools.gnu-tools-for-stm32.12.3.rel1.win32_1.1.0.202410251130/tools/bin/../lib/gcc/arm-none-eabi/12.3.1/thumb/v7e-m+fp/hard\libgcc.a(_udivmoddi4.o)

.debug_line_str
                0x00000000       0x48
 .debug_line_str
                0x00000000       0x48 ./Core/Startup/startup_stm32f439zitx.o
