Archive member included to satisfy reference by file (symbol)

D:/Programs/STMicroelectronics/STM32CubeIDE_1.14.0/STM32CubeIDE/plugins/com.st.stm32cube.ide.mcu.externaltools.gnu-tools-for-stm32.13.3.rel1.win32_1.0.0.202411081344/tools/bin/../lib/gcc/arm-none-eabi/13.3.1/../../../../arm-none-eabi/lib/thumb/v7e-m+fp/hard\libc_nano.a(libc_a-exit.o)
                              D:/Programs/STMicroelectronics/STM32CubeIDE_1.14.0/STM32CubeIDE/plugins/com.st.stm32cube.ide.mcu.externaltools.gnu-tools-for-stm32.13.3.rel1.win32_1.0.0.202411081344/tools/bin/../lib/gcc/arm-none-eabi/13.3.1/../../../../arm-none-eabi/lib/thumb/v7e-m+fp/hard/crt0.o (exit)
D:/Programs/STMicroelectronics/STM32CubeIDE_1.14.0/STM32CubeIDE/plugins/com.st.stm32cube.ide.mcu.externaltools.gnu-tools-for-stm32.13.3.rel1.win32_1.0.0.202411081344/tools/bin/../lib/gcc/arm-none-eabi/13.3.1/../../../../arm-none-eabi/lib/thumb/v7e-m+fp/hard\libc_nano.a(libc_a-findfp.o)
                              D:/Programs/STMicroelectronics/STM32CubeIDE_1.14.0/STM32CubeIDE/plugins/com.st.stm32cube.ide.mcu.externaltools.gnu-tools-for-stm32.13.3.rel1.win32_1.0.0.202411081344/tools/bin/../lib/gcc/arm-none-eabi/13.3.1/../../../../arm-none-eabi/lib/thumb/v7e-m+fp/hard\libc_nano.a(libc_a-exit.o) (__stdio_exit_handler)
D:/Programs/STMicroelectronics/STM32CubeIDE_1.14.0/STM32CubeIDE/plugins/com.st.stm32cube.ide.mcu.externaltools.gnu-tools-for-stm32.13.3.rel1.win32_1.0.0.202411081344/tools/bin/../lib/gcc/arm-none-eabi/13.3.1/../../../../arm-none-eabi/lib/thumb/v7e-m+fp/hard\libc_nano.a(libc_a-fwalk.o)
                              D:/Programs/STMicroelectronics/STM32CubeIDE_1.14.0/STM32CubeIDE/plugins/com.st.stm32cube.ide.mcu.externaltools.gnu-tools-for-stm32.13.3.rel1.win32_1.0.0.202411081344/tools/bin/../lib/gcc/arm-none-eabi/13.3.1/../../../../arm-none-eabi/lib/thumb/v7e-m+fp/hard\libc_nano.a(libc_a-findfp.o) (_fwalk_sglue)
D:/Programs/STMicroelectronics/STM32CubeIDE_1.14.0/STM32CubeIDE/plugins/com.st.stm32cube.ide.mcu.externaltools.gnu-tools-for-stm32.13.3.rel1.win32_1.0.0.202411081344/tools/bin/../lib/gcc/arm-none-eabi/13.3.1/../../../../arm-none-eabi/lib/thumb/v7e-m+fp/hard\libc_nano.a(libc_a-stdio.o)
                              D:/Programs/STMicroelectronics/STM32CubeIDE_1.14.0/STM32CubeIDE/plugins/com.st.stm32cube.ide.mcu.externaltools.gnu-tools-for-stm32.13.3.rel1.win32_1.0.0.202411081344/tools/bin/../lib/gcc/arm-none-eabi/13.3.1/../../../../arm-none-eabi/lib/thumb/v7e-m+fp/hard\libc_nano.a(libc_a-findfp.o) (__sread)
D:/Programs/STMicroelectronics/STM32CubeIDE_1.14.0/STM32CubeIDE/plugins/com.st.stm32cube.ide.mcu.externaltools.gnu-tools-for-stm32.13.3.rel1.win32_1.0.0.202411081344/tools/bin/../lib/gcc/arm-none-eabi/13.3.1/../../../../arm-none-eabi/lib/thumb/v7e-m+fp/hard\libc_nano.a(libc_a-memset.o)
                              D:/Programs/STMicroelectronics/STM32CubeIDE_1.14.0/STM32CubeIDE/plugins/com.st.stm32cube.ide.mcu.externaltools.gnu-tools-for-stm32.13.3.rel1.win32_1.0.0.202411081344/tools/bin/../lib/gcc/arm-none-eabi/13.3.1/../../../../arm-none-eabi/lib/thumb/v7e-m+fp/hard/crt0.o (memset)
D:/Programs/STMicroelectronics/STM32CubeIDE_1.14.0/STM32CubeIDE/plugins/com.st.stm32cube.ide.mcu.externaltools.gnu-tools-for-stm32.13.3.rel1.win32_1.0.0.202411081344/tools/bin/../lib/gcc/arm-none-eabi/13.3.1/../../../../arm-none-eabi/lib/thumb/v7e-m+fp/hard\libc_nano.a(libc_a-closer.o)
                              D:/Programs/STMicroelectronics/STM32CubeIDE_1.14.0/STM32CubeIDE/plugins/com.st.stm32cube.ide.mcu.externaltools.gnu-tools-for-stm32.13.3.rel1.win32_1.0.0.202411081344/tools/bin/../lib/gcc/arm-none-eabi/13.3.1/../../../../arm-none-eabi/lib/thumb/v7e-m+fp/hard\libc_nano.a(libc_a-stdio.o) (_close_r)
D:/Programs/STMicroelectronics/STM32CubeIDE_1.14.0/STM32CubeIDE/plugins/com.st.stm32cube.ide.mcu.externaltools.gnu-tools-for-stm32.13.3.rel1.win32_1.0.0.202411081344/tools/bin/../lib/gcc/arm-none-eabi/13.3.1/../../../../arm-none-eabi/lib/thumb/v7e-m+fp/hard\libc_nano.a(libc_a-reent.o)
                              D:/Programs/STMicroelectronics/STM32CubeIDE_1.14.0/STM32CubeIDE/plugins/com.st.stm32cube.ide.mcu.externaltools.gnu-tools-for-stm32.13.3.rel1.win32_1.0.0.202411081344/tools/bin/../lib/gcc/arm-none-eabi/13.3.1/../../../../arm-none-eabi/lib/thumb/v7e-m+fp/hard\libc_nano.a(libc_a-closer.o) (errno)
D:/Programs/STMicroelectronics/STM32CubeIDE_1.14.0/STM32CubeIDE/plugins/com.st.stm32cube.ide.mcu.externaltools.gnu-tools-for-stm32.13.3.rel1.win32_1.0.0.202411081344/tools/bin/../lib/gcc/arm-none-eabi/13.3.1/../../../../arm-none-eabi/lib/thumb/v7e-m+fp/hard\libc_nano.a(libc_a-impure.o)
                              D:/Programs/STMicroelectronics/STM32CubeIDE_1.14.0/STM32CubeIDE/plugins/com.st.stm32cube.ide.mcu.externaltools.gnu-tools-for-stm32.13.3.rel1.win32_1.0.0.202411081344/tools/bin/../lib/gcc/arm-none-eabi/13.3.1/../../../../arm-none-eabi/lib/thumb/v7e-m+fp/hard\libc_nano.a(libc_a-reent.o) (_impure_ptr)
[...]
Memory Configuration

Name             Origin             Length             Attributes
CCMRAM           0x10000000         0x00010000         xrw
RAM              0x20000000         0x00030000         xrw
FLASH            0x08000000         0x00200000         xr
*default*        0x00000000         0xffffffff

Linker script and memory map

LOAD D:/Programs/STMicroelectronics/STM32CubeIDE_1.14.0/STM32CubeIDE/plugins/com.st.stm32cube.ide.mcu.externaltools.gnu-tools-for-stm32.13.3.rel1.win32_1.0.0.202411081344/tools/bin/../lib/gcc/arm-none-eabi/13.3.1/thumb/v7e-m+fp/hard/crti.o
LOAD D:/Programs/STMicroelectronics/STM32CubeIDE_1.14.0/STM32CubeIDE/plugins/com.st.stm32cube.ide.mcu.externaltools.gnu-tools-for-stm32.13.3.rel1.win32_1.0.0.202411081344/tools/bin/../lib/gcc/arm-none-eabi/13.3.1/thumb/v7e-m+fp/hard/crtbegin.o
LOAD D:/Programs/STMicroelectronics/STM32CubeIDE_1.14.0/STM32CubeIDE/plugins/com.st.stm32cube.ide.mcu.externaltools.gnu-tools-for-stm32.13.3.rel1.win32_1.0.0.202411081344/tools/bin/../lib/gcc/arm-none-eabi/13.3.1/../../../../arm-none-eabi/lib/thumb/v7e-m+fp/hard/crt0.o
LOAD ./Core/Src/game_controller.o
LOAD ./Core/Src/main.o
LOAD ./Core/Src/stm32f4xx_hal_msp.o
LOAD ./Core/Src/stm32f4xx_it.o
LOAD ./Core/Src/syscalls.o
LOAD ./Core/Src/sysmem.o
LOAD ./Core/Src/system_stm32f4xx.o
LOAD ./Core/Startup/startup_stm32f439zitx.o
LOAD ./Drivers/STM32F4xx_HAL_Driver/Src/stm32f4xx_hal.o
LOAD ./Drivers/STM32F4xx_HAL_Driver/Src/stm32f4xx_hal_adc.o
LOAD ./Drivers/STM32F4xx_HAL_Driver/Src/stm32f4xx_hal_adc_ex.o
LOAD ./Drivers/STM32F4xx_HAL_Driver/Src/stm32f4xx_hal_cortex.o
LOAD ./Drivers/STM32F4xx_HAL_Driver/Src/stm32f4xx_hal_dma.o
LOAD ./Drivers/STM32F4xx_HAL_Driver/Src/stm32f4xx_hal_dma_ex.o
LOAD ./Drivers/STM32F4xx_HAL_Driver/Src/stm32f4xx_hal_exti.o
LOAD ./Drivers/STM32F4xx_HAL_Driver/Src/stm32f4xx_hal_flash.o
LOAD ./Drivers/STM32F4xx_HAL_Driver/Src/stm32f4xx_hal_flash_ex.o
LOAD ./Drivers/STM32F4xx_HAL_Driver/Src/stm32f4xx_hal_flash_ramfunc.o
LOAD ./Drivers/STM32F4xx_HAL_Driver/Src/stm32f4xx_hal_gpio.o
LOAD ./Drivers/STM32F4xx_HAL_Driver/Src/stm32f4xx_hal_pcd.o
LOAD ./Drivers/STM32F4xx_HAL_Driver/Src/stm32f4xx_hal_pcd_ex.o
LOAD ./Drivers/STM32F4xx_HAL_Driver/Src/stm32f4xx_hal_pwr.o
LOAD ./Drivers/STM32F4xx_HAL_Driver/Src/stm32f4xx_hal_pwr_ex.o
LOAD ./Drivers/STM32F4xx_HAL_Driver/Src/stm32f4xx_hal_rcc.o
LOAD ./Drivers/STM32F4xx_HAL_Driver/Src/stm32f4xx_hal_rcc_ex.o
LOAD ./Drivers/STM32F4xx_HAL_Driver/Src/stm32f4xx_hal_tim.o
LOAD ./Drivers/STM32F4xx_HAL_Driver/Src/stm32f4xx_hal_tim_ex.o
LOAD ./Drivers/STM32F4xx_HAL_Driver/Src/stm32f4xx_ll_adc.o
LOAD ./Drivers/STM32F4xx_HAL_Driver/Src/stm32f4xx_ll_usb.o
LOAD ./Middlewares/ST/STM32_USB_Device_Library/Class/CustomHID/Src/usbd_customhid.o
LOAD ./Middlewares/ST/STM32_USB_Device_Library/Core/Src/usbd_core.o
LOAD ./Middlewares/ST/STM32_USB_Device_Library/Core/Src/usbd_ctlreq.o
LOAD ./Middlewares/ST/STM32_USB_Device_Library/Core/Src/usbd_ioreq.o
LOAD ./USB_DEVICE/App/usb_device.o
LOAD ./USB_DEVICE/App/usbd_custom_hid_if.o
LOAD ./USB_DEVICE/App/usbd_desc.o
LOAD ./USB_DEVICE/Target/usbd_conf.o
START GROUP
LOAD D:/Programs/STMicroelectronics/STM32CubeIDE_1.14.0/STM32CubeIDE/plugins/com.st.stm32cube.ide.mcu.externaltools.gnu-tools-for-stm32.13.3.rel1.win32_1.0.0.202411081344/tools/bin/../lib/gcc/arm-none-eabi/13.3.1/../../../../arm-none-eabi/lib/thumb/v7e-m+fp/hard\libc_nano.a
LOAD D:/Programs/STMicroelectronics/STM32CubeIDE_1.14.0/STM32CubeIDE/plugins/com.st.stm32cube.ide.mcu.externaltools.gnu-tools-for-stm32.13.3.rel1.win32_1.0.0.202411081344/tools/bin/../lib/gcc/arm-none-eabi/13.3.1/../../../../arm-none-eabi/lib/thumb/v7e-m+fp/hard\libm.a
END GROUP
START GROUP
LOAD D:/Programs/STMicroelectronics/STM32CubeIDE_1.14.0/STM32CubeIDE/plugins/com.st.stm32cube.ide.mcu.externaltools.gnu-tools-for-stm32.13.3.rel1.win32_1.0.0.202411081344/tools/bin/../lib/gcc/arm-none-eabi/13.3.1/thumb/v7e-m+fp/hard\libgcc.a
LOAD D:/Programs/STMicroelectronics/STM32CubeIDE_1.14.0/STM32CubeIDE/plugins/com.st.stm32cube.ide.mcu.externaltools.gnu-tools-for-stm32.13.3.rel1.win32_1.0.0.202411081344/tools/bin/../lib/gcc/arm-none-eabi/13.3.1/../../../../arm-none-eabi/lib/thumb/v7e-m+fp/hard\libc_nano.a
END GROUP
START GROUP
LOAD D:/Programs/STMicroelectronics/STM32CubeIDE_1.14.0/STM32CubeIDE/plugins/com.st.stm32cube.ide.mcu.externaltools.gnu-tools-for-stm32.13.3.rel1.win32_1.0.0.202411081344/tools/bin/../lib/gcc/arm-none-eabi/13.3.1/thumb/v7e-m+fp/hard\libgcc.a
LOAD D:/Programs/STMicroelectronics/STM32CubeIDE_1.14.0/STM32CubeIDE/plugins/com.st.stm32cube.ide.mcu.externaltools.gnu-tools-for-stm32.13.3.rel1.win32_1.0.0.202411081344/tools/bin/../lib/gcc/arm-none-eabi/13.3.1/../../../../arm-none-eabi/lib/thumb/v7e-m+fp/hard\libc_nano.a
LOAD D:/Programs/STMicroelectronics/STM32CubeIDE_1.14.0/STM32CubeIDE/plugins/com.st.stm32cube.ide.mcu.externaltools.gnu-tools-for-stm32.13.3.rel1.win32_1.0.0.202411081344/tools/bin/../lib/gcc/arm-none-eabi/13.3.1/../../../../arm-none-eabi/lib/thumb/v7e-m+fp/hard\libnosys.a
END GROUP
START GROUP
LOAD D:/Programs/STMicroelectronics/STM32CubeIDE_1.14.0/STM32CubeIDE/plugins/com.st.stm32cube.ide.mcu.externaltools.gnu-tools-for-stm32.13.3.rel1.win32_1.0.0.202411081344/tools/bin/../lib/gcc/arm-none-eabi/13.3.1/thumb/v7e-m+fp/hard\libgcc.a
LOAD D:/Programs/STMicroelectronics/STM32CubeIDE_1.14.0/STM32CubeIDE/plugins/com.st.stm32cube.ide.mcu.externaltools.gnu-tools-for-stm32.13.3.rel1.win32_1.0.0.202411081344/tools/bin/../lib/gcc/arm-none-eabi/13.3.1/../../../../arm-none-eabi/lib/thumb/v7e-m+fp/hard\libc_nano.a
LOAD D:/Programs/STMicroelectronics/STM32CubeIDE_1.14.0/STM32CubeIDE/plugins/com.st.stm32cube.ide.mcu.externaltools.gnu-tools-for-stm32.13.3.rel1.win32_1.0.0.202411081344/tools/bin/../lib/gcc/arm-none-eabi/13.3.1/../../../../arm-none-eabi/lib/thumb/v7e-m+fp/hard\libnosys.a
END GROUP
LOAD D:/Programs/STMicroelectronics/STM32CubeIDE_1.14.0/STM32CubeIDE/plugins/com.st.stm32cube.ide.mcu.externaltools.gnu-tools-for-stm32.13.3.rel1.win32_1.0.0.202411081344/tools/bin/../lib/gcc/arm-none-eabi/13.3.1/thumb/v7e-m+fp/hard/crtend.o
LOAD D:/Programs/STMicroelectronics/STM32CubeIDE_1.14.0/STM32CubeIDE/plugins/com.st.stm32cube.ide.mcu.externaltools.gnu-tools-for-stm32.13.3.rel1.win32_1.0.0.202411081344/tools/bin/../lib/gcc/arm-none-eabi/13.3.1/thumb/v7e-m+fp/hard/crtn.o
                0x20030000                        _estack = (ORIGIN (RAM) + LENGTH (RAM))
                0x00000200                        _Min_Heap_Size = 0x200
                0x00000400                        _Min_Stack_Size = 0x400

.isr_vector     0x08000000      0x1ac
                0x08000000                        . = ALIGN (0x4)
 *(.isr_vector)
 .isr_vector    0x08000000      0x1ac ./Core/Startup/startup_stm32f439zitx.o
                0x08000000                g_pfnVectors
                0x080001ac                        . = ALIGN (0x4)

.text           0x080001ac     0x8714
                0x080001ac                        . = ALIGN (0x4)
 *(.text)
 .text          0x080001ac       0x40 D:/Programs/STMicroelectronics/STM32CubeIDE_1.14.0/STM32CubeIDE/plugins/com.st.stm32cube.ide.mcu.externaltools.gnu-tools-for-stm32.13.3.rel1.win32_1.0.0.202411081344/tools/bin/../lib/gcc/arm-none-eabi/13.3.1/thumb/v7e-m+fp/hard/crtbegin.o
 .text          0x080001ec       0x30 D:/Programs/STMicroelectronics/STM32CubeIDE_1.14.0/STM32CubeIDE/plugins/com.st.stm32cube.ide.mcu.externaltools.gnu-tools-for-stm32.13.3.rel1.win32_1.0.0.202411081344/tools/bin/../lib/gcc/arm-none-eabi/13.3.1/thumb/v7e-m+fp/hard\libgcc.a(_aeabi_uldivmod.o)
                0x080001ec                __aeabi_uldivmod
 .text          0x0800021c      0x2f8 D:/Programs/STMicroelectronics/STM32CubeIDE_1.14.0/STM32CubeIDE/plugins/com.st.stm32cube.ide.mcu.externaltools.gnu-tools-for-stm32.13.3.rel1.win32_1.0.0.202411081344/tools/bin/../lib/gcc/arm-none-eabi/13.3.1/thumb/v7e-m+fp/hard\libgcc.a(_udivmoddi4.o)
                0x0800021c                __udivmoddi4
 .text          0x08000514        0x4 D:/Programs/STMicroelectronics/STM32CubeIDE_1.14.0/STM32CubeIDE/plugins/com.st.stm32cube.ide.mcu.externaltools.gnu-tools-for-stm32.13.3.rel1.win32_1.0.0.202411081344/tools/bin/../lib/gcc/arm-none-eabi/13.3.1/thumb/v7e-m+fp/hard\libgcc.a(_dvmd_tls.o)
                0x08000514                __aeabi_idiv0
                0x08000514                __aeabi_ldiv0
 *(.text*)
 .text.HAL_ADC_ConvCpltCallback
                0x08000518       0x44 ./Core/Src/main.o
                0x08000518                HAL_ADC_ConvCpltCallback
 .text.main     0x0800055c      0x23c ./Core/Src/main.o
                0x0800055c                main
 .text.SystemClock_Config
                0x08000798       0xd4 ./Core/Src/main.o
                0x08000798                SystemClock_Config
 .text.MX_ADC1_Init
                0x0800086c       0xfc ./Core/Src/main.o
 .text.MX_TIM3_Init
                0x08000968       0x9c ./Core/Src/main.o
 .text.MX_DMA_Init
                0x08000a04       0x40 ./Core/Src/main.o
 .text.MX_GPIO_Init
                0x08000a44      0x19c ./Core/Src/main.o
 .text.Error_Handler
                0x08000be0        0xc ./Core/Src/main.o
                0x08000be0                Error_Handler
 .text.HAL_MspInit
                0x08000bec       0x50 ./Core/Src/stm32f4xx_hal_msp.o
                0x08000bec                HAL_MspInit
 .text.HAL_ADC_MspInit
                0x08000c3c      0x170 ./Core/Src/stm32f4xx_hal_msp.o
                0x08000c3c                HAL_ADC_MspInit
 .text.HAL_TIM_Base_MspInit
                0x08000dac       0x44 ./Core/Src/stm32f4xx_hal_msp.o
                0x08000dac                HAL_TIM_Base_MspInit
 .text.NMI_Handler
                0x08000df0        0x8 ./Core/Src/stm32f4xx_it.o
                0x08000df0                NMI_Handler
 .text.HardFault_Handler
                0x08000df8        0x8 ./Core/Src/stm32f4xx_it.o
                0x08000df8                HardFault_Handler
 .text.MemManage_Handler
                0x08000e00        0x8 ./Core/Src/stm32f4xx_it.o
                0x08000e00                MemManage_Handler
 .text.BusFault_Handler
                0x08000e08        0x8 ./Core/Src/stm32f4xx_it.o
                0x08000e08                BusFault_Handler
 .text.UsageFault_Handler
                0x08000e10        0x8 ./Core/Src/stm32f4xx_it.o
                0x08000e10                UsageFault_Handler
 .text.SVC_Handler
                0x08000e18        0xe ./Core/Src/stm32f4xx_it.o
                0x08000e18                SVC_Handler
 .text.DebugMon_Handler
                0x08000e26        0xe ./Core/Src/stm32f4xx_it.o
                0x08000e26                DebugMon_Handler
 .text.PendSV_Handler
                0x08000e34        0xe ./Core/Src/stm32f4xx_it.o
                0x08000e34                PendSV_Handler
 .text.SysTick_Handler
                0x08000e42        0xc ./Core/Src/stm32f4xx_it.o
                0x08000e42                SysTick_Handler
 *fill*         0x08000e4e        0x2 
 .text.ADC_IRQHandler
                0x08000e50       0x14 ./Core/Src/stm32f4xx_it.o
                0x08000e50                ADC_IRQHandler
 .text.DMA2_Stream0_IRQHandler
                0x08000e64       0x14 ./Core/Src/stm32f4xx_it.o
                0x08000e64                DMA2_Stream0_IRQHandler
 .text.OTG_FS_IRQHandler
                0x08000e78       0x14 ./Core/Src/stm32f4xx_it.o
                0x08000e78                OTG_FS_IRQHandler
 .text.SystemInit
                0x08000e8c       0x24 ./Core/Src/system_stm32f4xx.o
                0x08000e8c                SystemInit
 .text.Reset_Handler
                0x08000eb0       0x50 ./Core/Startup/startup_stm32f439zitx.o
                0x08000eb0                Reset_Handler
 .text.Default_Handler
                0x08000f00        0x2 ./Core/Startup/startup_stm32f439zitx.o
                0x08000f00                RTC_Alarm_IRQHandler
                0x08000f00                HASH_RNG_IRQHandler
                0x08000f00                EXTI2_IRQHandler
                0x08000f00                TIM8_CC_IRQHandler
                0x08000f00                UART8_IRQHandler
                0x08000f00                SPI4_IRQHandler
                0x08000f00                TIM1_CC_IRQHandler
                0x08000f00                DMA2_Stream5_IRQHandler
                0x08000f00                DMA1_Stream5_IRQHandler
                0x08000f00                PVD_IRQHandler
                0x08000f00                SDIO_IRQHandler
                0x08000f00                TAMP_STAMP_IRQHandler
                0x08000f00                CAN2_RX1_IRQHandler
                0x08000f00                EXTI3_IRQHandler
                0x08000f00                TIM8_TRG_COM_TIM14_IRQHandler
                0x08000f00                TIM1_UP_TIM10_IRQHandler
                0x08000f00                TIM8_UP_TIM13_IRQHandler
                0x08000f00                I2C3_ER_IRQHandler
                0x08000f00                EXTI0_IRQHandler
                0x08000f00                I2C2_EV_IRQHandler
                0x08000f00                DMA1_Stream2_IRQHandler
                0x08000f00                CAN1_RX0_IRQHandler
                0x08000f00                FPU_IRQHandler
                0x08000f00                OTG_HS_WKUP_IRQHandler
                0x08000f00                LTDC_ER_IRQHandler
                0x08000f00                CAN2_SCE_IRQHandler
                0x08000f00                DMA2_Stream2_IRQHandler
                0x08000f00                SPI1_IRQHandler
                0x08000f00                TIM6_DAC_IRQHandler
                0x08000f00                TIM1_BRK_TIM9_IRQHandler
                0x08000f00                DCMI_IRQHandler
                0x08000f00                CAN2_RX0_IRQHandler
                0x08000f00                DMA2_Stream3_IRQHandler
                0x08000f00                USART6_IRQHandler
                0x08000f00                USART3_IRQHandler
                0x08000f00                CRYP_IRQHandler
                0x08000f00                CAN1_RX1_IRQHandler
                0x08000f00                UART5_IRQHandler
                0x08000f00                TIM4_IRQHandler
                0x08000f00                I2C1_EV_IRQHandler
                0x08000f00                DMA1_Stream6_IRQHandler
                0x08000f00                DMA1_Stream1_IRQHandler
                0x08000f00                UART4_IRQHandler
                0x08000f00                TIM3_IRQHandler
                0x08000f00                RCC_IRQHandler
                0x08000f00                TIM8_BRK_TIM12_IRQHandler
                0x08000f00                Default_Handler
                0x08000f00                EXTI15_10_IRQHandler
                0x08000f00                DMA1_Stream7_IRQHandler
                0x08000f00                SPI5_IRQHandler
                0x08000f00                TIM7_IRQHandler
                0x08000f00                CAN2_TX_IRQHandler
                0x08000f00                TIM5_IRQHandler
                0x08000f00                DMA2_Stream7_IRQHandler
                0x08000f00                I2C3_EV_IRQHandler
                0x08000f00                EXTI9_5_IRQHandler
                0x08000f00                RTC_WKUP_IRQHandler
                0x08000f00                LTDC_IRQHandler
                0x08000f00                ETH_WKUP_IRQHandler
                0x08000f00                SPI2_IRQHandler
                0x08000f00                OTG_HS_EP1_IN_IRQHandler
                0x08000f00                DMA1_Stream0_IRQHandler
                0x08000f00                CAN1_TX_IRQHandler
                0x08000f00                EXTI4_IRQHandler
                0x08000f00                ETH_IRQHandler
                0x08000f00                OTG_HS_EP1_OUT_IRQHandler
                0x08000f00                WWDG_IRQHandler
                0x08000f00                SPI6_IRQHandler
                0x08000f00                TIM2_IRQHandler
                0x08000f00                OTG_FS_WKUP_IRQHandler
                0x08000f00                TIM1_TRG_COM_TIM11_IRQHandler
                0x08000f00                OTG_HS_IRQHandler
                0x08000f00                DMA2D_IRQHandler
                0x08000f00                EXTI1_IRQHandler
                0x08000f00                UART7_IRQHandler
                0x08000f00                USART2_IRQHandler
                0x08000f00                I2C2_ER_IRQHandler
                0x08000f00                DMA2_Stream1_IRQHandler
                0x08000f00                CAN1_SCE_IRQHandler
                0x08000f00                FLASH_IRQHandler
                0x08000f00                DMA2_Stream4_IRQHandler
                0x08000f00                USART1_IRQHandler
                0x08000f00                SPI3_IRQHandler
                0x08000f00                DMA1_Stream4_IRQHandler
                0x08000f00                I2C1_ER_IRQHandler
                0x08000f00                FMC_IRQHandler
                0x08000f00                DMA2_Stream6_IRQHandler
                0x08000f00                SAI1_IRQHandler
                0x08000f00                DMA1_Stream3_IRQHandler
 *fill*         0x08000f02        0x2 
 .text.HAL_Init
                0x08000f04       0x44 ./Drivers/STM32F4xx_HAL_Driver/Src/stm32f4xx_hal.o
                0x08000f04                HAL_Init
 .text.HAL_InitTick
                0x08000f48       0x60 ./Drivers/STM32F4xx_HAL_Driver/Src/stm32f4xx_hal.o
                0x08000f48                HAL_InitTick
 .text.HAL_IncTick
                0x08000fa8       0x28 ./Drivers/STM32F4xx_HAL_Driver/Src/stm32f4xx_hal.o
                0x08000fa8                HAL_IncTick
 .text.HAL_GetTick
                0x08000fd0       0x18 ./Drivers/STM32F4xx_HAL_Driver/Src/stm32f4xx_hal.o
                0x08000fd0                HAL_GetTick
 .text.HAL_Delay
                0x08000fe8       0x48 ./Drivers/STM32F4xx_HAL_Driver/Src/stm32f4xx_hal.o
                0x08000fe8                HAL_Delay
 .text.HAL_ADC_Init
                0x08001030       0x86 ./Drivers/STM32F4xx_HAL_Driver/Src/stm32f4xx_hal_adc.o
                0x08001030                HAL_ADC_Init
 .text.HAL_ADC_IRQHandler
                0x080010b6      0x220 ./Drivers/STM32F4xx_HAL_Driver/Src/stm32f4xx_hal_adc.o
                0x080010b6                HAL_ADC_IRQHandler
 *fill*         0x080012d6        0x2 
 .text.HAL_ADC_Start_DMA
                0x080012d8      0x220 ./Drivers/STM32F4xx_HAL_Driver/Src/stm32f4xx_hal_adc.o
                0x080012d8                HAL_ADC_Start_DMA
 .text.HAL_ADC_ConvHalfCpltCallback
                0x080014f8       0x14 ./Drivers/STM32F4xx_HAL_Driver/Src/stm32f4xx_hal_adc.o
                0x080014f8                HAL_ADC_ConvHalfCpltCallback
 .text.HAL_ADC_LevelOutOfWindowCallback
                0x0800150c       0x14 ./Drivers/STM32F4xx_HAL_Driver/Src/stm32f4xx_hal_adc.o
                0x0800150c                HAL_ADC_LevelOutOfWindowCallback
 .text.HAL_ADC_ErrorCallback
                0x08001520       0x14 ./Drivers/STM32F4xx_HAL_Driver/Src/stm32f4xx_hal_adc.o
                0x08001520                HAL_ADC_ErrorCallback
 .text.HAL_ADC_ConfigChannel
                0x08001534      0x264 ./Drivers/STM32F4xx_HAL_Driver/Src/stm32f4xx_hal_adc.o
                0x08001534                HAL_ADC_ConfigChannel
 .text.ADC_Init
                0x08001798      0x1f8 ./Drivers/STM32F4xx_HAL_Driver/Src/stm32f4xx_hal_adc.o
 .text.ADC_DMAConvCplt
                0x08001990       0xba ./Drivers/STM32F4xx_HAL_Driver/Src/stm32f4xx_hal_adc.o
 .text.ADC_DMAHalfConvCplt
                0x08001a4a       0x1c ./Drivers/STM32F4xx_HAL_Driver/Src/stm32f4xx_hal_adc.o
 .text.ADC_DMAError
                0x08001a66       0x2e ./Drivers/STM32F4xx_HAL_Driver/Src/stm32f4xx_hal_adc.o
 .text.HAL_ADCEx_InjectedConvCpltCallback
                0x08001a94       0x14 ./Drivers/STM32F4xx_HAL_Driver/Src/stm32f4xx_hal_adc_ex.o
                0x08001a94                HAL_ADCEx_InjectedConvCpltCallback
 .text.__NVIC_SetPriorityGrouping
                0x08001aa8       0x48 ./Drivers/STM32F4xx_HAL_Driver/Src/stm32f4xx_hal_cortex.o
 .text.__NVIC_GetPriorityGrouping
                0x08001af0       0x1c ./Drivers/STM32F4xx_HAL_Driver/Src/stm32f4xx_hal_cortex.o
 .text.__NVIC_EnableIRQ
                0x08001b0c       0x3c ./Drivers/STM32F4xx_HAL_Driver/Src/stm32f4xx_hal_cortex.o
 .text.__NVIC_SetPriority
                0x08001b48       0x54 ./Drivers/STM32F4xx_HAL_Driver/Src/stm32f4xx_hal_cortex.o
 .text.NVIC_EncodePriority
                0x08001b9c       0x66 ./Drivers/STM32F4xx_HAL_Driver/Src/stm32f4xx_hal_cortex.o
 *fill*         0x08001c02        0x2 
 .text.SysTick_Config
                0x08001c04       0x44 ./Drivers/STM32F4xx_HAL_Driver/Src/stm32f4xx_hal_cortex.o
 .text.HAL_NVIC_SetPriorityGrouping
                0x08001c48       0x16 ./Drivers/STM32F4xx_HAL_Driver/Src/stm32f4xx_hal_cortex.o
                0x08001c48                HAL_NVIC_SetPriorityGrouping
 .text.HAL_NVIC_SetPriority
                0x08001c5e       0x38 ./Drivers/STM32F4xx_HAL_Driver/Src/stm32f4xx_hal_cortex.o
                0x08001c5e                HAL_NVIC_SetPriority
 .text.HAL_NVIC_EnableIRQ
                0x08001c96       0x1c ./Drivers/STM32F4xx_HAL_Driver/Src/stm32f4xx_hal_cortex.o
                0x08001c96                HAL_NVIC_EnableIRQ
 .text.HAL_SYSTICK_Config
                0x08001cb2       0x18 ./Drivers/STM32F4xx_HAL_Driver/Src/stm32f4xx_hal_cortex.o
                0x08001cb2                HAL_SYSTICK_Config
 *fill*         0x08001cca        0x2 
 .text.HAL_DMA_Init
                0x08001ccc      0x15c ./Drivers/STM32F4xx_HAL_Driver/Src/stm32f4xx_hal_dma.o
                0x08001ccc                HAL_DMA_Init
 .text.HAL_DMA_Start_IT
                0x08001e28       0xb0 ./Drivers/STM32F4xx_HAL_Driver/Src/stm32f4xx_hal_dma.o
                0x08001e28                HAL_DMA_Start_IT
 .text.HAL_DMA_IRQHandler
                0x08001ed8      0x314 ./Drivers/STM32F4xx_HAL_Driver/Src/stm32f4xx_hal_dma.o
                0x08001ed8                HAL_DMA_IRQHandler
 .text.DMA_SetConfig
                0x080021ec       0x5c ./Drivers/STM32F4xx_HAL_Driver/Src/stm32f4xx_hal_dma.o
 .text.DMA_CalcBaseAndBitshift
                0x08002248       0x6c ./Drivers/STM32F4xx_HAL_Driver/Src/stm32f4xx_hal_dma.o
 .text.DMA_CheckFifoParam
                0x080022b4       0xf8 ./Drivers/STM32F4xx_HAL_Driver/Src/stm32f4xx_hal_dma.o
 .text.HAL_GPIO_Init
                0x080023ac      0x358 ./Drivers/STM32F4xx_HAL_Driver/Src/stm32f4xx_hal_gpio.o
                0x080023ac                HAL_GPIO_Init
 .text.HAL_GPIO_ReadPin
                0x08002704       0x30 ./Drivers/STM32F4xx_HAL_Driver/Src/stm32f4xx_hal_gpio.o
                0x08002704                HAL_GPIO_ReadPin
 .text.HAL_GPIO_WritePin
                0x08002734       0x32 ./Drivers/STM32F4xx_HAL_Driver/Src/stm32f4xx_hal_gpio.o
                0x08002734                HAL_GPIO_WritePin
 .text.HAL_PCD_Init
                0x08002766      0x21e ./Drivers/STM32F4xx_HAL_Driver/Src/stm32f4xx_hal_pcd.o
                0x08002766                HAL_PCD_Init
 .text.HAL_PCD_Start
                0x08002984       0x6a ./Drivers/STM32F4xx_HAL_Driver/Src/stm32f4xx_hal_pcd.o
                0x08002984                HAL_PCD_Start
 .text.HAL_PCD_IRQHandler
                0x080029ee      0x942 ./Drivers/STM32F4xx_HAL_Driver/Src/stm32f4xx_hal_pcd.o
                0x080029ee                HAL_PCD_IRQHandler
 .text.HAL_PCD_SetAddress
                0x08003330       0x48 ./Drivers/STM32F4xx_HAL_Driver/Src/stm32f4xx_hal_pcd.o
                0x08003330                HAL_PCD_SetAddress
 .text.HAL_PCD_EP_Open
                0x08003378       0xd4 ./Drivers/STM32F4xx_HAL_Driver/Src/stm32f4xx_hal_pcd.o
                0x08003378                HAL_PCD_EP_Open
 .text.HAL_PCD_EP_Close
                0x0800344c       0x94 ./Drivers/STM32F4xx_HAL_Driver/Src/stm32f4xx_hal_pcd.o
                0x0800344c                HAL_PCD_EP_Close
 .text.HAL_PCD_EP_Receive
                0x080034e0       0x76 ./Drivers/STM32F4xx_HAL_Driver/Src/stm32f4xx_hal_pcd.o
                0x080034e0                HAL_PCD_EP_Receive
 .text.HAL_PCD_EP_Transmit
                0x08003556       0x74 ./Drivers/STM32F4xx_HAL_Driver/Src/stm32f4xx_hal_pcd.o
                0x08003556                HAL_PCD_EP_Transmit
 .text.HAL_PCD_EP_SetStall
                0x080035ca       0xc6 ./Drivers/STM32F4xx_HAL_Driver/Src/stm32f4xx_hal_pcd.o
                0x080035ca                HAL_PCD_EP_SetStall
 .text.HAL_PCD_EP_ClrStall
                0x08003690       0xac ./Drivers/STM32F4xx_HAL_Driver/Src/stm32f4xx_hal_pcd.o
                0x08003690                HAL_PCD_EP_ClrStall
 .text.HAL_PCD_EP_Abort
                0x0800373c       0x62 ./Drivers/STM32F4xx_HAL_Driver/Src/stm32f4xx_hal_pcd.o
                0x0800373c                HAL_PCD_EP_Abort
 .text.PCD_WriteEmptyTxFifo
                0x0800379e      0x118 ./Drivers/STM32F4xx_HAL_Driver/Src/stm32f4xx_hal_pcd.o
 *fill*         0x080038b6        0x2 
 .text.PCD_EP_OutXfrComplete_int
                0x080038b8      0x1d0 ./Drivers/STM32F4xx_HAL_Driver/Src/stm32f4xx_hal_pcd.o
 .text.PCD_EP_OutSetupPacket_int
                0x08003a88       0x8c ./Drivers/STM32F4xx_HAL_Driver/Src/stm32f4xx_hal_pcd.o
 .text.HAL_PCDEx_SetTxFiFo
                0x08003b14       0x8e ./Drivers/STM32F4xx_HAL_Driver/Src/stm32f4xx_hal_pcd_ex.o
                0x08003b14                HAL_PCDEx_SetTxFiFo
 .text.HAL_PCDEx_SetRxFiFo
                0x08003ba2       0x22 ./Drivers/STM32F4xx_HAL_Driver/Src/stm32f4xx_hal_pcd_ex.o
                0x08003ba2                HAL_PCDEx_SetRxFiFo
 .text.HAL_PCDEx_LPM_Callback
                0x08003bc4       0x18 ./Drivers/STM32F4xx_HAL_Driver/Src/stm32f4xx_hal_pcd_ex.o
                0x08003bc4                HAL_PCDEx_LPM_Callback
 .text.HAL_RCC_OscConfig
                0x08003bdc      0x4f0 ./Drivers/STM32F4xx_HAL_Driver/Src/stm32f4xx_hal_rcc.o
                0x08003bdc                HAL_RCC_OscConfig
 .text.HAL_RCC_ClockConfig
                0x080040cc      0x1cc ./Drivers/STM32F4xx_HAL_Driver/Src/stm32f4xx_hal_rcc.o
                0x080040cc                HAL_RCC_ClockConfig
 .text.HAL_RCC_GetSysClockFreq
                0x08004298      0x20c ./Drivers/STM32F4xx_HAL_Driver/Src/stm32f4xx_hal_rcc.o
                0x08004298                HAL_RCC_GetSysClockFreq
 .text.HAL_RCC_GetHCLKFreq
                0x080044a4       0x18 ./Drivers/STM32F4xx_HAL_Driver/Src/stm32f4xx_hal_rcc.o
                0x080044a4                HAL_RCC_GetHCLKFreq
 .text.HAL_TIM_Base_Init
                0x080044bc       0x9e ./Drivers/STM32F4xx_HAL_Driver/Src/stm32f4xx_hal_tim.o
                0x080044bc                HAL_TIM_Base_Init
 *fill*         0x0800455a        0x2 
 .text.HAL_TIM_Base_Start
                0x0800455c       0xd0 ./Drivers/STM32F4xx_HAL_Driver/Src/stm32f4xx_hal_tim.o
                0x0800455c                HAL_TIM_Base_Start
 .text.HAL_TIM_ConfigClockSource
                0x0800462c      0x18e ./Drivers/STM32F4xx_HAL_Driver/Src/stm32f4xx_hal_tim.o
                0x0800462c                HAL_TIM_ConfigClockSource
 *fill*         0x080047ba        0x2 
 .text.TIM_Base_SetConfig
                0x080047bc      0x158 ./Drivers/STM32F4xx_HAL_Driver/Src/stm32f4xx_hal_tim.o
                0x080047bc                TIM_Base_SetConfig
 .text.TIM_TI1_ConfigInputStage
                0x08004914       0x5e ./Drivers/STM32F4xx_HAL_Driver/Src/stm32f4xx_hal_tim.o
 .text.TIM_TI2_ConfigInputStage
                0x08004972       0x60 ./Drivers/STM32F4xx_HAL_Driver/Src/stm32f4xx_hal_tim.o
 .text.TIM_ITRx_SetConfig
                0x080049d2       0x36 ./Drivers/STM32F4xx_HAL_Driver/Src/stm32f4xx_hal_tim.o
 .text.TIM_ETR_SetConfig
                0x08004a08       0x40 ./Drivers/STM32F4xx_HAL_Driver/Src/stm32f4xx_hal_tim.o
                0x08004a08                TIM_ETR_SetConfig
 .text.HAL_TIMEx_MasterConfigSynchronization
                0x08004a48       0xf8 ./Drivers/STM32F4xx_HAL_Driver/Src/stm32f4xx_hal_tim_ex.o
                0x08004a48                HAL_TIMEx_MasterConfigSynchronization
 .text.USB_CoreInit
                0x08004b40       0xc8 ./Drivers/STM32F4xx_HAL_Driver/Src/stm32f4xx_ll_usb.o
                0x08004b40                USB_CoreInit
 .text.USB_SetTurnaroundTime
                0x08004c08      0x144 ./Drivers/STM32F4xx_HAL_Driver/Src/stm32f4xx_ll_usb.o
                0x08004c08                USB_SetTurnaroundTime
 .text.USB_EnableGlobalInt
                0x08004d4c       0x22 ./Drivers/STM32F4xx_HAL_Driver/Src/stm32f4xx_ll_usb.o
                0x08004d4c                USB_EnableGlobalInt
 .text.USB_DisableGlobalInt
                0x08004d6e       0x22 ./Drivers/STM32F4xx_HAL_Driver/Src/stm32f4xx_ll_usb.o
                0x08004d6e                USB_DisableGlobalInt
 .text.USB_SetCurrentMode
                0x08004d90       0x98 ./Drivers/STM32F4xx_HAL_Driver/Src/stm32f4xx_ll_usb.o
                0x08004d90                USB_SetCurrentMode
 .text.USB_DevInit
                0x08004e28      0x2c8 ./Drivers/STM32F4xx_HAL_Driver/Src/stm32f4xx_ll_usb.o
                0x08004e28                USB_DevInit
 .text.USB_FlushTxFifo
                0x080050f0       0x64 ./Drivers/STM32F4xx_HAL_Driver/Src/stm32f4xx_ll_usb.o
                0x080050f0                USB_FlushTxFifo
 .text.USB_FlushRxFifo
                0x08005154       0x5c ./Drivers/STM32F4xx_HAL_Driver/Src/stm32f4xx_ll_usb.o
                0x08005154                USB_FlushRxFifo
 .text.USB_SetDevSpeed
                0x080051b0       0x32 ./Drivers/STM32F4xx_HAL_Driver/Src/stm32f4xx_ll_usb.o
                0x080051b0                USB_SetDevSpeed
 .text.USB_GetDevSpeed
                0x080051e2       0x4a ./Drivers/STM32F4xx_HAL_Driver/Src/stm32f4xx_ll_usb.o
                0x080051e2                USB_GetDevSpeed
 .text.USB_ActivateEndpoint
                0x0800522c      0x10e ./Drivers/STM32F4xx_HAL_Driver/Src/stm32f4xx_ll_usb.o
                0x0800522c                USB_ActivateEndpoint
 *fill*         0x0800533a        0x2 
 .text.USB_DeactivateEndpoint
                0x0800533c      0x1b8 ./Drivers/STM32F4xx_HAL_Driver/Src/stm32f4xx_ll_usb.o
                0x0800533c                USB_DeactivateEndpoint
 .text.USB_EPStartXfer
                0x080054f4      0x53c ./Drivers/STM32F4xx_HAL_Driver/Src/stm32f4xx_ll_usb.o
                0x080054f4                USB_EPStartXfer
 .text.USB_EPStopXfer
                0x08005a30      0x154 ./Drivers/STM32F4xx_HAL_Driver/Src/stm32f4xx_ll_usb.o
                0x08005a30                USB_EPStopXfer
 .text.USB_WritePacket
                0x08005b84       0x7c ./Drivers/STM32F4xx_HAL_Driver/Src/stm32f4xx_ll_usb.o
                0x08005b84                USB_WritePacket
 .text.USB_ReadPacket
                0x08005c00       0xb0 ./Drivers/STM32F4xx_HAL_Driver/Src/stm32f4xx_ll_usb.o
                0x08005c00                USB_ReadPacket
 .text.USB_EPSetStall
                0x08005cb0       0xdc ./Drivers/STM32F4xx_HAL_Driver/Src/stm32f4xx_ll_usb.o
                0x08005cb0                USB_EPSetStall
 .text.USB_EPClearStall
                0x08005d8c       0xcc ./Drivers/STM32F4xx_HAL_Driver/Src/stm32f4xx_ll_usb.o
                0x08005d8c                USB_EPClearStall
 .text.USB_SetDevAddress
                0x08005e58       0x4c ./Drivers/STM32F4xx_HAL_Driver/Src/stm32f4xx_ll_usb.o
                0x08005e58                USB_SetDevAddress
 .text.USB_DevConnect
                0x08005ea4       0x42 ./Drivers/STM32F4xx_HAL_Driver/Src/stm32f4xx_ll_usb.o
                0x08005ea4                USB_DevConnect
 .text.USB_DevDisconnect
                0x08005ee6       0x42 ./Drivers/STM32F4xx_HAL_Driver/Src/stm32f4xx_ll_usb.o
                0x08005ee6                USB_DevDisconnect
 .text.USB_ReadInterrupts
                0x08005f28       0x26 ./Drivers/STM32F4xx_HAL_Driver/Src/stm32f4xx_ll_usb.o
                0x08005f28                USB_ReadInterrupts
 .text.USB_ReadDevAllOutEpInterrupt
                0x08005f4e       0x34 ./Drivers/STM32F4xx_HAL_Driver/Src/stm32f4xx_ll_usb.o
                0x08005f4e                USB_ReadDevAllOutEpInterrupt
 .text.USB_ReadDevAllInEpInterrupt
                0x08005f82       0x34 ./Drivers/STM32F4xx_HAL_Driver/Src/stm32f4xx_ll_usb.o
                0x08005f82                USB_ReadDevAllInEpInterrupt
 .text.USB_ReadDevOutEPInterrupt
                0x08005fb6       0x3c ./Drivers/STM32F4xx_HAL_Driver/Src/stm32f4xx_ll_usb.o
                0x08005fb6                USB_ReadDevOutEPInterrupt
 .text.USB_ReadDevInEPInterrupt
                0x08005ff2       0x5c ./Drivers/STM32F4xx_HAL_Driver/Src/stm32f4xx_ll_usb.o
                0x08005ff2                USB_ReadDevInEPInterrupt
 .text.USB_GetMode
                0x0800604e       0x1c ./Drivers/STM32F4xx_HAL_Driver/Src/stm32f4xx_ll_usb.o
                0x0800604e                USB_GetMode
 .text.USB_ActivateSetup
                0x0800606a       0x46 ./Drivers/STM32F4xx_HAL_Driver/Src/stm32f4xx_ll_usb.o
                0x0800606a                USB_ActivateSetup
 .text.USB_EP0_OutStart
                0x080060b0       0xbc ./Drivers/STM32F4xx_HAL_Driver/Src/stm32f4xx_ll_usb.o
                0x080060b0                USB_EP0_OutStart
 .text.USB_CoreReset
                0x0800616c       0x62 ./Drivers/STM32F4xx_HAL_Driver/Src/stm32f4xx_ll_usb.o
 *fill*         0x080061ce        0x2 
 .text.USBD_CUSTOM_HID_Init
                0x080061d0      0x158 ./Middlewares/ST/STM32_USB_Device_Library/Class/CustomHID/Src/usbd_customhid.o
 .text.USBD_CUSTOM_HID_DeInit
                0x08006328       0xf4 ./Middlewares/ST/STM32_USB_Device_Library/Class/CustomHID/Src/usbd_customhid.o
 .text.USBD_CUSTOM_HID_Setup
                0x0800641c      0x248 ./Middlewares/ST/STM32_USB_Device_Library/Class/CustomHID/Src/usbd_customhid.o
 .text.USBD_CUSTOM_HID_SendReport
                0x08006664       0x68 ./Middlewares/ST/STM32_USB_Device_Library/Class/CustomHID/Src/usbd_customhid.o
                0x08006664                USBD_CUSTOM_HID_SendReport
 .text.USBD_CUSTOM_HID_GetFSCfgDesc
                0x080066cc       0x64 ./Middlewares/ST/STM32_USB_Device_Library/Class/CustomHID/Src/usbd_customhid.o
 .text.USBD_CUSTOM_HID_GetHSCfgDesc
                0x08006730       0x64 ./Middlewares/ST/STM32_USB_Device_Library/Class/CustomHID/Src/usbd_customhid.o
 .text.USBD_CUSTOM_HID_GetOtherSpeedCfgDesc
                0x08006794       0x64 ./Middlewares/ST/STM32_USB_Device_Library/Class/CustomHID/Src/usbd_customhid.o
 .text.USBD_CUSTOM_HID_DataIn
                0x080067f8       0x2e ./Middlewares/ST/STM32_USB_Device_Library/Class/CustomHID/Src/usbd_customhid.o
 .text.USBD_CUSTOM_HID_DataOut
                0x08006826       0x5a ./Middlewares/ST/STM32_USB_Device_Library/Class/CustomHID/Src/usbd_customhid.o
 .text.USBD_CUSTOM_HID_ReceivePacket
                0x08006880       0x4c ./Middlewares/ST/STM32_USB_Device_Library/Class/CustomHID/Src/usbd_customhid.o
                0x08006880                USBD_CUSTOM_HID_ReceivePacket
 .text.USBD_CUSTOM_HID_EP0_RxReady
                0x080068cc       0x58 ./Middlewares/ST/STM32_USB_Device_Library/Class/CustomHID/Src/usbd_customhid.o
 .text.USBD_CUSTOM_HID_GetDeviceQualifierDesc
                0x08006924       0x20 ./Middlewares/ST/STM32_USB_Device_Library/Class/CustomHID/Src/usbd_customhid.o
 .text.USBD_CUSTOM_HID_RegisterInterface
                0x08006944       0x34 ./Middlewares/ST/STM32_USB_Device_Library/Class/CustomHID/Src/usbd_customhid.o
                0x08006944                USBD_CUSTOM_HID_RegisterInterface
 .text.USBD_Init
                0x08006978       0x60 ./Middlewares/ST/STM32_USB_Device_Library/Core/Src/usbd_core.o
                0x08006978                USBD_Init
 .text.USBD_RegisterClass
                0x080069d8       0x6c ./Middlewares/ST/STM32_USB_Device_Library/Core/Src/usbd_core.o
                0x080069d8                USBD_RegisterClass
 .text.USBD_Start
                0x08006a44       0x18 ./Middlewares/ST/STM32_USB_Device_Library/Core/Src/usbd_core.o
                0x08006a44                USBD_Start
 .text.USBD_RunTestMode
                0x08006a5c       0x16 ./Middlewares/ST/STM32_USB_Device_Library/Core/Src/usbd_core.o
                0x08006a5c                USBD_RunTestMode
 .text.USBD_SetClassConfig
                0x08006a72       0x38 ./Middlewares/ST/STM32_USB_Device_Library/Core/Src/usbd_core.o
                0x08006a72                USBD_SetClassConfig
 .text.USBD_ClrClassConfig
                0x08006aaa       0x34 ./Middlewares/ST/STM32_USB_Device_Library/Core/Src/usbd_core.o
                0x08006aaa                USBD_ClrClassConfig
 .text.USBD_LL_SetupStage
                0x08006ade       0xaa ./Middlewares/ST/STM32_USB_Device_Library/Core/Src/usbd_core.o
                0x08006ade                USBD_LL_SetupStage
 .text.USBD_LL_DataOutStage
                0x08006b88      0x166 ./Middlewares/ST/STM32_USB_Device_Library/Core/Src/usbd_core.o
                0x08006b88                USBD_LL_DataOutStage
 .text.USBD_LL_DataInStage
                0x08006cee      0x164 ./Middlewares/ST/STM32_USB_Device_Library/Core/Src/usbd_core.o
                0x08006cee                USBD_LL_DataInStage
 .text.USBD_LL_Reset
                0x08006e52       0xa4 ./Middlewares/ST/STM32_USB_Device_Library/Core/Src/usbd_core.o
                0x08006e52                USBD_LL_Reset
 .text.USBD_LL_SetSpeed
                0x08006ef6       0x20 ./Middlewares/ST/STM32_USB_Device_Library/Core/Src/usbd_core.o
                0x08006ef6                USBD_LL_SetSpeed
 .text.USBD_LL_Suspend
                0x08006f16       0x38 ./Middlewares/ST/STM32_USB_Device_Library/Core/Src/usbd_core.o
                0x08006f16                USBD_LL_Suspend
 .text.USBD_LL_Resume
                0x08006f4e       0x30 ./Middlewares/ST/STM32_USB_Device_Library/Core/Src/usbd_core.o
                0x08006f4e                USBD_LL_Resume
 .text.USBD_LL_SOF
                0x08006f7e       0x40 ./Middlewares/ST/STM32_USB_Device_Library/Core/Src/usbd_core.o
                0x08006f7e                USBD_LL_SOF
 .text.USBD_LL_IsoINIncomplete
                0x08006fbe       0x64 ./Middlewares/ST/STM32_USB_Device_Library/Core/Src/usbd_core.o
                0x08006fbe                USBD_LL_IsoINIncomplete
 .text.USBD_LL_IsoOUTIncomplete
                0x08007022       0x64 ./Middlewares/ST/STM32_USB_Device_Library/Core/Src/usbd_core.o
                0x08007022                USBD_LL_IsoOUTIncomplete
 .text.USBD_LL_DevConnected
                0x08007086       0x16 ./Middlewares/ST/STM32_USB_Device_Library/Core/Src/usbd_core.o
                0x08007086                USBD_LL_DevConnected
 .text.USBD_LL_DevDisconnected
                0x0800709c       0x46 ./Middlewares/ST/STM32_USB_Device_Library/Core/Src/usbd_core.o
                0x0800709c                USBD_LL_DevDisconnected
 .text.USBD_CoreFindIF
                0x080070e2       0x1a ./Middlewares/ST/STM32_USB_Device_Library/Core/Src/usbd_core.o
                0x080070e2                USBD_CoreFindIF
 .text.USBD_CoreFindEP
                0x080070fc       0x1a ./Middlewares/ST/STM32_USB_Device_Library/Core/Src/usbd_core.o
                0x080070fc                USBD_CoreFindEP
 .text.USBD_GetEpDesc
                0x08007116       0x70 ./Middlewares/ST/STM32_USB_Device_Library/Core/Src/usbd_core.o
                0x08007116                USBD_GetEpDesc
 .text.USBD_GetNextDesc
                0x08007186       0x38 ./Middlewares/ST/STM32_USB_Device_Library/Core/Src/usbd_core.o
                0x08007186                USBD_GetNextDesc
 .text.SWAPBYTE
                0x080071be       0x3e ./Middlewares/ST/STM32_USB_Device_Library/Core/Src/usbd_ctlreq.o
 .text.USBD_StdDevReq
                0x080071fc       0xe4 ./Middlewares/ST/STM32_USB_Device_Library/Core/Src/usbd_ctlreq.o
                0x080071fc                USBD_StdDevReq
 .text.USBD_StdItfReq
                0x080072e0       0xd8 ./Middlewares/ST/STM32_USB_Device_Library/Core/Src/usbd_ctlreq.o
                0x080072e0                USBD_StdItfReq
 .text.USBD_StdEPReq
                0x080073b8      0x33a ./Middlewares/ST/STM32_USB_Device_Library/Core/Src/usbd_ctlreq.o
                0x080073b8                USBD_StdEPReq
 *fill*         0x080076f2        0x2 
 .text.USBD_GetDescriptor
                0x080076f4      0x2d4 ./Middlewares/ST/STM32_USB_Device_Library/Core/Src/usbd_ctlreq.o
 .text.USBD_SetAddress
                0x080079c8       0x88 ./Middlewares/ST/STM32_USB_Device_Library/Core/Src/usbd_ctlreq.o
 .text.USBD_SetConfig
                0x08007a50      0x154 ./Middlewares/ST/STM32_USB_Device_Library/Core/Src/usbd_ctlreq.o
 .text.USBD_GetConfig
                0x08007ba4       0x6c ./Middlewares/ST/STM32_USB_Device_Library/Core/Src/usbd_ctlreq.o
 .text.USBD_GetStatus
                0x08007c10       0x68 ./Middlewares/ST/STM32_USB_Device_Library/Core/Src/usbd_ctlreq.o
 .text.USBD_SetFeature
                0x08007c78       0x52 ./Middlewares/ST/STM32_USB_Device_Library/Core/Src/usbd_ctlreq.o
 .text.USBD_ClrFeature
                0x08007cca       0x44 ./Middlewares/ST/STM32_USB_Device_Library/Core/Src/usbd_ctlreq.o
 .text.USBD_ParseSetupRequest
                0x08007d0e       0x74 ./Middlewares/ST/STM32_USB_Device_Library/Core/Src/usbd_ctlreq.o
                0x08007d0e                USBD_ParseSetupRequest
 .text.USBD_CtlError
                0x08007d82       0x22 ./Middlewares/ST/STM32_USB_Device_Library/Core/Src/usbd_ctlreq.o
                0x08007d82                USBD_CtlError
 .text.USBD_GetString
                0x08007da4       0xa4 ./Middlewares/ST/STM32_USB_Device_Library/Core/Src/usbd_ctlreq.o
                0x08007da4                USBD_GetString
 .text.USBD_GetLen
                0x08007e48       0x34 ./Middlewares/ST/STM32_USB_Device_Library/Core/Src/usbd_ctlreq.o
 .text.USBD_CtlSendData
                0x08007e7c       0x36 ./Middlewares/ST/STM32_USB_Device_Library/Core/Src/usbd_ioreq.o
                0x08007e7c                USBD_CtlSendData
 .text.USBD_CtlContinueSendData
                0x08007eb2       0x22 ./Middlewares/ST/STM32_USB_Device_Library/Core/Src/usbd_ioreq.o
                0x08007eb2                USBD_CtlContinueSendData
 .text.USBD_CtlPrepareRx
                0x08007ed4       0x3a ./Middlewares/ST/STM32_USB_Device_Library/Core/Src/usbd_ioreq.o
                0x08007ed4                USBD_CtlPrepareRx
 .text.USBD_CtlContinueRx
                0x08007f0e       0x22 ./Middlewares/ST/STM32_USB_Device_Library/Core/Src/usbd_ioreq.o
                0x08007f0e                USBD_CtlContinueRx
 .text.USBD_CtlSendStatus
                0x08007f30       0x26 ./Middlewares/ST/STM32_USB_Device_Library/Core/Src/usbd_ioreq.o
                0x08007f30                USBD_CtlSendStatus
 .text.USBD_CtlReceiveStatus
                0x08007f56       0x26 ./Middlewares/ST/STM32_USB_Device_Library/Core/Src/usbd_ioreq.o
                0x08007f56                USBD_CtlReceiveStatus
 .text.MX_USB_DEVICE_Init
                0x08007f7c       0x60 ./USB_DEVICE/App/usb_device.o
                0x08007f7c                MX_USB_DEVICE_Init
 .text.CUSTOM_HID_Init_FS
                0x08007fdc       0x10 ./USB_DEVICE/App/usbd_custom_hid_if.o
 .text.CUSTOM_HID_DeInit_FS
                0x08007fec       0x10 ./USB_DEVICE/App/usbd_custom_hid_if.o
 .text.CUSTOM_HID_OutEvent_FS
                0x08007ffc       0x30 ./USB_DEVICE/App/usbd_custom_hid_if.o
 .text.USBD_FS_DeviceDescriptor
                0x0800802c       0x24 ./USB_DEVICE/App/usbd_desc.o
                0x0800802c                USBD_FS_DeviceDescriptor
 .text.USBD_FS_LangIDStrDescriptor
                0x08008050       0x24 ./USB_DEVICE/App/usbd_desc.o
                0x08008050                USBD_FS_LangIDStrDescriptor
 .text.USBD_FS_ProductStrDescriptor
                0x08008074       0x3c ./USB_DEVICE/App/usbd_desc.o
                0x08008074                USBD_FS_ProductStrDescriptor
 .text.USBD_FS_ManufacturerStrDescriptor
                0x080080b0       0x28 ./USB_DEVICE/App/usbd_desc.o
                0x080080b0                USBD_FS_ManufacturerStrDescriptor
 .text.USBD_FS_SerialStrDescriptor
                0x080080d8       0x24 ./USB_DEVICE/App/usbd_desc.o
                0x080080d8                USBD_FS_SerialStrDescriptor
 .text.USBD_FS_ConfigStrDescriptor
                0x080080fc       0x3c ./USB_DEVICE/App/usbd_desc.o
                0x080080fc                USBD_FS_ConfigStrDescriptor
 .text.USBD_FS_InterfaceStrDescriptor
                0x08008138       0x3c ./USB_DEVICE/App/usbd_desc.o
                0x08008138                USBD_FS_InterfaceStrDescriptor
 .text.Get_SerialNum
                0x08008174       0x58 ./USB_DEVICE/App/usbd_desc.o
 .text.IntToUnicode
                0x080081cc       0x7e ./USB_DEVICE/App/usbd_desc.o
 *fill*         0x0800824a        0x2 
 .text.HAL_PCD_MspInit
                0x0800824c       0xa8 ./USB_DEVICE/Target/usbd_conf.o
                0x0800824c                HAL_PCD_MspInit
 .text.HAL_PCD_SetupStageCallback
                0x080082f4       0x24 ./USB_DEVICE/Target/usbd_conf.o
                0x080082f4                HAL_PCD_SetupStageCallback
 .text.HAL_PCD_DataOutStageCallback
                0x08008318       0x36 ./USB_DEVICE/Target/usbd_conf.o
                0x08008318                HAL_PCD_DataOutStageCallback
 .text.HAL_PCD_DataInStageCallback
                0x0800834e       0x34 ./USB_DEVICE/Target/usbd_conf.o
                0x0800834e                HAL_PCD_DataInStageCallback
 .text.HAL_PCD_SOFCallback
                0x08008382       0x1c ./USB_DEVICE/Target/usbd_conf.o
                0x08008382                HAL_PCD_SOFCallback
 .text.HAL_PCD_ResetCallback
                0x0800839e       0x50 ./USB_DEVICE/Target/usbd_conf.o
                0x0800839e                HAL_PCD_ResetCallback
 *fill*         0x080083ee        0x2 
 .text.HAL_PCD_SuspendCallback
                0x080083f0       0x4c ./USB_DEVICE/Target/usbd_conf.o
                0x080083f0                HAL_PCD_SuspendCallback
 .text.HAL_PCD_ResumeCallback
                0x0800843c       0x1c ./USB_DEVICE/Target/usbd_conf.o
                0x0800843c                HAL_PCD_ResumeCallback
 .text.HAL_PCD_ISOOUTIncompleteCallback
                0x08008458       0x24 ./USB_DEVICE/Target/usbd_conf.o
                0x08008458                HAL_PCD_ISOOUTIncompleteCallback
 .text.HAL_PCD_ISOINIncompleteCallback
                0x0800847c       0x24 ./USB_DEVICE/Target/usbd_conf.o
                0x0800847c                HAL_PCD_ISOINIncompleteCallback
 .text.HAL_PCD_ConnectCallback
                0x080084a0       0x1c ./USB_DEVICE/Target/usbd_conf.o
                0x080084a0                HAL_PCD_ConnectCallback
 .text.HAL_PCD_DisconnectCallback
                0x080084bc       0x1c ./USB_DEVICE/Target/usbd_conf.o
                0x080084bc                HAL_PCD_DisconnectCallback
 .text.USBD_LL_Init
                0x080084d8       0x98 ./USB_DEVICE/Target/usbd_conf.o
                0x080084d8                USBD_LL_Init
 .text.USBD_LL_Start
                0x08008570       0x36 ./USB_DEVICE/Target/usbd_conf.o
                0x08008570                USBD_LL_Start
 .text.USBD_LL_OpenEP
                0x080085a6       0x4c ./USB_DEVICE/Target/usbd_conf.o
                0x080085a6                USBD_LL_OpenEP
 .text.USBD_LL_CloseEP
                0x080085f2       0x3e ./USB_DEVICE/Target/usbd_conf.o
                0x080085f2                USBD_LL_CloseEP
 .text.USBD_LL_StallEP
                0x08008630       0x3e ./USB_DEVICE/Target/usbd_conf.o
                0x08008630                USBD_LL_StallEP
 .text.USBD_LL_ClearStallEP
                0x0800866e       0x3e ./USB_DEVICE/Target/usbd_conf.o
                0x0800866e                USBD_LL_ClearStallEP
 .text.USBD_LL_IsStallEP
                0x080086ac       0x58 ./USB_DEVICE/Target/usbd_conf.o
                0x080086ac                USBD_LL_IsStallEP
 .text.USBD_LL_SetUSBAddress
                0x08008704       0x3e ./USB_DEVICE/Target/usbd_conf.o
                0x08008704                USBD_LL_SetUSBAddress
 .text.USBD_LL_Transmit
                0x08008742       0x42 ./USB_DEVICE/Target/usbd_conf.o
                0x08008742                USBD_LL_Transmit
 .text.USBD_LL_PrepareReceive
                0x08008784       0x42 ./USB_DEVICE/Target/usbd_conf.o
                0x08008784                USBD_LL_PrepareReceive
 *fill*         0x080087c6        0x2 
 .text.USBD_static_malloc
                0x080087c8       0x1c ./USB_DEVICE/Target/usbd_conf.o
                0x080087c8                USBD_static_malloc
 .text.USBD_static_free
                0x080087e4       0x14 ./USB_DEVICE/Target/usbd_conf.o
                0x080087e4                USBD_static_free
 .text.USBD_Get_USB_Status
                0x080087f8       0x58 ./USB_DEVICE/Target/usbd_conf.o
                0x080087f8                USBD_Get_USB_Status
 .text.memset   0x08008850       0x10 D:/Programs/STMicroelectronics/STM32CubeIDE_1.14.0/STM32CubeIDE/plugins/com.st.stm32cube.ide.mcu.externaltools.gnu-tools-for-stm32.13.3.rel1.win32_1.0.0.202411081344/tools/bin/../lib/gcc/arm-none-eabi/13.3.1/../../../../arm-none-eabi/lib/thumb/v7e-m+fp/hard\libc_nano.a(libc_a-memset.o)
                0x08008850                memset
 .text.__libc_init_array
                0x08008860       0x48 D:/Programs/STMicroelectronics/STM32CubeIDE_1.14.0/STM32CubeIDE/plugins/com.st.stm32cube.ide.mcu.externaltools.gnu-tools-for-stm32.13.3.rel1.win32_1.0.0.202411081344/tools/bin/../lib/gcc/arm-none-eabi/13.3.1/../../../../arm-none-eabi/lib/thumb/v7e-m+fp/hard\libc_nano.a(libc_a-init.o)
                0x08008860                __libc_init_array
 *(.glue_7)
 .glue_7        0x080088a8        0x0 linker stubs
 *(.glue_7t)
 .glue_7t       0x080088a8        0x0 linker stubs
 *(.eh_frame)
 .eh_frame      0x080088a8        0x0 D:/Programs/STMicroelectronics/STM32CubeIDE_1.14.0/STM32CubeIDE/plugins/com.st.stm32cube.ide.mcu.externaltools.gnu-tools-for-stm32.13.3.rel1.win32_1.0.0.202411081344/tools/bin/../lib/gcc/arm-none-eabi/13.3.1/thumb/v7e-m+fp/hard/crtbegin.o
 *(.init)
 .init          0x080088a8        0x4 D:/Programs/STMicroelectronics/STM32CubeIDE_1.14.0/STM32CubeIDE/plugins/com.st.stm32cube.ide.mcu.externaltools.gnu-tools-for-stm32.13.3.rel1.win32_1.0.0.202411081344/tools/bin/../lib/gcc/arm-none-eabi/13.3.1/thumb/v7e-m+fp/hard/crti.o
                0x080088a8                _init
 .init          0x080088ac        0x8 D:/Programs/STMicroelectronics/STM32CubeIDE_1.14.0/STM32CubeIDE/plugins/com.st.stm32cube.ide.mcu.externaltools.gnu-tools-for-stm32.13.3.rel1.win32_1.0.0.202411081344/tools/bin/../lib/gcc/arm-none-eabi/13.3.1/thumb/v7e-m+fp/hard/crtn.o
 *(.fini)
 .fini          0x080088b4        0x4 D:/Programs/STMicroelectronics/STM32CubeIDE_1.14.0/STM32CubeIDE/plugins/com.st.stm32cube.ide.mcu.externaltools.gnu-tools-for-stm32.13.3.rel1.win32_1.0.0.202411081344/tools/bin/../lib/gcc/arm-none-eabi/13.3.1/thumb/v7e-m+fp/hard/crti.o
                0x080088b4                _fini
 .fini          0x080088b8        0x8 D:/Programs/STMicroelectronics/STM32CubeIDE_1.14.0/STM32CubeIDE/plugins/com.st.stm32cube.ide.mcu.externaltools.gnu-tools-for-stm32.13.3.rel1.win32_1.0.0.202411081344/tools/bin/../lib/gcc/arm-none-eabi/13.3.1/thumb/v7e-m+fp/hard/crtn.o
                0x080088c0                        . = ALIGN (0x4)
                0x080088c0                        _etext = .

.vfp11_veneer   0x080088c0        0x0
 .vfp11_veneer  0x080088c0        0x0 linker stubs

.v4_bx          0x080088c0        0x0
 .v4_bx         0x080088c0        0x0 linker stubs

.iplt           0x080088c0        0x0
 .iplt          0x080088c0        0x0 D:/Programs/STMicroelectronics/STM32CubeIDE_1.14.0/STM32CubeIDE/plugins/com.st.stm32cube.ide.mcu.externaltools.gnu-tools-for-stm32.13.3.rel1.win32_1.0.0.202411081344/tools/bin/../lib/gcc/arm-none-eabi/13.3.1/thumb/v7e-m+fp/hard/crtbegin.o

.rodata         0x080088c0       0x78
                0x080088c0                        . = ALIGN (0x4)
 *(.rodata)
 .rodata        0x080088c0       0x5d ./USB_DEVICE/App/usbd_desc.o
 *(.rodata*)
 *fill*         0x0800891d        0x3 
 .rodata.AHBPrescTable
                0x08008920       0x10 ./Core/Src/system_stm32f4xx.o
                0x08008920                AHBPrescTable
 .rodata.flagBitshiftOffset.0
                0x08008930        0x8 ./Drivers/STM32F4xx_HAL_Driver/Src/stm32f4xx_hal_dma.o
                0x08008938                        . = ALIGN (0x4)

.ARM.extab      0x08008938        0x0
                0x08008938                        . = ALIGN (0x4)
 *(.ARM.extab* .gnu.linkonce.armextab.*)
                0x08008938                        . = ALIGN (0x4)

.ARM            0x08008938        0x8
                0x08008938                        . = ALIGN (0x4)
                0x08008938                        __exidx_start = .
 *(.ARM.exidx*)
 .ARM.exidx     0x08008938        0x8 D:/Programs/STMicroelectronics/STM32CubeIDE_1.14.0/STM32CubeIDE/plugins/com.st.stm32cube.ide.mcu.externaltools.gnu-tools-for-stm32.13.3.rel1.win32_1.0.0.202411081344/tools/bin/../lib/gcc/arm-none-eabi/13.3.1/thumb/v7e-m+fp/hard\libgcc.a(_udivmoddi4.o)
                0x08008940                        __exidx_end = .
                0x08008940                        . = ALIGN (0x4)

.preinit_array  0x08008940        0x0
                0x08008940                        . = ALIGN (0x4)
                0x08008940                        PROVIDE (__preinit_array_start = .)
 *(.preinit_array*)
                0x08008940                        PROVIDE (__preinit_array_end = .)
                0x08008940                        . = ALIGN (0x4)

.init_array     0x08008940        0x4
                0x08008940                        . = ALIGN (0x4)
                0x08008940                        PROVIDE (__init_array_start = .)
 *(SORT_BY_NAME(.init_array.*))
 *(.init_array*)
 .init_array    0x08008940        0x4 D:/Programs/STMicroelectronics/STM32CubeIDE_1.14.0/STM32CubeIDE/plugins/com.st.stm32cube.ide.mcu.externaltools.gnu-tools-for-stm32.13.3.rel1.win32_1.0.0.202411081344/tools/bin/../lib/gcc/arm-none-eabi/13.3.1/thumb/v7e-m+fp/hard/crtbegin.o
                0x08008944                        PROVIDE (__init_array_end = .)
                0x08008944                        . = ALIGN (0x4)

.fini_array     0x08008944        0x4
                0x08008944                        . = ALIGN (0x4)
                [!provide]                        PROVIDE (__fini_array_start = .)
 *(SORT_BY_NAME(.fini_array.*))
 *(.fini_array*)
 .fini_array    0x08008944        0x4 D:/Programs/STMicroelectronics/STM32CubeIDE_1.14.0/STM32CubeIDE/plugins/com.st.stm32cube.ide.mcu.externaltools.gnu-tools-for-stm32.13.3.rel1.win32_1.0.0.202411081344/tools/bin/../lib/gcc/arm-none-eabi/13.3.1/thumb/v7e-m+fp/hard/crtbegin.o
                [!provide]                        PROVIDE (__fini_array_end = .)
                0x08008948                        . = ALIGN (0x4)
                0x08008948                        _sidata = LOADADDR (.data)

.rel.dyn        0x08008948        0x0
 .rel.iplt      0x08008948        0x0 D:/Programs/STMicroelectronics/STM32CubeIDE_1.14.0/STM32CubeIDE/plugins/com.st.stm32cube.ide.mcu.externaltools.gnu-tools-for-stm32.13.3.rel1.win32_1.0.0.202411081344/tools/bin/../lib/gcc/arm-none-eabi/13.3.1/thumb/v7e-m+fp/hard/crtbegin.o

.data           0x20000000      0x120 load address 0x08008948
                0x20000000                        . = ALIGN (0x4)
                0x20000000                        _sdata = .
 *(.data)
 *(.data*)
 .data.SystemCoreClock
                0x20000000        0x4 ./Core/Src/system_stm32f4xx.o
                0x20000000                SystemCoreClock
 .data.uwTickPrio
                0x20000004        0x4 ./Drivers/STM32F4xx_HAL_Driver/Src/stm32f4xx_hal.o
                0x20000004                uwTickPrio
 .data.uwTickFreq
                0x20000008        0x1 ./Drivers/STM32F4xx_HAL_Driver/Src/stm32f4xx_hal.o
                0x20000008                uwTickFreq
 *fill*         0x20000009        0x3 
 .data.USBD_CUSTOM_HID
                0x2000000c       0x38 ./Middlewares/ST/STM32_USB_Device_Library/Class/CustomHID/Src/usbd_customhid.o
                0x2000000c                USBD_CUSTOM_HID
 .data.USBD_CUSTOM_HID_CfgDesc
                0x20000044       0x29 ./Middlewares/ST/STM32_USB_Device_Library/Class/CustomHID/Src/usbd_customhid.o
 *fill*         0x2000006d        0x3 
 .data.USBD_CUSTOM_HID_Desc
                0x20000070        0x9 ./Middlewares/ST/STM32_USB_Device_Library/Class/CustomHID/Src/usbd_customhid.o
 *fill*         0x20000079        0x3 
 .data.USBD_CUSTOM_HID_DeviceQualifierDesc
                0x2000007c        0xa ./Middlewares/ST/STM32_USB_Device_Library/Class/CustomHID/Src/usbd_customhid.o
 .data.CUSTOMHIDInEpAdd
                0x20000086        0x1 ./Middlewares/ST/STM32_USB_Device_Library/Class/CustomHID/Src/usbd_customhid.o
 .data.CUSTOMHIDOutEpAdd
                0x20000087        0x1 ./Middlewares/ST/STM32_USB_Device_Library/Class/CustomHID/Src/usbd_customhid.o
 .data.CUSTOM_HID_ReportDesc_FS
                0x20000088       0x37 ./USB_DEVICE/App/usbd_custom_hid_if.o
 *fill*         0x200000bf        0x1 
 .data.USBD_CustomHID_fops_FS
                0x200000c0       0x10 ./USB_DEVICE/App/usbd_custom_hid_if.o
                0x200000c0                USBD_CustomHID_fops_FS
 .data.FS_Desc  0x200000d0       0x1c ./USB_DEVICE/App/usbd_desc.o
                0x200000d0                FS_Desc
 .data.USBD_FS_DeviceDesc
                0x200000ec       0x12 ./USB_DEVICE/App/usbd_desc.o
                0x200000ec                USBD_FS_DeviceDesc
 *fill*         0x200000fe        0x2 
 .data.USBD_LangIDDesc
                0x20000100        0x4 ./USB_DEVICE/App/usbd_desc.o
                0x20000100                USBD_LangIDDesc
 .data.USBD_StringSerial
                0x20000104       0x1a ./USB_DEVICE/App/usbd_desc.o
                0x20000104                USBD_StringSerial
 *(.RamFunc)
 *(.RamFunc*)
                0x20000120                        . = ALIGN (0x4)
 *fill*         0x2000011e        0x2 
                0x20000120                        _edata = .
                0x08008a68                        _siccmram = LOADADDR (.ccmram)

.igot.plt       0x20000120        0x0 load address 0x08008a68
 .igot.plt      0x20000120        0x0 D:/Programs/STMicroelectronics/STM32CubeIDE_1.14.0/STM32CubeIDE/plugins/com.st.stm32cube.ide.mcu.externaltools.gnu-tools-for-stm32.13.3.rel1.win32_1.0.0.202411081344/tools/bin/../lib/gcc/arm-none-eabi/13.3.1/thumb/v7e-m+fp/hard/crtbegin.o

.ccmram         0x10000000        0x0 load address 0x08008a68
                0x10000000                        . = ALIGN (0x4)
                0x10000000                        _sccmram = .
 *(.ccmram)
 *(.ccmram*)
                0x10000000                        . = ALIGN (0x4)
                0x10000000                        _eccmram = .
                0x10000000                        . = ALIGN (0x4)

.bss            0x20000120      0xb24
                0x20000120                        _sbss = .
                0x20000120                        __bss_start__ = _sbss
 *(.bss)
 .bss           0x20000120       0x1c D:/Programs/STMicroelectronics/STM32CubeIDE_1.14.0/STM32CubeIDE/plugins/com.st.stm32cube.ide.mcu.externaltools.gnu-tools-for-stm32.13.3.rel1.win32_1.0.0.202411081344/tools/bin/../lib/gcc/arm-none-eabi/13.3.1/thumb/v7e-m+fp/hard/crtbegin.o
 *(.bss*)
 .bss.game_controller
                0x2000013c        0x6 ./Core/Src/game_controller.o
                0x2000013c                game_controller
 *fill*         0x20000142        0x2 
 .bss.hadc1     0x20000144       0x48 ./Core/Src/main.o
                0x20000144                hadc1
 .bss.hdma_adc1
                0x2000018c       0x60 ./Core/Src/main.o
                0x2000018c                hdma_adc1
 .bss.htim3     0x200001ec       0x48 ./Core/Src/main.o
                0x200001ec                htim3
 .bss.adcBuf    0x20000234        0x4 ./Core/Src/main.o
                0x20000234                adcBuf
 .bss.btn1      0x20000238        0x1 ./Core/Src/main.o
                0x20000238                btn1
 .bss.btn2      0x20000239        0x1 ./Core/Src/main.o
                0x20000239                btn2
 .bss.btn3      0x2000023a        0x1 ./Core/Src/main.o
                0x2000023a                btn3
 .bss.btn4      0x2000023b        0x1 ./Core/Src/main.o
                0x2000023b                btn4
 .bss.btn5      0x2000023c        0x1 ./Core/Src/main.o
                0x2000023c                btn5
 .bss.btn6      0x2000023d        0x1 ./Core/Src/main.o
                0x2000023d                btn6
 .bss.btn7      0x2000023e        0x1 ./Core/Src/main.o
                0x2000023e                btn7
 .bss.btn8      0x2000023f        0x1 ./Core/Src/main.o
                0x2000023f                btn8
 .bss.btn9      0x20000240        0x1 ./Core/Src/main.o
                0x20000240                btn9
 .bss.btn10     0x20000241        0x1 ./Core/Src/main.o
                0x20000241                btn10
 *fill*         0x20000242        0x2 
 .bss.uwTick    0x20000244        0x4 ./Drivers/STM32F4xx_HAL_Driver/Src/stm32f4xx_hal.o
                0x20000244                uwTick
 .bss.cfgidx.0  0x20000248        0x1 ./Middlewares/ST/STM32_USB_Device_Library/Core/Src/usbd_ctlreq.o
 *fill*         0x20000249        0x3 
 .bss.hUsbDeviceFS
                0x2000024c      0x2dc ./USB_DEVICE/App/usb_device.o
                0x2000024c                hUsbDeviceFS
 .bss.USBD_StrDesc
                0x20000528      0x200 ./USB_DEVICE/App/usbd_desc.o
                0x20000528                USBD_StrDesc
 .bss.hpcd_USB_OTG_FS
                0x20000728      0x4e4 ./USB_DEVICE/Target/usbd_conf.o
                0x20000728                hpcd_USB_OTG_FS
 .bss.mem.0     0x20000c0c       0x38 ./USB_DEVICE/Target/usbd_conf.o
 *(COMMON)
                0x20000c44                        . = ALIGN (0x4)
                0x20000c44                        _ebss = .
                0x20000c44                        __bss_end__ = _ebss

._user_heap_stack
                0x20000c44      0x604
                0x20000c48                        . = ALIGN (0x8)
 *fill*         0x20000c44        0x4 
                [!provide]                        PROVIDE (end = .)
                0x20000c48                        PROVIDE (_end = .)
                0x20000e48                        . = (. + _Min_Heap_Size)
 *fill*         0x20000c48      0x200 
                0x20001248                        . = (. + _Min_Stack_Size)
 *fill*         0x20000e48      0x400 
                0x20001248                        . = ALIGN (0x8)

/DISCARD/
 libc.a(*)
 libm.a(*)
 libgcc.a(*)

.ARM.attributes
                0x00000000       0x30
 *(.ARM.attributes)
 .ARM.attributes
                0x00000000       0x22 D:/Programs/STMicroelectronics/STM32CubeIDE_1.14.0/STM32CubeIDE/plugins/com.st.stm32cube.ide.mcu.externaltools.gnu-tools-for-stm32.13.3.rel1.win32_1.0.0.202411081344/tools/bin/../lib/gcc/arm-none-eabi/13.3.1/thumb/v7e-m+fp/hard/crti.o
 .ARM.attributes
                0x00000022       0x34 D:/Programs/STMicroelectronics/STM32CubeIDE_1.14.0/STM32CubeIDE/plugins/com.st.stm32cube.ide.mcu.externaltools.gnu-tools-for-stm32.13.3.rel1.win32_1.0.0.202411081344/tools/bin/../lib/gcc/arm-none-eabi/13.3.1/thumb/v7e-m+fp/hard/crtbegin.o
 .ARM.attributes
                0x00000056       0x34 ./Core/Src/game_controller.o
 .ARM.attributes
                0x0000008a       0x34 ./Core/Src/main.o
 .ARM.attributes
                0x000000be       0x34 ./Core/Src/stm32f4xx_hal_msp.o
 .ARM.attributes
                0x000000f2       0x34 ./Core/Src/stm32f4xx_it.o
 .ARM.attributes
                0x00000126       0x34 ./Core/Src/system_stm32f4xx.o
 .ARM.attributes
                0x0000015a       0x21 ./Core/Startup/startup_stm32f439zitx.o
 .ARM.attributes
                0x0000017b       0x34 ./Drivers/STM32F4xx_HAL_Driver/Src/stm32f4xx_hal.o
 .ARM.attributes
                0x000001af       0x34 ./Drivers/STM32F4xx_HAL_Driver/Src/stm32f4xx_hal_adc.o
 .ARM.attributes
                0x000001e3       0x34 ./Drivers/STM32F4xx_HAL_Driver/Src/stm32f4xx_hal_adc_ex.o
 .ARM.attributes
                0x00000217       0x34 ./Drivers/STM32F4xx_HAL_Driver/Src/stm32f4xx_hal_cortex.o
 .ARM.attributes
                0x0000024b       0x34 ./Drivers/STM32F4xx_HAL_Driver/Src/stm32f4xx_hal_dma.o
 .ARM.attributes
                0x0000027f       0x34 ./Drivers/STM32F4xx_HAL_Driver/Src/stm32f4xx_hal_gpio.o
 .ARM.attributes
                0x000002b3       0x34 ./Drivers/STM32F4xx_HAL_Driver/Src/stm32f4xx_hal_pcd.o
 .ARM.attributes
                0x000002e7       0x34 ./Drivers/STM32F4xx_HAL_Driver/Src/stm32f4xx_hal_pcd_ex.o
 .ARM.attributes
                0x0000031b       0x34 ./Drivers/STM32F4xx_HAL_Driver/Src/stm32f4xx_hal_rcc.o
 .ARM.attributes
                0x0000034f       0x34 ./Drivers/STM32F4xx_HAL_Driver/Src/stm32f4xx_hal_tim.o
 .ARM.attributes
                0x00000383       0x34 ./Drivers/STM32F4xx_HAL_Driver/Src/stm32f4xx_hal_tim_ex.o
 .ARM.attributes
                0x000003b7       0x34 ./Drivers/STM32F4xx_HAL_Driver/Src/stm32f4xx_ll_usb.o
 .ARM.attributes
                0x000003eb       0x34 ./Middlewares/ST/STM32_USB_Device_Library/Class/CustomHID/Src/usbd_customhid.o
 .ARM.attributes
                0x0000041f       0x34 ./Middlewares/ST/STM32_USB_Device_Library/Core/Src/usbd_core.o
 .ARM.attributes
                0x00000453       0x34 ./Middlewares/ST/STM32_USB_Device_Library/Core/Src/usbd_ctlreq.o
 .ARM.attributes
                0x00000487       0x34 ./Middlewares/ST/STM32_USB_Device_Library/Core/Src/usbd_ioreq.o
 .ARM.attributes
                0x000004bb       0x34 ./USB_DEVICE/App/usb_device.o
 .ARM.attributes
                0x000004ef       0x34 ./USB_DEVICE/App/usbd_custom_hid_if.o
 .ARM.attributes
                0x00000523       0x34 ./USB_DEVICE/App/usbd_desc.o
 .ARM.attributes
                0x00000557       0x34 ./USB_DEVICE/Target/usbd_conf.o
 .ARM.attributes
                0x0000058b       0x34 D:/Programs/STMicroelectronics/STM32CubeIDE_1.14.0/STM32CubeIDE/plugins/com.st.stm32cube.ide.mcu.externaltools.gnu-tools-for-stm32.13.3.rel1.win32_1.0.0.202411081344/tools/bin/../lib/gcc/arm-none-eabi/13.3.1/../../../../arm-none-eabi/lib/thumb/v7e-m+fp/hard\libc_nano.a(libc_a-memset.o)
 .ARM.attributes
                0x000005bf       0x34 D:/Programs/STMicroelectronics/STM32CubeIDE_1.14.0/STM32CubeIDE/plugins/com.st.stm32cube.ide.mcu.externaltools.gnu-tools-for-stm32.13.3.rel1.win32_1.0.0.202411081344/tools/bin/../lib/gcc/arm-none-eabi/13.3.1/../../../../arm-none-eabi/lib/thumb/v7e-m+fp/hard\libc_nano.a(libc_a-init.o)
 .ARM.attributes
                0x000005f3       0x22 D:/Programs/STMicroelectronics/STM32CubeIDE_1.14.0/STM32CubeIDE/plugins/com.st.stm32cube.ide.mcu.externaltools.gnu-tools-for-stm32.13.3.rel1.win32_1.0.0.202411081344/tools/bin/../lib/gcc/arm-none-eabi/13.3.1/thumb/v7e-m+fp/hard\libgcc.a(_aeabi_uldivmod.o)
 .ARM.attributes
                0x00000615       0x34 D:/Programs/STMicroelectronics/STM32CubeIDE_1.14.0/STM32CubeIDE/plugins/com.st.stm32cube.ide.mcu.externaltools.gnu-tools-for-stm32.13.3.rel1.win32_1.0.0.202411081344/tools/bin/../lib/gcc/arm-none-eabi/13.3.1/thumb/v7e-m+fp/hard\libgcc.a(_udivmoddi4.o)
 .ARM.attributes
                0x00000649       0x22 D:/Programs/STMicroelectronics/STM32CubeIDE_1.14.0/STM32CubeIDE/plugins/com.st.stm32cube.ide.mcu.externaltools.gnu-tools-for-stm32.13.3.rel1.win32_1.0.0.202411081344/tools/bin/../lib/gcc/arm-none-eabi/13.3.1/thumb/v7e-m+fp/hard\libgcc.a(_dvmd_tls.o)
 .ARM.attributes
                0x0000066b       0x22 D:/Programs/STMicroelectronics/STM32CubeIDE_1.14.0/STM32CubeIDE/plugins/com.st.stm32cube.ide.mcu.externaltools.gnu-tools-for-stm32.13.3.rel1.win32_1.0.0.202411081344/tools/bin/../lib/gcc/arm-none-eabi/13.3.1/thumb/v7e-m+fp/hard/crtn.o
OUTPUT(button_usb.elf elf32-littlearm)
LOAD linker stubs
LOAD D:/Programs/STMicroelectronics/STM32CubeIDE_1.14.0/STM32CubeIDE/plugins/com.st.stm32cube.ide.mcu.externaltools.gnu-tools-for-stm32.13.3.rel1.win32_1.0.0.202411081344/tools/bin/../lib/gcc/arm-none-eabi/13.3.1/../../../../arm-none-eabi/lib/thumb/v7e-m+fp/hard\libc.a
LOAD D:/Programs/STMicroelectronics/STM32CubeIDE_1.14.0/STM32CubeIDE/plugins/com.st.stm32cube.ide.mcu.externaltools.gnu-tools-for-stm32.13.3.rel1.win32_1.0.0.202411081344/tools/bin/../lib/gcc/arm-none-eabi/13.3.1/../../../../arm-none-eabi/lib/thumb/v7e-m+fp/hard\libm.a
LOAD D:/Programs/STMicroelectronics/STM32CubeIDE_1.14.0/STM32CubeIDE/plugins/com.st.stm32cube.ide.mcu.externaltools.gnu-tools-for-stm32.13.3.rel1.win32_1.0.0.202411081344/tools/bin/../lib/gcc/arm-none-eabi/13.3.1/thumb/v7e-m+fp/hard\libgcc.a

.debug_info     0x00000000    0x1543f
 .debug_info    0x00000000      0x105 ./Core/Src/game_controller.o
 .debug_info    0x00000105     0x1ad5 ./Core/Src/main.o
 .debug_info    0x00001bda     0x1023 ./Core/Src/stm32f4xx_hal_msp.o
 .debug_info    0x00002bfd      0xb24 ./Core/Src/stm32f4xx_it.o
 .debug_info    0x00003721      0x52e ./Core/Src/system_stm32f4xx.o
 .debug_info    0x00003c4f       0x30 ./Core/Startup/startup_stm32f439zitx.o
 .debug_info    0x00003c7f      0x9c0 ./Drivers/STM32F4xx_HAL_Driver/Src/stm32f4xx_hal.o
 .debug_info    0x0000463f      0xcd4 ./Drivers/STM32F4xx_HAL_Driver/Src/stm32f4xx_hal_adc.o
 .debug_info    0x00005313      0xb59 ./Drivers/STM32F4xx_HAL_Driver/Src/stm32f4xx_hal_adc_ex.o
 .debug_info    0x00005e6c      0xdc8 ./Drivers/STM32F4xx_HAL_Driver/Src/stm32f4xx_hal_cortex.o
 .debug_info    0x00006c34      0x8e7 ./Drivers/STM32F4xx_HAL_Driver/Src/stm32f4xx_hal_dma.o
 .debug_info    0x0000751b      0x6db ./Drivers/STM32F4xx_HAL_Driver/Src/stm32f4xx_hal_gpio.o
 .debug_info    0x00007bf6     0x156f ./Drivers/STM32F4xx_HAL_Driver/Src/stm32f4xx_hal_pcd.o
 .debug_info    0x00009165      0x6ea ./Drivers/STM32F4xx_HAL_Driver/Src/stm32f4xx_hal_pcd_ex.o
 .debug_info    0x0000984f      0x8c7 ./Drivers/STM32F4xx_HAL_Driver/Src/stm32f4xx_hal_rcc.o
 .debug_info    0x0000a116     0x299d ./Drivers/STM32F4xx_HAL_Driver/Src/stm32f4xx_hal_tim.o
 .debug_info    0x0000cab3     0x14db ./Drivers/STM32F4xx_HAL_Driver/Src/stm32f4xx_hal_tim_ex.o
 .debug_info    0x0000df8e     0x1993 ./Drivers/STM32F4xx_HAL_Driver/Src/stm32f4xx_ll_usb.o
 .debug_info    0x0000f921      0xc53 ./Middlewares/ST/STM32_USB_Device_Library/Class/CustomHID/Src/usbd_customhid.o
 .debug_info    0x00010574      0xe05 ./Middlewares/ST/STM32_USB_Device_Library/Core/Src/usbd_core.o
 .debug_info    0x00011379      0xade ./Middlewares/ST/STM32_USB_Device_Library/Core/Src/usbd_ctlreq.o
 .debug_info    0x00011e57      0x755 ./Middlewares/ST/STM32_USB_Device_Library/Core/Src/usbd_ioreq.o
 .debug_info    0x000125ac      0x6c4 ./USB_DEVICE/App/usb_device.o
 .debug_info    0x00012c70      0x6b6 ./USB_DEVICE/App/usbd_custom_hid_if.o
 .debug_info    0x00013326      0x458 ./USB_DEVICE/App/usbd_desc.o
 .debug_info    0x0001377e     0x1cc1 ./USB_DEVICE/Target/usbd_conf.o

.debug_abbrev   0x00000000     0x37f8
 .debug_abbrev  0x00000000       0x7a ./Core/Src/game_controller.o
 .debug_abbrev  0x0000007a      0x350 ./Core/Src/main.o
 .debug_abbrev  0x000003ca      0x232 ./Core/Src/stm32f4xx_hal_msp.o
 .debug_abbrev  0x000005fc      0x1d2 ./Core/Src/stm32f4xx_it.o
 .debug_abbrev  0x000007ce      0x11a ./Core/Src/system_stm32f4xx.o
 .debug_abbrev  0x000008e8       0x24 ./Core/Startup/startup_stm32f439zitx.o
 .debug_abbrev  0x0000090c      0x214 ./Drivers/STM32F4xx_HAL_Driver/Src/stm32f4xx_hal.o
 .debug_abbrev  0x00000b20      0x252 ./Drivers/STM32F4xx_HAL_Driver/Src/stm32f4xx_hal_adc.o
 .debug_abbrev  0x00000d72      0x270 ./Drivers/STM32F4xx_HAL_Driver/Src/stm32f4xx_hal_adc_ex.o
 .debug_abbrev  0x00000fe2      0x31d ./Drivers/STM32F4xx_HAL_Driver/Src/stm32f4xx_hal_cortex.o
 .debug_abbrev  0x000012ff      0x264 ./Drivers/STM32F4xx_HAL_Driver/Src/stm32f4xx_hal_dma.o
 .debug_abbrev  0x00001563      0x1d4 ./Drivers/STM32F4xx_HAL_Driver/Src/stm32f4xx_hal_gpio.o
 .debug_abbrev  0x00001737      0x2b9 ./Drivers/STM32F4xx_HAL_Driver/Src/stm32f4xx_hal_pcd.o
 .debug_abbrev  0x000019f0      0x1da ./Drivers/STM32F4xx_HAL_Driver/Src/stm32f4xx_hal_pcd_ex.o
 .debug_abbrev  0x00001bca      0x2b7 ./Drivers/STM32F4xx_HAL_Driver/Src/stm32f4xx_hal_rcc.o
 .debug_abbrev  0x00001e81      0x278 ./Drivers/STM32F4xx_HAL_Driver/Src/stm32f4xx_hal_tim.o
 .debug_abbrev  0x000020f9      0x283 ./Drivers/STM32F4xx_HAL_Driver/Src/stm32f4xx_hal_tim_ex.o
 .debug_abbrev  0x0000237c      0x2b3 ./Drivers/STM32F4xx_HAL_Driver/Src/stm32f4xx_ll_usb.o
 .debug_abbrev  0x0000262f      0x2d0 ./Middlewares/ST/STM32_USB_Device_Library/Class/CustomHID/Src/usbd_customhid.o
 .debug_abbrev  0x000028ff      0x27c ./Middlewares/ST/STM32_USB_Device_Library/Core/Src/usbd_core.o
 .debug_abbrev  0x00002b7b      0x26f ./Middlewares/ST/STM32_USB_Device_Library/Core/Src/usbd_ctlreq.o
 .debug_abbrev  0x00002dea      0x19a ./Middlewares/ST/STM32_USB_Device_Library/Core/Src/usbd_ioreq.o
 .debug_abbrev  0x00002f84      0x194 ./USB_DEVICE/App/usb_device.o
 .debug_abbrev  0x00003118      0x1c0 ./USB_DEVICE/App/usbd_custom_hid_if.o
 .debug_abbrev  0x000032d8      0x1e1 ./USB_DEVICE/App/usbd_desc.o
 .debug_abbrev  0x000034b9      0x33f ./USB_DEVICE/Target/usbd_conf.o

.debug_aranges  0x00000000     0x12e0
 .debug_aranges
                0x00000000       0x18 ./Core/Src/game_controller.o
 .debug_aranges
                0x00000018       0x58 ./Core/Src/main.o
 .debug_aranges
                0x00000070       0x40 ./Core/Src/stm32f4xx_hal_msp.o
 .debug_aranges
                0x000000b0       0x78 ./Core/Src/stm32f4xx_it.o
 .debug_aranges
                0x00000128       0x28 ./Core/Src/system_stm32f4xx.o
 .debug_aranges
                0x00000150       0x28 ./Core/Startup/startup_stm32f439zitx.o
 .debug_aranges
                0x00000178      0x100 ./Drivers/STM32F4xx_HAL_Driver/Src/stm32f4xx_hal.o
 .debug_aranges
                0x00000278       0xe8 ./Drivers/STM32F4xx_HAL_Driver/Src/stm32f4xx_hal_adc.o
 .debug_aranges
                0x00000360       0x90 ./Drivers/STM32F4xx_HAL_Driver/Src/stm32f4xx_hal_adc_ex.o
 .debug_aranges
                0x000003f0      0x130 ./Drivers/STM32F4xx_HAL_Driver/Src/stm32f4xx_hal_cortex.o
 .debug_aranges
                0x00000520       0x90 ./Drivers/STM32F4xx_HAL_Driver/Src/stm32f4xx_hal_dma.o
 .debug_aranges
                0x000005b0       0x58 ./Drivers/STM32F4xx_HAL_Driver/Src/stm32f4xx_hal_gpio.o
 .debug_aranges
                0x00000608      0x148 ./Drivers/STM32F4xx_HAL_Driver/Src/stm32f4xx_hal_pcd.o
 .debug_aranges
                0x00000750       0x38 ./Drivers/STM32F4xx_HAL_Driver/Src/stm32f4xx_hal_pcd_ex.o
 .debug_aranges
                0x00000788       0x88 ./Drivers/STM32F4xx_HAL_Driver/Src/stm32f4xx_hal_rcc.o
 .debug_aranges
                0x00000810      0x3d0 ./Drivers/STM32F4xx_HAL_Driver/Src/stm32f4xx_hal_tim.o
 .debug_aranges
                0x00000be0      0x168 ./Drivers/STM32F4xx_HAL_Driver/Src/stm32f4xx_hal_tim_ex.o
 .debug_aranges
                0x00000d48      0x1a0 ./Drivers/STM32F4xx_HAL_Driver/Src/stm32f4xx_ll_usb.o
 .debug_aranges
                0x00000ee8       0x80 ./Middlewares/ST/STM32_USB_Device_Library/Class/CustomHID/Src/usbd_customhid.o
 .debug_aranges
                0x00000f68       0xd8 ./Middlewares/ST/STM32_USB_Device_Library/Core/Src/usbd_core.o
 .debug_aranges
                0x00001040       0x90 ./Middlewares/ST/STM32_USB_Device_Library/Core/Src/usbd_ctlreq.o
 .debug_aranges
                0x000010d0       0x50 ./Middlewares/ST/STM32_USB_Device_Library/Core/Src/usbd_ioreq.o
 .debug_aranges
                0x00001120       0x20 ./USB_DEVICE/App/usb_device.o
 .debug_aranges
                0x00001140       0x30 ./USB_DEVICE/App/usbd_custom_hid_if.o
 .debug_aranges
                0x00001170       0x60 ./USB_DEVICE/App/usbd_desc.o
 .debug_aranges
                0x000011d0      0x110 ./USB_DEVICE/Target/usbd_conf.o

.debug_macro    0x00000000    0x27f8f
 .debug_macro   0x00000000       0x6d ./Core/Src/game_controller.o
 .debug_macro   0x0000006d      0xad8 ./Core/Src/game_controller.o
 .debug_macro   0x00000b45       0x22 ./Core/Src/game_controller.o
 .debug_macro   0x00000b67       0x8e ./Core/Src/game_controller.o
 .debug_macro   0x00000bf5       0x51 ./Core/Src/game_controller.o
 .debug_macro   0x00000c46      0x103 ./Core/Src/game_controller.o
 .debug_macro   0x00000d49       0x6a ./Core/Src/game_controller.o
 .debug_macro   0x00000db3      0x1df ./Core/Src/game_controller.o
 .debug_macro   0x00000f92      0x393 ./Core/Src/main.o
 .debug_macro   0x00001325      0x2a1 ./Core/Src/main.o
 .debug_macro   0x000015c6       0x2e ./Core/Src/main.o
 .debug_macro   0x000015f4       0x28 ./Core/Src/main.o
 .debug_macro   0x0000161c       0x1c ./Core/Src/main.o
 .debug_macro   0x00001638       0x22 ./Core/Src/main.o
 .debug_macro   0x0000165a       0xfb ./Core/Src/main.o
 .debug_macro   0x00001755     0x1011 ./Core/Src/main.o
 .debug_macro   0x00002766      0x11f ./Core/Src/main.o
 .debug_macro   0x00002885    0x18622 ./Core/Src/main.o
 .debug_macro   0x0001aea7       0x6d ./Core/Src/main.o
 .debug_macro   0x0001af14     0x3711 ./Core/Src/main.o
 .debug_macro   0x0001e625      0x190 ./Core/Src/main.o
 .debug_macro   0x0001e7b5       0x5c ./Core/Src/main.o
 .debug_macro   0x0001e811      0xd2a ./Core/Src/main.o
 .debug_macro   0x0001f53b      0x9e9 ./Core/Src/main.o
 .debug_macro   0x0001ff24      0x115 ./Core/Src/main.o
 .debug_macro   0x00020039      0x156 ./Core/Src/main.o
 .debug_macro   0x0002018f       0xa5 ./Core/Src/main.o
 .debug_macro   0x00020234      0x182 ./Core/Src/main.o
 .debug_macro   0x000203b6      0x287 ./Core/Src/main.o
 .debug_macro   0x0002063d       0x5f ./Core/Src/main.o
 .debug_macro   0x0002069c      0x236 ./Core/Src/main.o
 .debug_macro   0x000208d2      0xb54 ./Core/Src/main.o
 .debug_macro   0x00021426      0x38b ./Core/Src/main.o
 .debug_macro   0x000217b1      0x184 ./Core/Src/main.o
 .debug_macro   0x00021935       0xf9 ./Core/Src/main.o
 .debug_macro   0x00021a2e      0x132 ./Core/Src/main.o
 .debug_macro   0x00021b60      0x41d ./Core/Src/main.o
 .debug_macro   0x00021f7d       0x2e ./Core/Src/main.o
 .debug_macro   0x00021fab      0x127 ./Core/Src/main.o
 .debug_macro   0x000220d2       0xe2 ./Core/Src/main.o
 .debug_macro   0x000221b4       0x89 ./Core/Src/main.o
 .debug_macro   0x0002223d      0x8ed ./Core/Src/main.o
 .debug_macro   0x00022b2a       0x4d ./Core/Src/main.o
 .debug_macro   0x00022b77      0x293 ./Core/Src/main.o
 .debug_macro   0x00022e0a       0xba ./Core/Src/main.o
 .debug_macro   0x00022ec4      0x134 ./Core/Src/main.o
 .debug_macro   0x00022ff8       0x88 ./Core/Src/main.o
 .debug_macro   0x00023080       0x61 ./Core/Src/main.o
 .debug_macro   0x000230e1       0x2a ./Core/Src/main.o
 .debug_macro   0x0002310b       0x43 ./Core/Src/main.o
 .debug_macro   0x0002314e       0x34 ./Core/Src/main.o
 .debug_macro   0x00023182       0x16 ./Core/Src/main.o
 .debug_macro   0x00023198       0x3c ./Core/Src/main.o
 .debug_macro   0x000231d4      0x370 ./Core/Src/main.o
 .debug_macro   0x00023544       0x10 ./Core/Src/main.o
 .debug_macro   0x00023554       0x16 ./Core/Src/main.o
 .debug_macro   0x0002356a       0x4a ./Core/Src/main.o
 .debug_macro   0x000235b4       0x34 ./Core/Src/main.o
 .debug_macro   0x000235e8       0x10 ./Core/Src/main.o
 .debug_macro   0x000235f8       0x58 ./Core/Src/main.o
 .debug_macro   0x00023650       0x8e ./Core/Src/main.o
 .debug_macro   0x000236de       0x1c ./Core/Src/main.o
 .debug_macro   0x000236fa      0x185 ./Core/Src/main.o
 .debug_macro   0x0002387f       0x16 ./Core/Src/main.o
 .debug_macro   0x00023895       0x16 ./Core/Src/main.o
 .debug_macro   0x000238ab      0x146 ./Core/Src/main.o
 .debug_macro   0x000239f1       0x16 ./Core/Src/main.o
 .debug_macro   0x00023a07       0x16 ./Core/Src/main.o
 .debug_macro   0x00023a1d       0x29 ./Core/Src/main.o
 .debug_macro   0x00023a46       0x16 ./Core/Src/main.o
 .debug_macro   0x00023a5c       0x20 ./Core/Src/main.o
 .debug_macro   0x00023a7c       0x78 ./Core/Src/main.o
 .debug_macro   0x00023af4      0x20f ./Core/Src/main.o
 .debug_macro   0x00023d03      0x21f ./Core/Src/stm32f4xx_hal_msp.o
 .debug_macro   0x00023f22      0x229 ./Core/Src/stm32f4xx_it.o
 .debug_macro   0x0002414b      0x210 ./Core/Src/system_stm32f4xx.o
 .debug_macro   0x0002435b      0x270 ./Drivers/STM32F4xx_HAL_Driver/Src/stm32f4xx_hal.o
 .debug_macro   0x000245cb      0x211 ./Drivers/STM32F4xx_HAL_Driver/Src/stm32f4xx_hal_adc.o
 .debug_macro   0x000247dc      0x210 ./Drivers/STM32F4xx_HAL_Driver/Src/stm32f4xx_hal_adc_ex.o
 .debug_macro   0x000249ec      0x210 ./Drivers/STM32F4xx_HAL_Driver/Src/stm32f4xx_hal_cortex.o
 .debug_macro   0x00024bfc      0x216 ./Drivers/STM32F4xx_HAL_Driver/Src/stm32f4xx_hal_dma.o
 .debug_macro   0x00024e12      0x216 ./Drivers/STM32F4xx_HAL_Driver/Src/stm32f4xx_hal_gpio.o
 .debug_macro   0x00025028      0x21c ./Drivers/STM32F4xx_HAL_Driver/Src/stm32f4xx_hal_pcd.o
 .debug_macro   0x00025244      0x210 ./Drivers/STM32F4xx_HAL_Driver/Src/stm32f4xx_hal_pcd_ex.o
 .debug_macro   0x00025454      0x234 ./Drivers/STM32F4xx_HAL_Driver/Src/stm32f4xx_hal_rcc.o
 .debug_macro   0x00025688      0x211 ./Drivers/STM32F4xx_HAL_Driver/Src/stm32f4xx_hal_tim.o
 .debug_macro   0x00025899      0x210 ./Drivers/STM32F4xx_HAL_Driver/Src/stm32f4xx_hal_tim_ex.o
 .debug_macro   0x00025aa9      0x210 ./Drivers/STM32F4xx_HAL_Driver/Src/stm32f4xx_ll_usb.o
 .debug_macro   0x00025cb9      0x3ae ./Middlewares/ST/STM32_USB_Device_Library/Class/CustomHID/Src/usbd_customhid.o
 .debug_macro   0x00026067       0x9e ./Middlewares/ST/STM32_USB_Device_Library/Class/CustomHID/Src/usbd_customhid.o
 .debug_macro   0x00026105      0x112 ./Middlewares/ST/STM32_USB_Device_Library/Class/CustomHID/Src/usbd_customhid.o
 .debug_macro   0x00026217       0x56 ./Middlewares/ST/STM32_USB_Device_Library/Class/CustomHID/Src/usbd_customhid.o
 .debug_macro   0x0002626d       0x65 ./Middlewares/ST/STM32_USB_Device_Library/Class/CustomHID/Src/usbd_customhid.o
 .debug_macro   0x000262d2      0x395 ./Middlewares/ST/STM32_USB_Device_Library/Core/Src/usbd_core.o
 .debug_macro   0x00026667      0x215 ./Middlewares/ST/STM32_USB_Device_Library/Core/Src/usbd_core.o
 .debug_macro   0x0002687c      0x39f ./Middlewares/ST/STM32_USB_Device_Library/Core/Src/usbd_ctlreq.o
 .debug_macro   0x00026c1b      0x39b ./Middlewares/ST/STM32_USB_Device_Library/Core/Src/usbd_ioreq.o
 .debug_macro   0x00026fb6      0x3cf ./USB_DEVICE/App/usb_device.o
 .debug_macro   0x00027385       0x8e ./USB_DEVICE/App/usb_device.o
 .debug_macro   0x00027413       0x22 ./USB_DEVICE/App/usb_device.o
 .debug_macro   0x00027435      0x3b4 ./USB_DEVICE/App/usbd_custom_hid_if.o
 .debug_macro   0x000277e9      0x3d8 ./USB_DEVICE/App/usbd_desc.o
 .debug_macro   0x00027bc1       0x1c ./USB_DEVICE/App/usbd_desc.o
 .debug_macro   0x00027bdd      0x3b2 ./USB_DEVICE/Target/usbd_conf.o

.debug_line     0x00000000    0x183c8
 .debug_line    0x00000000      0x3f2 ./Core/Src/game_controller.o
 .debug_line    0x000003f2      0xccc ./Core/Src/main.o
 .debug_line    0x000010be      0x858 ./Core/Src/stm32f4xx_hal_msp.o
 .debug_line    0x00001916      0x887 ./Core/Src/stm32f4xx_it.o
 .debug_line    0x0000219d      0x815 ./Core/Src/system_stm32f4xx.o
 .debug_line    0x000029b2       0x7a ./Core/Startup/startup_stm32f439zitx.o
 .debug_line    0x00002a2c      0xab8 ./Drivers/STM32F4xx_HAL_Driver/Src/stm32f4xx_hal.o
 .debug_line    0x000034e4     0x12a2 ./Drivers/STM32F4xx_HAL_Driver/Src/stm32f4xx_hal_adc.o
 .debug_line    0x00004786      0xecc ./Drivers/STM32F4xx_HAL_Driver/Src/stm32f4xx_hal_adc_ex.o
 .debug_line    0x00005652      0xd52 ./Drivers/STM32F4xx_HAL_Driver/Src/stm32f4xx_hal_cortex.o
 .debug_line    0x000063a4      0xfee ./Drivers/STM32F4xx_HAL_Driver/Src/stm32f4xx_hal_dma.o
 .debug_line    0x00007392      0xc02 ./Drivers/STM32F4xx_HAL_Driver/Src/stm32f4xx_hal_gpio.o
 .debug_line    0x00007f94     0x14c7 ./Drivers/STM32F4xx_HAL_Driver/Src/stm32f4xx_hal_pcd.o
 .debug_line    0x0000945b      0x84b ./Drivers/STM32F4xx_HAL_Driver/Src/stm32f4xx_hal_pcd_ex.o
 .debug_line    0x00009ca6      0xe91 ./Drivers/STM32F4xx_HAL_Driver/Src/stm32f4xx_hal_rcc.o
 .debug_line    0x0000ab37     0x37ff ./Drivers/STM32F4xx_HAL_Driver/Src/stm32f4xx_hal_tim.o
 .debug_line    0x0000e336     0x19e2 ./Drivers/STM32F4xx_HAL_Driver/Src/stm32f4xx_hal_tim_ex.o
 .debug_line    0x0000fd18     0x1da9 ./Drivers/STM32F4xx_HAL_Driver/Src/stm32f4xx_ll_usb.o
 .debug_line    0x00011ac1      0xe32 ./Middlewares/ST/STM32_USB_Device_Library/Class/CustomHID/Src/usbd_customhid.o
 .debug_line    0x000128f3      0xfab ./Middlewares/ST/STM32_USB_Device_Library/Core/Src/usbd_core.o
 .debug_line    0x0001389e     0x1188 ./Middlewares/ST/STM32_USB_Device_Library/Core/Src/usbd_ctlreq.o
 .debug_line    0x00014a26      0xac1 ./Middlewares/ST/STM32_USB_Device_Library/Core/Src/usbd_ioreq.o
 .debug_line    0x000154e7      0xaa0 ./USB_DEVICE/App/usb_device.o
 .debug_line    0x00015f87      0xa95 ./USB_DEVICE/App/usbd_custom_hid_if.o
 .debug_line    0x00016a1c      0xb36 ./USB_DEVICE/App/usbd_desc.o
 .debug_line    0x00017552      0xe76 ./USB_DEVICE/Target/usbd_conf.o

.debug_str      0x00000000    0xeadf3
 .debug_str     0x00000000    0xeadf3 ./Core/Src/game_controller.o
                               0x3e45 (size before relaxing)
 .debug_str     0x000eadf3    0xe66b9 ./Core/Src/main.o
 .debug_str     0x000eadf3    0xe1b82 ./Core/Src/stm32f4xx_hal_msp.o
 .debug_str     0x000eadf3    0xe1560 ./Core/Src/stm32f4xx_it.o
 .debug_str     0x000eadf3    0xe0c69 ./Core/Src/system_stm32f4xx.o
 .debug_str     0x000eadf3       0xa7 ./Core/Startup/startup_stm32f439zitx.o
 .debug_str     0x000eadf3    0xe1896 ./Drivers/STM32F4xx_HAL_Driver/Src/stm32f4xx_hal.o
 .debug_str     0x000eadf3    0xe1243 ./Drivers/STM32F4xx_HAL_Driver/Src/stm32f4xx_hal_adc.o
 .debug_str     0x000eadf3    0xe1297 ./Drivers/STM32F4xx_HAL_Driver/Src/stm32f4xx_hal_adc_ex.o
 .debug_str     0x000eadf3    0xe15c4 ./Drivers/STM32F4xx_HAL_Driver/Src/stm32f4xx_hal_cortex.o
 .debug_str     0x000eadf3    0xe1070 ./Drivers/STM32F4xx_HAL_Driver/Src/stm32f4xx_hal_dma.o
 .debug_str     0x000eadf3    0xe0de4 ./Drivers/STM32F4xx_HAL_Driver/Src/stm32f4xx_hal_gpio.o
 .debug_str     0x000eadf3    0xe1734 ./Drivers/STM32F4xx_HAL_Driver/Src/stm32f4xx_hal_pcd.o
 .debug_str     0x000eadf3    0xe1024 ./Drivers/STM32F4xx_HAL_Driver/Src/stm32f4xx_hal_pcd_ex.o
 .debug_str     0x000eadf3    0xe109d ./Drivers/STM32F4xx_HAL_Driver/Src/stm32f4xx_hal_rcc.o
 .debug_str     0x000eadf3    0xe1fe0 ./Drivers/STM32F4xx_HAL_Driver/Src/stm32f4xx_hal_tim.o
 .debug_str     0x000eadf3    0xe17ec ./Drivers/STM32F4xx_HAL_Driver/Src/stm32f4xx_hal_tim_ex.o
 .debug_str     0x000eadf3    0xe160f ./Drivers/STM32F4xx_HAL_Driver/Src/stm32f4xx_ll_usb.o
 .debug_str     0x000eadf3    0xe5b0e ./Middlewares/ST/STM32_USB_Device_Library/Class/CustomHID/Src/usbd_customhid.o
 .debug_str     0x000eadf3    0xe58a8 ./Middlewares/ST/STM32_USB_Device_Library/Core/Src/usbd_core.o
 .debug_str     0x000eadf3    0xe56d3 ./Middlewares/ST/STM32_USB_Device_Library/Core/Src/usbd_ctlreq.o
 .debug_str     0x000eadf3    0xe55a8 ./Middlewares/ST/STM32_USB_Device_Library/Core/Src/usbd_ioreq.o
 .debug_str     0x000eadf3    0xe5850 ./USB_DEVICE/App/usb_device.o
 .debug_str     0x000eadf3    0xe57ba ./USB_DEVICE/App/usbd_custom_hid_if.o
 .debug_str     0x000eadf3    0xe54bd ./USB_DEVICE/App/usbd_desc.o
 .debug_str     0x000eadf3    0xe6728 ./USB_DEVICE/Target/usbd_conf.o

.comment        0x00000000       0x43
 .comment       0x00000000       0x43 ./Core/Src/game_controller.o
                                 0x44 (size before relaxing)
 .comment       0x00000043       0x44 ./Core/Src/main.o
 .comment       0x00000043       0x44 ./Core/Src/stm32f4xx_hal_msp.o
 .comment       0x00000043       0x44 ./Core/Src/stm32f4xx_it.o
 .comment       0x00000043       0x44 ./Core/Src/system_stm32f4xx.o
 .comment       0x00000043       0x44 ./Drivers/STM32F4xx_HAL_Driver/Src/stm32f4xx_hal.o
 .comment       0x00000043       0x44 ./Drivers/STM32F4xx_HAL_Driver/Src/stm32f4xx_hal_adc.o
 .comment       0x00000043       0x44 ./Drivers/STM32F4xx_HAL_Driver/Src/stm32f4xx_hal_adc_ex.o
 .comment       0x00000043       0x44 ./Drivers/STM32F4xx_HAL_Driver/Src/stm32f4xx_hal_cortex.o
 .comment       0x00000043       0x44 ./Drivers/STM32F4xx_HAL_Driver/Src/stm32f4xx_hal_dma.o
 .comment       0x00000043       0x44 ./Drivers/STM32F4xx_HAL_Driver/Src/stm32f4xx_hal_gpio.o
 .comment       0x00000043       0x44 ./Drivers/STM32F4xx_HAL_Driver/Src/stm32f4xx_hal_pcd.o
 .comment       0x00000043       0x44 ./Drivers/STM32F4xx_HAL_Driver/Src/stm32f4xx_hal_pcd_ex.o
 .comment       0x00000043       0x44 ./Drivers/STM32F4xx_HAL_Driver/Src/stm32f4xx_hal_rcc.o
 .comment       0x00000043       0x44 ./Drivers/STM32F4xx_HAL_Driver/Src/stm32f4xx_hal_tim.o
 .comment       0x00000043       0x44 ./Drivers/STM32F4xx_HAL_Driver/Src/stm32f4xx_hal_tim_ex.o
 .comment       0x00000043       0x44 ./Drivers/STM32F4xx_HAL_Driver/Src/stm32f4xx_ll_usb.o
 .comment       0x00000043       0x44 ./Middlewares/ST/STM32_USB_Device_Library/Class/CustomHID/Src/usbd_customhid.o
 .comment       0x00000043       0x44 ./Middlewares/ST/STM32_USB_Device_Library/Core/Src/usbd_core.o
 .comment       0x00000043       0x44 ./Middlewares/ST/STM32_USB_Device_Library/Core/Src/usbd_ctlreq.o
 .comment       0x00000043       0x44 ./Middlewares/ST/STM32_USB_Device_Library/Core/Src/usbd_ioreq.o
 .comment       0x00000043       0x44 ./USB_DEVICE/App/usb_device.o
 .comment       0x00000043       0x44 ./USB_DEVICE/App/usbd_custom_hid_if.o
 .comment       0x00000043       0x44 ./USB_DEVICE/App/usbd_desc.o
 .comment       0x00000043       0x44 ./USB_DEVICE/Target/usbd_conf.o

.debug_rnglists
                0x00000000      0xe54
 .debug_rnglists
                0x00000000       0x42 ./Core/Src/main.o
 .debug_rnglists
                0x00000042       0x2c ./Core/Src/stm32f4xx_hal_msp.o
 .debug_rnglists
                0x0000006e       0x55 ./Core/Src/stm32f4xx_it.o
 .debug_rnglists
                0x000000c3       0x1a ./Core/Src/system_stm32f4xx.o
 .debug_rnglists
                0x000000dd       0x19 ./Core/Startup/startup_stm32f439zitx.o
 .debug_rnglists
                0x000000f6       0xbb ./Drivers/STM32F4xx_HAL_Driver/Src/stm32f4xx_hal.o
 .debug_rnglists
                0x000001b1       0xb5 ./Drivers/STM32F4xx_HAL_Driver/Src/stm32f4xx_hal_adc.o
 .debug_rnglists
                0x00000266       0x71 ./Drivers/STM32F4xx_HAL_Driver/Src/stm32f4xx_hal_adc_ex.o
 .debug_rnglists
                0x000002d7       0xe0 ./Drivers/STM32F4xx_HAL_Driver/Src/stm32f4xx_hal_cortex.o
 .debug_rnglists
                0x000003b7       0x70 ./Drivers/STM32F4xx_HAL_Driver/Src/stm32f4xx_hal_dma.o
 .debug_rnglists
                0x00000427       0x3f ./Drivers/STM32F4xx_HAL_Driver/Src/stm32f4xx_hal_gpio.o
 .debug_rnglists
                0x00000466       0xfa ./Drivers/STM32F4xx_HAL_Driver/Src/stm32f4xx_hal_pcd.o
 .debug_rnglists
                0x00000560       0x26 ./Drivers/STM32F4xx_HAL_Driver/Src/stm32f4xx_hal_pcd_ex.o
 .debug_rnglists
                0x00000586       0x66 ./Drivers/STM32F4xx_HAL_Driver/Src/stm32f4xx_hal_rcc.o
 .debug_rnglists
                0x000005ec      0x31a ./Drivers/STM32F4xx_HAL_Driver/Src/stm32f4xx_hal_tim.o
 .debug_rnglists
                0x00000906      0x125 ./Drivers/STM32F4xx_HAL_Driver/Src/stm32f4xx_hal_tim_ex.o
 .debug_rnglists
                0x00000a2b      0x147 ./Drivers/STM32F4xx_HAL_Driver/Src/stm32f4xx_ll_usb.o
 .debug_rnglists
                0x00000b72       0x5e ./Middlewares/ST/STM32_USB_Device_Library/Class/CustomHID/Src/usbd_customhid.o
 .debug_rnglists
                0x00000bd0       0xa1 ./Middlewares/ST/STM32_USB_Device_Library/Core/Src/usbd_core.o
 .debug_rnglists
                0x00000c71       0x6e ./Middlewares/ST/STM32_USB_Device_Library/Core/Src/usbd_ctlreq.o
 .debug_rnglists
                0x00000cdf       0x37 ./Middlewares/ST/STM32_USB_Device_Library/Core/Src/usbd_ioreq.o
 .debug_rnglists
                0x00000d16       0x13 ./USB_DEVICE/App/usb_device.o
 .debug_rnglists
                0x00000d29       0x1f ./USB_DEVICE/App/usbd_custom_hid_if.o
 .debug_rnglists
                0x00000d48       0x43 ./USB_DEVICE/App/usbd_desc.o
 .debug_rnglists
                0x00000d8b       0xc9 ./USB_DEVICE/Target/usbd_conf.o

.debug_frame    0x00000000     0x4e4c
 .debug_frame   0x00000000      0x120 ./Core/Src/main.o
 .debug_frame   0x00000120       0xd0 ./Core/Src/stm32f4xx_hal_msp.o
 .debug_frame   0x000001f0      0x158 ./Core/Src/stm32f4xx_it.o
 .debug_frame   0x00000348       0x58 ./Core/Src/system_stm32f4xx.o